/Users/bahadirbuber/Documents/GitHub/RTOS_ML_SPI/CM4/Core/Src/main.c:63:6:HAL_HSEM_FreeCallback	1
/Users/bahadirbuber/Documents/GitHub/RTOS_ML_SPI/CM4/Core/Src/main.c:73:5:main	2
/Users/bahadirbuber/Documents/GitHub/RTOS_ML_SPI/CM4/Core/Src/main.c:135:13:MX_DMA_Init	2
/Users/bahadirbuber/Documents/GitHub/RTOS_ML_SPI/CM4/Core/Src/main.c:165:13:MX_MDMA_Init	1
/Users/bahadirbuber/Documents/GitHub/RTOS_ML_SPI/CM4/Core/Src/main.c:179:13:MX_GPIO_Init	1
/Users/bahadirbuber/Documents/GitHub/RTOS_ML_SPI/CM4/Core/Src/main.c:210:6:Error_Handler	1
