/Users/bahadirbuber/Documents/GitHub/RTOS_ML_SPI/CM4/Core/Src/main.c:73:1:__io_putchar	16	static
/Users/bahadirbuber/Documents/GitHub/RTOS_ML_SPI/CM4/Core/Src/main.c:81:6:HAL_HSEM_FreeCallback	16	static
/Users/bahadirbuber/Documents/GitHub/RTOS_ML_SPI/CM4/Core/Src/main.c:91:5:main	160	static
/Users/bahadirbuber/Documents/GitHub/RTOS_ML_SPI/CM4/Core/Src/main.c:170:13:MX_USART3_UART_Init	8	static
/Users/bahadirbuber/Documents/GitHub/RTOS_ML_SPI/CM4/Core/Src/main.c:218:13:MX_DMA_Init	16	static
/Users/bahadirbuber/Documents/GitHub/RTOS_ML_SPI/CM4/Core/Src/main.c:253:13:MX_MDMA_Init	16	static
/Users/bahadirbuber/Documents/GitHub/RTOS_ML_SPI/CM4/Core/Src/main.c:263:6:MX_FMC_Init	40	static
/Users/bahadirbuber/Documents/GitHub/RTOS_ML_SPI/CM4/Core/Src/main.c:314:13:MX_GPIO_Init	40	static
/Users/bahadirbuber/Documents/GitHub/RTOS_ML_SPI/CM4/Core/Src/main.c:344:6:MPU_Config	24	static
/Users/bahadirbuber/Documents/GitHub/RTOS_ML_SPI/CM4/Core/Src/main.c:375:6:Error_Handler	4	static,ignoring_inline_asm
