/Users/bahadirbuber/Documents/GitHub/RTOS_ML_SPI/CM4/Core/Src/main.c:63:6:HAL_HSEM_FreeCallback	1
/Users/bahadirbuber/Documents/GitHub/RTOS_ML_SPI/CM4/Core/Src/main.c:80:5:main	8
/Users/bahadirbuber/Documents/GitHub/RTOS_ML_SPI/CM4/Core/Src/main.c:209:13:MX_DMA_Init	2
/Users/bahadirbuber/Documents/GitHub/RTOS_ML_SPI/CM4/Core/Src/main.c:239:13:MX_MDMA_Init	1
/Users/bahadirbuber/Documents/GitHub/RTOS_ML_SPI/CM4/Core/Src/main.c:253:13:MX_GPIO_Init	1
/Users/bahadirbuber/Documents/GitHub/RTOS_ML_SPI/CM4/Core/Src/main.c:284:6:Error_Handler	1
