Archive member included to satisfy reference by file (symbol)

/Applications/STM32CubeIDE.app/Contents/Eclipse/plugins/com.st.stm32cube.ide.mcu.externaltools.gnu-tools-for-stm32.11.3.rel1.macos64_1.1.100.202310310803/tools/bin/../lib/gcc/arm-none-eabi/11.3.1/../../../../arm-none-eabi/lib/thumb/v7e-m+fp/hard/libc_nano.a(libc_a-exit.o)
                              /Applications/STM32CubeIDE.app/Contents/Eclipse/plugins/com.st.stm32cube.ide.mcu.externaltools.gnu-tools-for-stm32.11.3.rel1.macos64_1.1.100.202310310803/tools/bin/../lib/gcc/arm-none-eabi/11.3.1/../../../../arm-none-eabi/lib/thumb/v7e-m+fp/hard/crt0.o (exit)
/Applications/STM32CubeIDE.app/Contents/Eclipse/plugins/com.st.stm32cube.ide.mcu.externaltools.gnu-tools-for-stm32.11.3.rel1.macos64_1.1.100.202310310803/tools/bin/../lib/gcc/arm-none-eabi/11.3.1/../../../../arm-none-eabi/lib/thumb/v7e-m+fp/hard/libc_nano.a(libc_a-rand.o)
                              ./Application/User/Core/main.o (srand)
/Applications/STM32CubeIDE.app/Contents/Eclipse/plugins/com.st.stm32cube.ide.mcu.externaltools.gnu-tools-for-stm32.11.3.rel1.macos64_1.1.100.202310310803/tools/bin/../lib/gcc/arm-none-eabi/11.3.1/../../../../arm-none-eabi/lib/thumb/v7e-m+fp/hard/libc_nano.a(libc_a-findfp.o)
                              /Applications/STM32CubeIDE.app/Contents/Eclipse/plugins/com.st.stm32cube.ide.mcu.externaltools.gnu-tools-for-stm32.11.3.rel1.macos64_1.1.100.202310310803/tools/bin/../lib/gcc/arm-none-eabi/11.3.1/../../../../arm-none-eabi/lib/thumb/v7e-m+fp/hard/libc_nano.a(libc_a-exit.o) (__stdio_exit_handler)
/Applications/STM32CubeIDE.app/Contents/Eclipse/plugins/com.st.stm32cube.ide.mcu.externaltools.gnu-tools-for-stm32.11.3.rel1.macos64_1.1.100.202310310803/tools/bin/../lib/gcc/arm-none-eabi/11.3.1/../../../../arm-none-eabi/lib/thumb/v7e-m+fp/hard/libc_nano.a(libc_a-fwalk.o)
                              /Applications/STM32CubeIDE.app/Contents/Eclipse/plugins/com.st.stm32cube.ide.mcu.externaltools.gnu-tools-for-stm32.11.3.rel1.macos64_1.1.100.202310310803/tools/bin/../lib/gcc/arm-none-eabi/11.3.1/../../../../arm-none-eabi/lib/thumb/v7e-m+fp/hard/libc_nano.a(libc_a-findfp.o) (_fwalk_sglue)
/Applications/STM32CubeIDE.app/Contents/Eclipse/plugins/com.st.stm32cube.ide.mcu.externaltools.gnu-tools-for-stm32.11.3.rel1.macos64_1.1.100.202310310803/tools/bin/../lib/gcc/arm-none-eabi/11.3.1/../../../../arm-none-eabi/lib/thumb/v7e-m+fp/hard/libc_nano.a(libc_a-printf.o)
                              ./Application/User/Core/main.o (printf)
/Applications/STM32CubeIDE.app/Contents/Eclipse/plugins/com.st.stm32cube.ide.mcu.externaltools.gnu-tools-for-stm32.11.3.rel1.macos64_1.1.100.202310310803/tools/bin/../lib/gcc/arm-none-eabi/11.3.1/../../../../arm-none-eabi/lib/thumb/v7e-m+fp/hard/libc_nano.a(libc_a-putchar.o)
                              ./Application/User/Core/main.o (putchar)
/Applications/STM32CubeIDE.app/Contents/Eclipse/plugins/com.st.stm32cube.ide.mcu.externaltools.gnu-tools-for-stm32.11.3.rel1.macos64_1.1.100.202310310803/tools/bin/../lib/gcc/arm-none-eabi/11.3.1/../../../../arm-none-eabi/lib/thumb/v7e-m+fp/hard/libc_nano.a(libc_a-puts.o)
                              ./Application/User/Core/main.o (puts)
/Applications/STM32CubeIDE.app/Contents/Eclipse/plugins/com.st.stm32cube.ide.mcu.externaltools.gnu-tools-for-stm32.11.3.rel1.macos64_1.1.100.202310310803/tools/bin/../lib/gcc/arm-none-eabi/11.3.1/../../../../arm-none-eabi/lib/thumb/v7e-m+fp/hard/libc_nano.a(libc_a-memset.o)
                              /Applications/STM32CubeIDE.app/Contents/Eclipse/plugins/com.st.stm32cube.ide.mcu.externaltools.gnu-tools-for-stm32.11.3.rel1.macos64_1.1.100.202310310803/tools/bin/../lib/gcc/arm-none-eabi/11.3.1/../../../../arm-none-eabi/lib/thumb/v7e-m+fp/hard/crt0.o (memset)
/Applications/STM32CubeIDE.app/Contents/Eclipse/plugins/com.st.stm32cube.ide.mcu.externaltools.gnu-tools-for-stm32.11.3.rel1.macos64_1.1.100.202310310803/tools/bin/../lib/gcc/arm-none-eabi/11.3.1/../../../../arm-none-eabi/lib/thumb/v7e-m+fp/hard/libc_nano.a(libc_a-impure.o)
                              /Applications/STM32CubeIDE.app/Contents/Eclipse/plugins/com.st.stm32cube.ide.mcu.externaltools.gnu-tools-for-stm32.11.3.rel1.macos64_1.1.100.202310310803/tools/bin/../lib/gcc/arm-none-eabi/11.3.1/../../../../arm-none-eabi/lib/thumb/v7e-m+fp/hard/libc_nano.a(libc_a-rand.o) (_impure_ptr)
/Applications/STM32CubeIDE.app/Contents/Eclipse/plugins/com.st.stm32cube.ide.mcu.externaltools.gnu-tools-for-stm32.11.3.rel1.macos64_1.1.100.202310310803/tools/bin/../lib/gcc/arm-none-eabi/11.3.1/../../../../arm-none-eabi/lib/thumb/v7e-m+fp/hard/libc_nano.a(libc_a-errno.o)
                              ./Application/User/Core/syscalls.o (__errno)
/Applications/STM32CubeIDE.app/Contents/Eclipse/plugins/com.st.stm32cube.ide.mcu.externaltools.gnu-tools-for-stm32.11.3.rel1.macos64_1.1.100.202310310803/tools/bin/../lib/gcc/arm-none-eabi/11.3.1/../../../../arm-none-eabi/lib/thumb/v7e-m+fp/hard/libc_nano.a(libc_a-init.o)
[...]
Memory Configuration

Name             Origin             Length             Attributes
FLASH            0x0000000008100000 0x0000000000100000 xr
RAM              0x0000000010000000 0x0000000000048000 xrw
*default*        0x0000000000000000 0xffffffffffffffff

Linker script and memory map

LOAD /Applications/STM32CubeIDE.app/Contents/Eclipse/plugins/com.st.stm32cube.ide.mcu.externaltools.gnu-tools-for-stm32.11.3.rel1.macos64_1.1.100.202310310803/tools/bin/../lib/gcc/arm-none-eabi/11.3.1/thumb/v7e-m+fp/hard/crti.o
LOAD /Applications/STM32CubeIDE.app/Contents/Eclipse/plugins/com.st.stm32cube.ide.mcu.externaltools.gnu-tools-for-stm32.11.3.rel1.macos64_1.1.100.202310310803/tools/bin/../lib/gcc/arm-none-eabi/11.3.1/thumb/v7e-m+fp/hard/crtbegin.o
LOAD /Applications/STM32CubeIDE.app/Contents/Eclipse/plugins/com.st.stm32cube.ide.mcu.externaltools.gnu-tools-for-stm32.11.3.rel1.macos64_1.1.100.202310310803/tools/bin/../lib/gcc/arm-none-eabi/11.3.1/../../../../arm-none-eabi/lib/thumb/v7e-m+fp/hard/crt0.o
LOAD ./Application/User/Core/main.o
LOAD ./Application/User/Core/stm32h7xx_hal_msp.o
LOAD ./Application/User/Core/stm32h7xx_it.o
LOAD ./Application/User/Core/syscalls.o
LOAD ./Application/User/Core/sysmem.o
LOAD ./Application/User/Startup/startup_stm32h745xihx.o
LOAD ./Application/User/X-CUBE-AI/App/network.o
LOAD ./Application/User/X-CUBE-AI/App/network_data.o
LOAD ./Application/User/X-CUBE-AI/App/network_data_params.o
LOAD ./Drivers/CMSIS/system_stm32h7xx_dualcore_boot_cm4_cm7.o
LOAD ./Drivers/STM32H7xx_HAL_Driver/stm32h7xx_hal.o
LOAD ./Drivers/STM32H7xx_HAL_Driver/stm32h7xx_hal_cortex.o
LOAD ./Drivers/STM32H7xx_HAL_Driver/stm32h7xx_hal_dma.o
LOAD ./Drivers/STM32H7xx_HAL_Driver/stm32h7xx_hal_dma_ex.o
LOAD ./Drivers/STM32H7xx_HAL_Driver/stm32h7xx_hal_exti.o
LOAD ./Drivers/STM32H7xx_HAL_Driver/stm32h7xx_hal_flash.o
LOAD ./Drivers/STM32H7xx_HAL_Driver/stm32h7xx_hal_flash_ex.o
LOAD ./Drivers/STM32H7xx_HAL_Driver/stm32h7xx_hal_gpio.o
LOAD ./Drivers/STM32H7xx_HAL_Driver/stm32h7xx_hal_hsem.o
LOAD ./Drivers/STM32H7xx_HAL_Driver/stm32h7xx_hal_i2c.o
LOAD ./Drivers/STM32H7xx_HAL_Driver/stm32h7xx_hal_i2c_ex.o
LOAD ./Drivers/STM32H7xx_HAL_Driver/stm32h7xx_hal_mdma.o
LOAD ./Drivers/STM32H7xx_HAL_Driver/stm32h7xx_hal_pwr.o
LOAD ./Drivers/STM32H7xx_HAL_Driver/stm32h7xx_hal_pwr_ex.o
LOAD ./Drivers/STM32H7xx_HAL_Driver/stm32h7xx_hal_rcc.o
LOAD ./Drivers/STM32H7xx_HAL_Driver/stm32h7xx_hal_rcc_ex.o
LOAD ./Drivers/STM32H7xx_HAL_Driver/stm32h7xx_hal_tim.o
LOAD ./Drivers/STM32H7xx_HAL_Driver/stm32h7xx_hal_tim_ex.o
START GROUP
LOAD /Applications/STM32CubeIDE.app/Contents/Eclipse/plugins/com.st.stm32cube.ide.mcu.externaltools.gnu-tools-for-stm32.11.3.rel1.macos64_1.1.100.202310310803/tools/bin/../lib/gcc/arm-none-eabi/11.3.1/../../../../arm-none-eabi/lib/thumb/v7e-m+fp/hard/libstdc++_nano.a
LOAD /Applications/STM32CubeIDE.app/Contents/Eclipse/plugins/com.st.stm32cube.ide.mcu.externaltools.gnu-tools-for-stm32.11.3.rel1.macos64_1.1.100.202310310803/tools/bin/../lib/gcc/arm-none-eabi/11.3.1/../../../../arm-none-eabi/lib/thumb/v7e-m+fp/hard/libsupc++_nano.a
END GROUP
LOAD /Applications/STM32CubeIDE.app/Contents/Eclipse/plugins/com.st.stm32cube.ide.mcu.externaltools.gnu-tools-for-stm32.11.3.rel1.macos64_1.1.100.202310310803/tools/bin/../lib/gcc/arm-none-eabi/11.3.1/../../../../arm-none-eabi/lib/thumb/v7e-m+fp/hard/libstdc++_nano.a
LOAD /Applications/STM32CubeIDE.app/Contents/Eclipse/plugins/com.st.stm32cube.ide.mcu.externaltools.gnu-tools-for-stm32.11.3.rel1.macos64_1.1.100.202310310803/tools/bin/../lib/gcc/arm-none-eabi/11.3.1/../../../../arm-none-eabi/lib/thumb/v7e-m+fp/hard/libm.a
LOAD /Applications/STM32CubeIDE.app/Contents/Eclipse/plugins/com.st.stm32cube.ide.mcu.externaltools.gnu-tools-for-stm32.11.3.rel1.macos64_1.1.100.202310310803/tools/bin/../lib/gcc/arm-none-eabi/11.3.1/../../../../arm-none-eabi/lib/thumb/v7e-m+fp/hard/libc_nano.a
START GROUP
LOAD /Applications/STM32CubeIDE.app/Contents/Eclipse/plugins/com.st.stm32cube.ide.mcu.externaltools.gnu-tools-for-stm32.11.3.rel1.macos64_1.1.100.202310310803/tools/bin/../lib/gcc/arm-none-eabi/11.3.1/thumb/v7e-m+fp/hard/libgcc.a
LOAD /Applications/STM32CubeIDE.app/Contents/Eclipse/plugins/com.st.stm32cube.ide.mcu.externaltools.gnu-tools-for-stm32.11.3.rel1.macos64_1.1.100.202310310803/tools/bin/../lib/gcc/arm-none-eabi/11.3.1/../../../../arm-none-eabi/lib/thumb/v7e-m+fp/hard/libc_nano.a
END GROUP
START GROUP
LOAD /Applications/STM32CubeIDE.app/Contents/Eclipse/plugins/com.st.stm32cube.ide.mcu.externaltools.gnu-tools-for-stm32.11.3.rel1.macos64_1.1.100.202310310803/tools/bin/../lib/gcc/arm-none-eabi/11.3.1/thumb/v7e-m+fp/hard/libgcc.a
LOAD /Applications/STM32CubeIDE.app/Contents/Eclipse/plugins/com.st.stm32cube.ide.mcu.externaltools.gnu-tools-for-stm32.11.3.rel1.macos64_1.1.100.202310310803/tools/bin/../lib/gcc/arm-none-eabi/11.3.1/../../../../arm-none-eabi/lib/thumb/v7e-m+fp/hard/libc_nano.a
LOAD /Applications/STM32CubeIDE.app/Contents/Eclipse/plugins/com.st.stm32cube.ide.mcu.externaltools.gnu-tools-for-stm32.11.3.rel1.macos64_1.1.100.202310310803/tools/bin/../lib/gcc/arm-none-eabi/11.3.1/../../../../arm-none-eabi/lib/thumb/v7e-m+fp/hard/libnosys.a
END GROUP
START GROUP
LOAD /Applications/STM32CubeIDE.app/Contents/Eclipse/plugins/com.st.stm32cube.ide.mcu.externaltools.gnu-tools-for-stm32.11.3.rel1.macos64_1.1.100.202310310803/tools/bin/../lib/gcc/arm-none-eabi/11.3.1/thumb/v7e-m+fp/hard/libgcc.a
LOAD /Applications/STM32CubeIDE.app/Contents/Eclipse/plugins/com.st.stm32cube.ide.mcu.externaltools.gnu-tools-for-stm32.11.3.rel1.macos64_1.1.100.202310310803/tools/bin/../lib/gcc/arm-none-eabi/11.3.1/../../../../arm-none-eabi/lib/thumb/v7e-m+fp/hard/libc_nano.a
LOAD /Applications/STM32CubeIDE.app/Contents/Eclipse/plugins/com.st.stm32cube.ide.mcu.externaltools.gnu-tools-for-stm32.11.3.rel1.macos64_1.1.100.202310310803/tools/bin/../lib/gcc/arm-none-eabi/11.3.1/../../../../arm-none-eabi/lib/thumb/v7e-m+fp/hard/libnosys.a
END GROUP
LOAD /Applications/STM32CubeIDE.app/Contents/Eclipse/plugins/com.st.stm32cube.ide.mcu.externaltools.gnu-tools-for-stm32.11.3.rel1.macos64_1.1.100.202310310803/tools/bin/../lib/gcc/arm-none-eabi/11.3.1/thumb/v7e-m+fp/hard/crtend.o
LOAD /Applications/STM32CubeIDE.app/Contents/Eclipse/plugins/com.st.stm32cube.ide.mcu.externaltools.gnu-tools-for-stm32.11.3.rel1.macos64_1.1.100.202310310803/tools/bin/../lib/gcc/arm-none-eabi/11.3.1/thumb/v7e-m+fp/hard/crtn.o
                0x0000000010048000                _estack = (ORIGIN (RAM) + LENGTH (RAM))
                0x0000000000000800                _Min_Heap_Size = 0x800
                0x0000000000000800                _Min_Stack_Size = 0x800

.isr_vector     0x0000000008100000      0x298
                0x0000000008100000                . = ALIGN (0x4)
 *(.isr_vector)
 .isr_vector    0x0000000008100000      0x298 ./Application/User/Startup/startup_stm32h745xihx.o
                0x0000000008100000                g_pfnVectors
                0x0000000008100298                . = ALIGN (0x4)

.text           0x00000000081002a0     0x5818
                0x00000000081002a0                . = ALIGN (0x4)
 *(.text)
 .text          0x00000000081002a0       0x40 /Applications/STM32CubeIDE.app/Contents/Eclipse/plugins/com.st.stm32cube.ide.mcu.externaltools.gnu-tools-for-stm32.11.3.rel1.macos64_1.1.100.202310310803/tools/bin/../lib/gcc/arm-none-eabi/11.3.1/thumb/v7e-m+fp/hard/crtbegin.o
 .text          0x00000000081002e0       0xa0 /Applications/STM32CubeIDE.app/Contents/Eclipse/plugins/com.st.stm32cube.ide.mcu.externaltools.gnu-tools-for-stm32.11.3.rel1.macos64_1.1.100.202310310803/tools/bin/../lib/gcc/arm-none-eabi/11.3.1/../../../../arm-none-eabi/lib/thumb/v7e-m+fp/hard/libc_nano.a(libc_a-memchr.o)
                0x00000000081002e0                memchr
 .text          0x0000000008100380      0x378 /Applications/STM32CubeIDE.app/Contents/Eclipse/plugins/com.st.stm32cube.ide.mcu.externaltools.gnu-tools-for-stm32.11.3.rel1.macos64_1.1.100.202310310803/tools/bin/../lib/gcc/arm-none-eabi/11.3.1/thumb/v7e-m+fp/hard/libgcc.a(_arm_addsubdf3.o)
                0x0000000008100380                __aeabi_drsub
                0x0000000008100388                __subdf3
                0x0000000008100388                __aeabi_dsub
                0x000000000810038c                __aeabi_dadd
                0x000000000810038c                __adddf3
                0x0000000008100604                __aeabi_ui2d
                0x0000000008100604                __floatunsidf
                0x0000000008100624                __floatsidf
                0x0000000008100624                __aeabi_i2d
                0x0000000008100648                __extendsfdf2
                0x0000000008100648                __aeabi_f2d
                0x000000000810068c                __aeabi_ul2d
                0x000000000810068c                __floatundidf
                0x000000000810069c                __aeabi_l2d
                0x000000000810069c                __floatdidf
 *(.text*)
 .text.main     0x00000000081006f8      0x2a4 ./Application/User/Core/main.o
                0x00000000081006f8                main
 .text.MX_DMA_Init
                0x000000000810099c       0x9c ./Application/User/Core/main.o
 .text.MX_MDMA_Init
                0x0000000008100a38       0x34 ./Application/User/Core/main.o
 .text.MX_GPIO_Init
                0x0000000008100a6c       0x68 ./Application/User/Core/main.o
 .text.Error_Handler
                0x0000000008100ad4        0xa ./Application/User/Core/main.o
                0x0000000008100ad4                Error_Handler
 *fill*         0x0000000008100ade        0x2 
 .text.HAL_MspInit
                0x0000000008100ae0       0x34 ./Application/User/Core/stm32h7xx_hal_msp.o
                0x0000000008100ae0                HAL_MspInit
 .text.NMI_Handler
                0x0000000008100b14        0x6 ./Application/User/Core/stm32h7xx_it.o
                0x0000000008100b14                NMI_Handler
 .text.HardFault_Handler
                0x0000000008100b1a        0x6 ./Application/User/Core/stm32h7xx_it.o
                0x0000000008100b1a                HardFault_Handler
 .text.MemManage_Handler
                0x0000000008100b20        0x6 ./Application/User/Core/stm32h7xx_it.o
                0x0000000008100b20                MemManage_Handler
 .text.BusFault_Handler
                0x0000000008100b26        0x6 ./Application/User/Core/stm32h7xx_it.o
                0x0000000008100b26                BusFault_Handler
 .text.UsageFault_Handler
                0x0000000008100b2c        0x6 ./Application/User/Core/stm32h7xx_it.o
                0x0000000008100b2c                UsageFault_Handler
 .text.SVC_Handler
                0x0000000008100b32        0xe ./Application/User/Core/stm32h7xx_it.o
                0x0000000008100b32                SVC_Handler
 .text.DebugMon_Handler
                0x0000000008100b40        0xe ./Application/User/Core/stm32h7xx_it.o
                0x0000000008100b40                DebugMon_Handler
 .text.PendSV_Handler
                0x0000000008100b4e        0xe ./Application/User/Core/stm32h7xx_it.o
                0x0000000008100b4e                PendSV_Handler
 .text.SysTick_Handler
                0x0000000008100b5c        0xc ./Application/User/Core/stm32h7xx_it.o
                0x0000000008100b5c                SysTick_Handler
 .text._getpid  0x0000000008100b68       0x10 ./Application/User/Core/syscalls.o
                0x0000000008100b68                _getpid
 .text._kill    0x0000000008100b78       0x20 ./Application/User/Core/syscalls.o
                0x0000000008100b78                _kill
 .text._exit    0x0000000008100b98       0x14 ./Application/User/Core/syscalls.o
                0x0000000008100b98                _exit
 .text._read    0x0000000008100bac       0x3a ./Application/User/Core/syscalls.o
                0x0000000008100bac                _read
 .text._write   0x0000000008100be6       0x38 ./Application/User/Core/syscalls.o
                0x0000000008100be6                _write
 .text._close   0x0000000008100c1e       0x18 ./Application/User/Core/syscalls.o
                0x0000000008100c1e                _close
 .text._fstat   0x0000000008100c36       0x20 ./Application/User/Core/syscalls.o
                0x0000000008100c36                _fstat
 .text._isatty  0x0000000008100c56       0x16 ./Application/User/Core/syscalls.o
                0x0000000008100c56                _isatty
 .text._lseek   0x0000000008100c6c       0x1a ./Application/User/Core/syscalls.o
                0x0000000008100c6c                _lseek
 *fill*         0x0000000008100c86        0x2 
 .text._sbrk    0x0000000008100c88       0x6c ./Application/User/Core/sysmem.o
                0x0000000008100c88                _sbrk
 .text.Reset_Handler
                0x0000000008100cf4       0x50 ./Application/User/Startup/startup_stm32h745xihx.o
                0x0000000008100cf4                Reset_Handler
 .text.Default_Handler
                0x0000000008100d44        0x2 ./Application/User/Startup/startup_stm32h745xihx.o
                0x0000000008100d44                DMA1_Stream3_IRQHandler
                0x0000000008100d44                EXTI2_IRQHandler
                0x0000000008100d44                TIM8_CC_IRQHandler
                0x0000000008100d44                HRTIM1_Master_IRQHandler
                0x0000000008100d44                UART8_IRQHandler
                0x0000000008100d44                SPI4_IRQHandler
                0x0000000008100d44                TIM1_CC_IRQHandler
                0x0000000008100d44                BDMA_Channel6_IRQHandler
                0x0000000008100d44                DMA2_Stream5_IRQHandler
                0x0000000008100d44                HRTIM1_FLT_IRQHandler
                0x0000000008100d44                JPEG_IRQHandler
                0x0000000008100d44                DMA1_Stream5_IRQHandler
                0x0000000008100d44                BDMA_Channel1_IRQHandler
                0x0000000008100d44                HRTIM1_TIMD_IRQHandler
                0x0000000008100d44                TAMP_STAMP_IRQHandler
                0x0000000008100d44                EXTI3_IRQHandler
                0x0000000008100d44                LPTIM4_IRQHandler
                0x0000000008100d44                TIM8_TRG_COM_TIM14_IRQHandler
                0x0000000008100d44                LPTIM2_IRQHandler
                0x0000000008100d44                DFSDM1_FLT1_IRQHandler
                0x0000000008100d44                DMAMUX2_OVR_IRQHandler
                0x0000000008100d44                TIM8_UP_TIM13_IRQHandler
                0x0000000008100d44                I2C3_ER_IRQHandler
                0x0000000008100d44                DFSDM1_FLT2_IRQHandler
                0x0000000008100d44                MDMA_IRQHandler
                0x0000000008100d44                LPTIM3_IRQHandler
                0x0000000008100d44                HSEM1_IRQHandler
                0x0000000008100d44                EXTI0_IRQHandler
                0x0000000008100d44                I2C2_EV_IRQHandler
                0x0000000008100d44                DMA1_Stream2_IRQHandler
                0x0000000008100d44                FPU_IRQHandler
                0x0000000008100d44                OTG_HS_WKUP_IRQHandler
                0x0000000008100d44                FDCAN1_IT1_IRQHandler
                0x0000000008100d44                LTDC_ER_IRQHandler
                0x0000000008100d44                DMA2_Stream2_IRQHandler
                0x0000000008100d44                HRTIM1_TIME_IRQHandler
                0x0000000008100d44                SPI1_IRQHandler
                0x0000000008100d44                TIM6_DAC_IRQHandler
                0x0000000008100d44                DCMI_IRQHandler
                0x0000000008100d44                HRTIM1_TIMC_IRQHandler
                0x0000000008100d44                DMA2_Stream3_IRQHandler
                0x0000000008100d44                SAI2_IRQHandler
                0x0000000008100d44                DFSDM1_FLT3_IRQHandler
                0x0000000008100d44                USART6_IRQHandler
                0x0000000008100d44                TIM17_IRQHandler
                0x0000000008100d44                USART3_IRQHandler
                0x0000000008100d44                BDMA_Channel7_IRQHandler
                0x0000000008100d44                LPTIM5_IRQHandler
                0x0000000008100d44                UART5_IRQHandler
                0x0000000008100d44                ADC3_IRQHandler
                0x0000000008100d44                DMA2_Stream0_IRQHandler
                0x0000000008100d44                TIM4_IRQHandler
                0x0000000008100d44                BDMA_Channel2_IRQHandler
                0x0000000008100d44                QUADSPI_IRQHandler
                0x0000000008100d44                I2C1_EV_IRQHandler
                0x0000000008100d44                DMA1_Stream6_IRQHandler
                0x0000000008100d44                DMAMUX1_OVR_IRQHandler
                0x0000000008100d44                DMA1_Stream1_IRQHandler
                0x0000000008100d44                TIM16_IRQHandler
                0x0000000008100d44                UART4_IRQHandler
                0x0000000008100d44                BDMA_Channel5_IRQHandler
                0x0000000008100d44                TIM3_IRQHandler
                0x0000000008100d44                RCC_IRQHandler
                0x0000000008100d44                TIM8_BRK_TIM12_IRQHandler
                0x0000000008100d44                TIM1_TRG_COM_IRQHandler
                0x0000000008100d44                Default_Handler
                0x0000000008100d44                ECC_IRQHandler
                0x0000000008100d44                CEC_IRQHandler
                0x0000000008100d44                EXTI15_10_IRQHandler
                0x0000000008100d44                BDMA_Channel0_IRQHandler
                0x0000000008100d44                ADC_IRQHandler
                0x0000000008100d44                DMA1_Stream7_IRQHandler
                0x0000000008100d44                HRTIM1_TIMA_IRQHandler
                0x0000000008100d44                SPI5_IRQHandler
                0x0000000008100d44                TIM7_IRQHandler
                0x0000000008100d44                SDMMC1_IRQHandler
                0x0000000008100d44                TIM5_IRQHandler
                0x0000000008100d44                DMA2_Stream7_IRQHandler
                0x0000000008100d44                TIM15_IRQHandler
                0x0000000008100d44                PVD_AVD_IRQHandler
                0x0000000008100d44                I2C3_EV_IRQHandler
                0x0000000008100d44                EXTI9_5_IRQHandler
                0x0000000008100d44                RTC_WKUP_IRQHandler
                0x0000000008100d44                LTDC_IRQHandler
                0x0000000008100d44                SAI3_IRQHandler
                0x0000000008100d44                ETH_WKUP_IRQHandler
                0x0000000008100d44                SPDIF_RX_IRQHandler
                0x0000000008100d44                SPI2_IRQHandler
                0x0000000008100d44                OTG_HS_EP1_IN_IRQHandler
                0x0000000008100d44                DMA1_Stream0_IRQHandler
                0x0000000008100d44                CRS_IRQHandler
                0x0000000008100d44                CM7_SEV_IRQHandler
                0x0000000008100d44                EXTI4_IRQHandler
                0x0000000008100d44                RNG_IRQHandler
                0x0000000008100d44                CM4_SEV_IRQHandler
                0x0000000008100d44                HRTIM1_TIMB_IRQHandler
                0x0000000008100d44                FDCAN2_IT1_IRQHandler
                0x0000000008100d44                ETH_IRQHandler
                0x0000000008100d44                TIM1_UP_IRQHandler
                0x0000000008100d44                WWDG_RST_IRQHandler
                0x0000000008100d44                BDMA_Channel4_IRQHandler
                0x0000000008100d44                OTG_HS_EP1_OUT_IRQHandler
                0x0000000008100d44                WWDG_IRQHandler
                0x0000000008100d44                SPI6_IRQHandler
                0x0000000008100d44                MDIOS_IRQHandler
                0x0000000008100d44                I2C4_EV_IRQHandler
                0x0000000008100d44                FDCAN2_IT0_IRQHandler
                0x0000000008100d44                LPUART1_IRQHandler
                0x0000000008100d44                FDCAN1_IT0_IRQHandler
                0x0000000008100d44                TIM2_IRQHandler
                0x0000000008100d44                OTG_FS_WKUP_IRQHandler
                0x0000000008100d44                OTG_HS_IRQHandler
                0x0000000008100d44                HSEM2_IRQHandler
                0x0000000008100d44                DMA2D_IRQHandler
                0x0000000008100d44                TIM1_BRK_IRQHandler
                0x0000000008100d44                EXTI1_IRQHandler
                0x0000000008100d44                SDMMC2_IRQHandler
                0x0000000008100d44                OTG_FS_EP1_OUT_IRQHandler
                0x0000000008100d44                BDMA_Channel3_IRQHandler
                0x0000000008100d44                HOLD_CORE_IRQHandler
                0x0000000008100d44                UART7_IRQHandler
                0x0000000008100d44                MDIOS_WKUP_IRQHandler
                0x0000000008100d44                USART2_IRQHandler
                0x0000000008100d44                DFSDM1_FLT0_IRQHandler
                0x0000000008100d44                SAI4_IRQHandler
                0x0000000008100d44                I2C2_ER_IRQHandler
                0x0000000008100d44                DMA2_Stream1_IRQHandler
                0x0000000008100d44                FLASH_IRQHandler
                0x0000000008100d44                DMA2_Stream4_IRQHandler
                0x0000000008100d44                USART1_IRQHandler
                0x0000000008100d44                OTG_FS_IRQHandler
                0x0000000008100d44                SPI3_IRQHandler
                0x0000000008100d44                WAKEUP_PIN_IRQHandler
                0x0000000008100d44                DMA1_Stream4_IRQHandler
                0x0000000008100d44                OTG_FS_EP1_IN_IRQHandler
                0x0000000008100d44                I2C1_ER_IRQHandler
                0x0000000008100d44                FMC_IRQHandler
                0x0000000008100d44                FDCAN_CAL_IRQHandler
                0x0000000008100d44                SWPMI1_IRQHandler
                0x0000000008100d44                COMP1_IRQHandler
                0x0000000008100d44                LPTIM1_IRQHandler
                0x0000000008100d44                I2C4_ER_IRQHandler
                0x0000000008100d44                DMA2_Stream6_IRQHandler
                0x0000000008100d44                SAI1_IRQHandler
                0x0000000008100d44                RTC_Alarm_IRQHandler
 *fill*         0x0000000008100d46        0x2 
 .text.network_configure_activations
                0x0000000008100d48      0xf38 ./Application/User/X-CUBE-AI/App/network.o
 .text.network_configure_weights
                0x0000000008101c80     0x12a0 ./Application/User/X-CUBE-AI/App/network.o
 .text.ai_network_get_report
                0x0000000008102f20       0xdc ./Application/User/X-CUBE-AI/App/network.o
                0x0000000008102f20                ai_network_get_report
 .text.ai_network_get_error
                0x0000000008102ffc       0x18 ./Application/User/X-CUBE-AI/App/network.o
                0x0000000008102ffc                ai_network_get_error
 .text.ai_network_create
                0x0000000008103014       0x2c ./Application/User/X-CUBE-AI/App/network.o
                0x0000000008103014                ai_network_create
 .text.ai_network_create_and_init
                0x0000000008103040       0xfc ./Application/User/X-CUBE-AI/App/network.o
                0x0000000008103040                ai_network_create_and_init
 .text.ai_network_inputs_get
                0x000000000810313c       0x34 ./Application/User/X-CUBE-AI/App/network.o
                0x000000000810313c                ai_network_inputs_get
 .text.ai_network_outputs_get
                0x0000000008103170       0x34 ./Application/User/X-CUBE-AI/App/network.o
                0x0000000008103170                ai_network_outputs_get
 .text.ai_network_init
                0x00000000081031a4       0x78 ./Application/User/X-CUBE-AI/App/network.o
                0x00000000081031a4                ai_network_init
 .text.ai_network_run
                0x000000000810321c       0x20 ./Application/User/X-CUBE-AI/App/network.o
                0x000000000810321c                ai_network_run
 .text.ai_network_data_params_get
                0x000000000810323c       0x50 ./Application/User/X-CUBE-AI/App/network_data.o
                0x000000000810323c                ai_network_data_params_get
 .text.SystemInit
                0x000000000810328c       0x38 ./Drivers/CMSIS/system_stm32h7xx_dualcore_boot_cm4_cm7.o
                0x000000000810328c                SystemInit
 .text.HAL_Init
                0x00000000081032c4       0xbc ./Drivers/STM32H7xx_HAL_Driver/stm32h7xx_hal.o
                0x00000000081032c4                HAL_Init
 .text.HAL_InitTick
                0x0000000008103380       0x6c ./Drivers/STM32H7xx_HAL_Driver/stm32h7xx_hal.o
                0x0000000008103380                HAL_InitTick
 .text.HAL_IncTick
                0x00000000081033ec       0x28 ./Drivers/STM32H7xx_HAL_Driver/stm32h7xx_hal.o
                0x00000000081033ec                HAL_IncTick
 .text.HAL_GetTick
                0x0000000008103414       0x18 ./Drivers/STM32H7xx_HAL_Driver/stm32h7xx_hal.o
                0x0000000008103414                HAL_GetTick
 .text.__NVIC_SetPriorityGrouping
                0x000000000810342c       0x48 ./Drivers/STM32H7xx_HAL_Driver/stm32h7xx_hal_cortex.o
 .text.__NVIC_GetPriorityGrouping
                0x0000000008103474       0x1c ./Drivers/STM32H7xx_HAL_Driver/stm32h7xx_hal_cortex.o
 .text.__NVIC_SetPriority
                0x0000000008103490       0x54 ./Drivers/STM32H7xx_HAL_Driver/stm32h7xx_hal_cortex.o
 .text.NVIC_EncodePriority
                0x00000000081034e4       0x66 ./Drivers/STM32H7xx_HAL_Driver/stm32h7xx_hal_cortex.o
 *fill*         0x000000000810354a        0x2 
 .text.SysTick_Config
                0x000000000810354c       0x44 ./Drivers/STM32H7xx_HAL_Driver/stm32h7xx_hal_cortex.o
 .text.HAL_NVIC_SetPriorityGrouping
                0x0000000008103590       0x16 ./Drivers/STM32H7xx_HAL_Driver/stm32h7xx_hal_cortex.o
                0x0000000008103590                HAL_NVIC_SetPriorityGrouping
 .text.HAL_NVIC_SetPriority
                0x00000000081035a6       0x34 ./Drivers/STM32H7xx_HAL_Driver/stm32h7xx_hal_cortex.o
                0x00000000081035a6                HAL_NVIC_SetPriority
 .text.HAL_SYSTICK_Config
                0x00000000081035da       0x18 ./Drivers/STM32H7xx_HAL_Driver/stm32h7xx_hal_cortex.o
                0x00000000081035da                HAL_SYSTICK_Config
 *fill*         0x00000000081035f2        0x2 
 .text.HAL_GetCurrentCPUID
                0x00000000081035f4       0x28 ./Drivers/STM32H7xx_HAL_Driver/stm32h7xx_hal_cortex.o
                0x00000000081035f4                HAL_GetCurrentCPUID
 .text.HAL_DMA_Init
                0x000000000810361c      0x6b4 ./Drivers/STM32H7xx_HAL_Driver/stm32h7xx_hal_dma.o
                0x000000000810361c                HAL_DMA_Init
 .text.DMA_CalcBaseAndBitshift
                0x0000000008103cd0      0x164 ./Drivers/STM32H7xx_HAL_Driver/stm32h7xx_hal_dma.o
 .text.DMA_CheckFifoParam
                0x0000000008103e34       0xf8 ./Drivers/STM32H7xx_HAL_Driver/stm32h7xx_hal_dma.o
 .text.DMA_CalcDMAMUXChannelBaseAndMask
                0x0000000008103f2c      0x134 ./Drivers/STM32H7xx_HAL_Driver/stm32h7xx_hal_dma.o
 .text.DMA_CalcDMAMUXRequestGenBaseAndMask
                0x0000000008104060       0xe8 ./Drivers/STM32H7xx_HAL_Driver/stm32h7xx_hal_dma.o
 .text.HAL_GPIO_Init
                0x0000000008104148      0x360 ./Drivers/STM32H7xx_HAL_Driver/stm32h7xx_hal_gpio.o
                0x0000000008104148                HAL_GPIO_Init
 .text.HAL_GPIO_WritePin
                0x00000000081044a8       0x32 ./Drivers/STM32H7xx_HAL_Driver/stm32h7xx_hal_gpio.o
                0x00000000081044a8                HAL_GPIO_WritePin
 *fill*         0x00000000081044da        0x2 
 .text.HAL_HSEM_ActivateNotification
                0x00000000081044dc       0x24 ./Drivers/STM32H7xx_HAL_Driver/stm32h7xx_hal_hsem.o
                0x00000000081044dc                HAL_HSEM_ActivateNotification
 .text.HAL_PWREx_EnterSTOPMode
                0x0000000008104500       0xf4 ./Drivers/STM32H7xx_HAL_Driver/stm32h7xx_hal_pwr_ex.o
                0x0000000008104500                HAL_PWREx_EnterSTOPMode
 .text.HAL_PWREx_ClearPendingEvent
                0x00000000081045f4       0x1a ./Drivers/STM32H7xx_HAL_Driver/stm32h7xx_hal_pwr_ex.o
                0x00000000081045f4                HAL_PWREx_ClearPendingEvent
 *fill*         0x000000000810460e        0x2 
 .text.HAL_RCC_GetSysClockFreq
                0x0000000008104610      0x2f4 ./Drivers/STM32H7xx_HAL_Driver/stm32h7xx_hal_rcc.o
                0x0000000008104610                HAL_RCC_GetSysClockFreq
 .text.srand    0x0000000008104904       0x5c /Applications/STM32CubeIDE.app/Contents/Eclipse/plugins/com.st.stm32cube.ide.mcu.externaltools.gnu-tools-for-stm32.11.3.rel1.macos64_1.1.100.202310310803/tools/bin/../lib/gcc/arm-none-eabi/11.3.1/../../../../arm-none-eabi/lib/thumb/v7e-m+fp/hard/libc_nano.a(libc_a-rand.o)
                0x0000000008104904                srand
 .text.rand     0x0000000008104960       0x7c /Applications/STM32CubeIDE.app/Contents/Eclipse/plugins/com.st.stm32cube.ide.mcu.externaltools.gnu-tools-for-stm32.11.3.rel1.macos64_1.1.100.202310310803/tools/bin/../lib/gcc/arm-none-eabi/11.3.1/../../../../arm-none-eabi/lib/thumb/v7e-m+fp/hard/libc_nano.a(libc_a-rand.o)
                0x0000000008104960                rand
 .text.std      0x00000000081049dc       0x6c /Applications/STM32CubeIDE.app/Contents/Eclipse/plugins/com.st.stm32cube.ide.mcu.externaltools.gnu-tools-for-stm32.11.3.rel1.macos64_1.1.100.202310310803/tools/bin/../lib/gcc/arm-none-eabi/11.3.1/../../../../arm-none-eabi/lib/thumb/v7e-m+fp/hard/libc_nano.a(libc_a-findfp.o)
 .text.stdio_exit_handler
                0x0000000008104a48       0x18 /Applications/STM32CubeIDE.app/Contents/Eclipse/plugins/com.st.stm32cube.ide.mcu.externaltools.gnu-tools-for-stm32.11.3.rel1.macos64_1.1.100.202310310803/tools/bin/../lib/gcc/arm-none-eabi/11.3.1/../../../../arm-none-eabi/lib/thumb/v7e-m+fp/hard/libc_nano.a(libc_a-findfp.o)
 .text.cleanup_stdio
                0x0000000008104a60       0x40 /Applications/STM32CubeIDE.app/Contents/Eclipse/plugins/com.st.stm32cube.ide.mcu.externaltools.gnu-tools-for-stm32.11.3.rel1.macos64_1.1.100.202310310803/tools/bin/../lib/gcc/arm-none-eabi/11.3.1/../../../../arm-none-eabi/lib/thumb/v7e-m+fp/hard/libc_nano.a(libc_a-findfp.o)
 .text.global_stdio_init.part.0
                0x0000000008104aa0       0x3c /Applications/STM32CubeIDE.app/Contents/Eclipse/plugins/com.st.stm32cube.ide.mcu.externaltools.gnu-tools-for-stm32.11.3.rel1.macos64_1.1.100.202310310803/tools/bin/../lib/gcc/arm-none-eabi/11.3.1/../../../../arm-none-eabi/lib/thumb/v7e-m+fp/hard/libc_nano.a(libc_a-findfp.o)
 .text.__sfp_lock_acquire
                0x0000000008104adc        0xc /Applications/STM32CubeIDE.app/Contents/Eclipse/plugins/com.st.stm32cube.ide.mcu.externaltools.gnu-tools-for-stm32.11.3.rel1.macos64_1.1.100.202310310803/tools/bin/../lib/gcc/arm-none-eabi/11.3.1/../../../../arm-none-eabi/lib/thumb/v7e-m+fp/hard/libc_nano.a(libc_a-findfp.o)
                0x0000000008104adc                __sfp_lock_acquire
 .text.__sfp_lock_release
                0x0000000008104ae8        0xc /Applications/STM32CubeIDE.app/Contents/Eclipse/plugins/com.st.stm32cube.ide.mcu.externaltools.gnu-tools-for-stm32.11.3.rel1.macos64_1.1.100.202310310803/tools/bin/../lib/gcc/arm-none-eabi/11.3.1/../../../../arm-none-eabi/lib/thumb/v7e-m+fp/hard/libc_nano.a(libc_a-findfp.o)
                0x0000000008104ae8                __sfp_lock_release
 .text.__sinit  0x0000000008104af4       0x30 /Applications/STM32CubeIDE.app/Contents/Eclipse/plugins/com.st.stm32cube.ide.mcu.externaltools.gnu-tools-for-stm32.11.3.rel1.macos64_1.1.100.202310310803/tools/bin/../lib/gcc/arm-none-eabi/11.3.1/../../../../arm-none-eabi/lib/thumb/v7e-m+fp/hard/libc_nano.a(libc_a-findfp.o)
                0x0000000008104af4                __sinit
 .text._fwalk_sglue
                0x0000000008104b24       0x3c /Applications/STM32CubeIDE.app/Contents/Eclipse/plugins/com.st.stm32cube.ide.mcu.externaltools.gnu-tools-for-stm32.11.3.rel1.macos64_1.1.100.202310310803/tools/bin/../lib/gcc/arm-none-eabi/11.3.1/../../../../arm-none-eabi/lib/thumb/v7e-m+fp/hard/libc_nano.a(libc_a-fwalk.o)
                0x0000000008104b24                _fwalk_sglue
 .text.printf   0x0000000008104b60       0x24 /Applications/STM32CubeIDE.app/Contents/Eclipse/plugins/com.st.stm32cube.ide.mcu.externaltools.gnu-tools-for-stm32.11.3.rel1.macos64_1.1.100.202310310803/tools/bin/../lib/gcc/arm-none-eabi/11.3.1/../../../../arm-none-eabi/lib/thumb/v7e-m+fp/hard/libc_nano.a(libc_a-printf.o)
                0x0000000008104b60                printf
                0x0000000008104b60                iprintf
 .text.putchar  0x0000000008104b84       0x10 /Applications/STM32CubeIDE.app/Contents/Eclipse/plugins/com.st.stm32cube.ide.mcu.externaltools.gnu-tools-for-stm32.11.3.rel1.macos64_1.1.100.202310310803/tools/bin/../lib/gcc/arm-none-eabi/11.3.1/../../../../arm-none-eabi/lib/thumb/v7e-m+fp/hard/libc_nano.a(libc_a-putchar.o)
                0x0000000008104b84                putchar
 .text._puts_r  0x0000000008104b94       0xa8 /Applications/STM32CubeIDE.app/Contents/Eclipse/plugins/com.st.stm32cube.ide.mcu.externaltools.gnu-tools-for-stm32.11.3.rel1.macos64_1.1.100.202310310803/tools/bin/../lib/gcc/arm-none-eabi/11.3.1/../../../../arm-none-eabi/lib/thumb/v7e-m+fp/hard/libc_nano.a(libc_a-puts.o)
                0x0000000008104b94                _puts_r
 .text.puts     0x0000000008104c3c       0x10 /Applications/STM32CubeIDE.app/Contents/Eclipse/plugins/com.st.stm32cube.ide.mcu.externaltools.gnu-tools-for-stm32.11.3.rel1.macos64_1.1.100.202310310803/tools/bin/../lib/gcc/arm-none-eabi/11.3.1/../../../../arm-none-eabi/lib/thumb/v7e-m+fp/hard/libc_nano.a(libc_a-puts.o)
                0x0000000008104c3c                puts
 .text.memset   0x0000000008104c4c       0x10 /Applications/STM32CubeIDE.app/Contents/Eclipse/plugins/com.st.stm32cube.ide.mcu.externaltools.gnu-tools-for-stm32.11.3.rel1.macos64_1.1.100.202310310803/tools/bin/../lib/gcc/arm-none-eabi/11.3.1/../../../../arm-none-eabi/lib/thumb/v7e-m+fp/hard/libc_nano.a(libc_a-memset.o)
                0x0000000008104c4c                memset
 .text.__errno  0x0000000008104c5c        0xc /Applications/STM32CubeIDE.app/Contents/Eclipse/plugins/com.st.stm32cube.ide.mcu.externaltools.gnu-tools-for-stm32.11.3.rel1.macos64_1.1.100.202310310803/tools/bin/../lib/gcc/arm-none-eabi/11.3.1/../../../../arm-none-eabi/lib/thumb/v7e-m+fp/hard/libc_nano.a(libc_a-errno.o)
                0x0000000008104c5c                __errno
 .text.__libc_init_array
                0x0000000008104c68       0x48 /Applications/STM32CubeIDE.app/Contents/Eclipse/plugins/com.st.stm32cube.ide.mcu.externaltools.gnu-tools-for-stm32.11.3.rel1.macos64_1.1.100.202310310803/tools/bin/../lib/gcc/arm-none-eabi/11.3.1/../../../../arm-none-eabi/lib/thumb/v7e-m+fp/hard/libc_nano.a(libc_a-init.o)
                0x0000000008104c68                __libc_init_array
 .text.__retarget_lock_init_recursive
                0x0000000008104cb0        0x2 /Applications/STM32CubeIDE.app/Contents/Eclipse/plugins/com.st.stm32cube.ide.mcu.externaltools.gnu-tools-for-stm32.11.3.rel1.macos64_1.1.100.202310310803/tools/bin/../lib/gcc/arm-none-eabi/11.3.1/../../../../arm-none-eabi/lib/thumb/v7e-m+fp/hard/libc_nano.a(libc_a-lock.o)
                0x0000000008104cb0                __retarget_lock_init_recursive
 .text.__retarget_lock_acquire_recursive
                0x0000000008104cb2        0x2 /Applications/STM32CubeIDE.app/Contents/Eclipse/plugins/com.st.stm32cube.ide.mcu.externaltools.gnu-tools-for-stm32.11.3.rel1.macos64_1.1.100.202310310803/tools/bin/../lib/gcc/arm-none-eabi/11.3.1/../../../../arm-none-eabi/lib/thumb/v7e-m+fp/hard/libc_nano.a(libc_a-lock.o)
                0x0000000008104cb2                __retarget_lock_acquire_recursive
 .text.__retarget_lock_release_recursive
                0x0000000008104cb4        0x2 /Applications/STM32CubeIDE.app/Contents/Eclipse/plugins/com.st.stm32cube.ide.mcu.externaltools.gnu-tools-for-stm32.11.3.rel1.macos64_1.1.100.202310310803/tools/bin/../lib/gcc/arm-none-eabi/11.3.1/../../../../arm-none-eabi/lib/thumb/v7e-m+fp/hard/libc_nano.a(libc_a-lock.o)
                0x0000000008104cb4                __retarget_lock_release_recursive
 .text.memcpy   0x0000000008104cb6       0x1c /Applications/STM32CubeIDE.app/Contents/Eclipse/plugins/com.st.stm32cube.ide.mcu.externaltools.gnu-tools-for-stm32.11.3.rel1.macos64_1.1.100.202310310803/tools/bin/../lib/gcc/arm-none-eabi/11.3.1/../../../../arm-none-eabi/lib/thumb/v7e-m+fp/hard/libc_nano.a(libc_a-memcpy-stub.o)
                0x0000000008104cb6                memcpy
 *fill*         0x0000000008104cd2        0x2 
 .text.__assert_func
                0x0000000008104cd4       0x3c /Applications/STM32CubeIDE.app/Contents/Eclipse/plugins/com.st.stm32cube.ide.mcu.externaltools.gnu-tools-for-stm32.11.3.rel1.macos64_1.1.100.202310310803/tools/bin/../lib/gcc/arm-none-eabi/11.3.1/../../../../arm-none-eabi/lib/thumb/v7e-m+fp/hard/libc_nano.a(libc_a-assert.o)
                0x0000000008104cd4                __assert_func
 .text.__sfputc_r
                0x0000000008104d10       0x2e /Applications/STM32CubeIDE.app/Contents/Eclipse/plugins/com.st.stm32cube.ide.mcu.externaltools.gnu-tools-for-stm32.11.3.rel1.macos64_1.1.100.202310310803/tools/bin/../lib/gcc/arm-none-eabi/11.3.1/../../../../arm-none-eabi/lib/thumb/v7e-m+fp/hard/libc_nano.a(libc_a-nano-vfprintf.o)
 .text.__sfputs_r
                0x0000000008104d3e       0x24 /Applications/STM32CubeIDE.app/Contents/Eclipse/plugins/com.st.stm32cube.ide.mcu.externaltools.gnu-tools-for-stm32.11.3.rel1.macos64_1.1.100.202310310803/tools/bin/../lib/gcc/arm-none-eabi/11.3.1/../../../../arm-none-eabi/lib/thumb/v7e-m+fp/hard/libc_nano.a(libc_a-nano-vfprintf.o)
                0x0000000008104d3e                __sfputs_r
 *fill*         0x0000000008104d62        0x2 
 .text._vfprintf_r
                0x0000000008104d64      0x234 /Applications/STM32CubeIDE.app/Contents/Eclipse/plugins/com.st.stm32cube.ide.mcu.externaltools.gnu-tools-for-stm32.11.3.rel1.macos64_1.1.100.202310310803/tools/bin/../lib/gcc/arm-none-eabi/11.3.1/../../../../arm-none-eabi/lib/thumb/v7e-m+fp/hard/libc_nano.a(libc_a-nano-vfprintf.o)
                0x0000000008104d64                _vfiprintf_r
                0x0000000008104d64                _vfprintf_r
 .text.malloc   0x0000000008104f98       0x10 /Applications/STM32CubeIDE.app/Contents/Eclipse/plugins/com.st.stm32cube.ide.mcu.externaltools.gnu-tools-for-stm32.11.3.rel1.macos64_1.1.100.202310310803/tools/bin/../lib/gcc/arm-none-eabi/11.3.1/../../../../arm-none-eabi/lib/thumb/v7e-m+fp/hard/libc_nano.a(libc_a-malloc.o)
                0x0000000008104f98                malloc
 .text.sbrk_aligned
                0x0000000008104fa8       0x40 /Applications/STM32CubeIDE.app/Contents/Eclipse/plugins/com.st.stm32cube.ide.mcu.externaltools.gnu-tools-for-stm32.11.3.rel1.macos64_1.1.100.202310310803/tools/bin/../lib/gcc/arm-none-eabi/11.3.1/../../../../arm-none-eabi/lib/thumb/v7e-m+fp/hard/libc_nano.a(libc_a-mallocr.o)
 .text._malloc_r
                0x0000000008104fe8      0x100 /Applications/STM32CubeIDE.app/Contents/Eclipse/plugins/com.st.stm32cube.ide.mcu.externaltools.gnu-tools-for-stm32.11.3.rel1.macos64_1.1.100.202310310803/tools/bin/../lib/gcc/arm-none-eabi/11.3.1/../../../../arm-none-eabi/lib/thumb/v7e-m+fp/hard/libc_nano.a(libc_a-mallocr.o)
                0x0000000008104fe8                _malloc_r
 .text._printf_common
                0x00000000081050e8       0xda /Applications/STM32CubeIDE.app/Contents/Eclipse/plugins/com.st.stm32cube.ide.mcu.externaltools.gnu-tools-for-stm32.11.3.rel1.macos64_1.1.100.202310310803/tools/bin/../lib/gcc/arm-none-eabi/11.3.1/../../../../arm-none-eabi/lib/thumb/v7e-m+fp/hard/libc_nano.a(libc_a-nano-vfprintf_i.o)
                0x00000000081050e8                _printf_common
 *fill*         0x00000000081051c2        0x2 
 .text._printf_i
                0x00000000081051c4      0x244 /Applications/STM32CubeIDE.app/Contents/Eclipse/plugins/com.st.stm32cube.ide.mcu.externaltools.gnu-tools-for-stm32.11.3.rel1.macos64_1.1.100.202310310803/tools/bin/../lib/gcc/arm-none-eabi/11.3.1/../../../../arm-none-eabi/lib/thumb/v7e-m+fp/hard/libc_nano.a(libc_a-nano-vfprintf_i.o)
                0x00000000081051c4                _printf_i
 .text.__sflush_r
                0x0000000008105408      0x10c /Applications/STM32CubeIDE.app/Contents/Eclipse/plugins/com.st.stm32cube.ide.mcu.externaltools.gnu-tools-for-stm32.11.3.rel1.macos64_1.1.100.202310310803/tools/bin/../lib/gcc/arm-none-eabi/11.3.1/../../../../arm-none-eabi/lib/thumb/v7e-m+fp/hard/libc_nano.a(libc_a-fflush.o)
                0x0000000008105408                __sflush_r
 .text._fflush_r
                0x0000000008105514       0x50 /Applications/STM32CubeIDE.app/Contents/Eclipse/plugins/com.st.stm32cube.ide.mcu.externaltools.gnu-tools-for-stm32.11.3.rel1.macos64_1.1.100.202310310803/tools/bin/../lib/gcc/arm-none-eabi/11.3.1/../../../../arm-none-eabi/lib/thumb/v7e-m+fp/hard/libc_nano.a(libc_a-fflush.o)
                0x0000000008105514                _fflush_r
 .text.__malloc_lock
                0x0000000008105564        0xc /Applications/STM32CubeIDE.app/Contents/Eclipse/plugins/com.st.stm32cube.ide.mcu.externaltools.gnu-tools-for-stm32.11.3.rel1.macos64_1.1.100.202310310803/tools/bin/../lib/gcc/arm-none-eabi/11.3.1/../../../../arm-none-eabi/lib/thumb/v7e-m+fp/hard/libc_nano.a(libc_a-mlock.o)
                0x0000000008105564                __malloc_lock
 .text.__malloc_unlock
                0x0000000008105570        0xc /Applications/STM32CubeIDE.app/Contents/Eclipse/plugins/com.st.stm32cube.ide.mcu.externaltools.gnu-tools-for-stm32.11.3.rel1.macos64_1.1.100.202310310803/tools/bin/../lib/gcc/arm-none-eabi/11.3.1/../../../../arm-none-eabi/lib/thumb/v7e-m+fp/hard/libc_nano.a(libc_a-mlock.o)
                0x0000000008105570                __malloc_unlock
 .text.__sread  0x000000000810557c       0x22 /Applications/STM32CubeIDE.app/Contents/Eclipse/plugins/com.st.stm32cube.ide.mcu.externaltools.gnu-tools-for-stm32.11.3.rel1.macos64_1.1.100.202310310803/tools/bin/../lib/gcc/arm-none-eabi/11.3.1/../../../../arm-none-eabi/lib/thumb/v7e-m+fp/hard/libc_nano.a(libc_a-stdio.o)
                0x000000000810557c                __sread
 .text.__swrite
                0x000000000810559e       0x38 /Applications/STM32CubeIDE.app/Contents/Eclipse/plugins/com.st.stm32cube.ide.mcu.externaltools.gnu-tools-for-stm32.11.3.rel1.macos64_1.1.100.202310310803/tools/bin/../lib/gcc/arm-none-eabi/11.3.1/../../../../arm-none-eabi/lib/thumb/v7e-m+fp/hard/libc_nano.a(libc_a-stdio.o)
                0x000000000810559e                __swrite
 .text.__sseek  0x00000000081055d6       0x24 /Applications/STM32CubeIDE.app/Contents/Eclipse/plugins/com.st.stm32cube.ide.mcu.externaltools.gnu-tools-for-stm32.11.3.rel1.macos64_1.1.100.202310310803/tools/bin/../lib/gcc/arm-none-eabi/11.3.1/../../../../arm-none-eabi/lib/thumb/v7e-m+fp/hard/libc_nano.a(libc_a-stdio.o)
                0x00000000081055d6                __sseek
 .text.__sclose
                0x00000000081055fa        0x8 /Applications/STM32CubeIDE.app/Contents/Eclipse/plugins/com.st.stm32cube.ide.mcu.externaltools.gnu-tools-for-stm32.11.3.rel1.macos64_1.1.100.202310310803/tools/bin/../lib/gcc/arm-none-eabi/11.3.1/../../../../arm-none-eabi/lib/thumb/v7e-m+fp/hard/libc_nano.a(libc_a-stdio.o)
                0x00000000081055fa                __sclose
 *fill*         0x0000000008105602        0x2 
 .text.fprintf  0x0000000008105604       0x24 /Applications/STM32CubeIDE.app/Contents/Eclipse/plugins/com.st.stm32cube.ide.mcu.externaltools.gnu-tools-for-stm32.11.3.rel1.macos64_1.1.100.202310310803/tools/bin/../lib/gcc/arm-none-eabi/11.3.1/../../../../arm-none-eabi/lib/thumb/v7e-m+fp/hard/libc_nano.a(libc_a-fprintf.o)
                0x0000000008105604                fprintf
                0x0000000008105604                fiprintf
 .text.__swbuf_r
                0x0000000008105628       0x7a /Applications/STM32CubeIDE.app/Contents/Eclipse/plugins/com.st.stm32cube.ide.mcu.externaltools.gnu-tools-for-stm32.11.3.rel1.macos64_1.1.100.202310310803/tools/bin/../lib/gcc/arm-none-eabi/11.3.1/../../../../arm-none-eabi/lib/thumb/v7e-m+fp/hard/libc_nano.a(libc_a-wbuf.o)
                0x0000000008105628                __swbuf_r
 *fill*         0x00000000081056a2        0x2 
 .text.__swsetup_r
                0x00000000081056a4       0xb0 /Applications/STM32CubeIDE.app/Contents/Eclipse/plugins/com.st.stm32cube.ide.mcu.externaltools.gnu-tools-for-stm32.11.3.rel1.macos64_1.1.100.202310310803/tools/bin/../lib/gcc/arm-none-eabi/11.3.1/../../../../arm-none-eabi/lib/thumb/v7e-m+fp/hard/libc_nano.a(libc_a-wsetup.o)
                0x00000000081056a4                __swsetup_r
 .text.__swhatbuf_r
                0x0000000008105754       0x4c /Applications/STM32CubeIDE.app/Contents/Eclipse/plugins/com.st.stm32cube.ide.mcu.externaltools.gnu-tools-for-stm32.11.3.rel1.macos64_1.1.100.202310310803/tools/bin/../lib/gcc/arm-none-eabi/11.3.1/../../../../arm-none-eabi/lib/thumb/v7e-m+fp/hard/libc_nano.a(libc_a-makebuf.o)
                0x0000000008105754                __swhatbuf_r
 .text.__smakebuf_r
                0x00000000081057a0       0x78 /Applications/STM32CubeIDE.app/Contents/Eclipse/plugins/com.st.stm32cube.ide.mcu.externaltools.gnu-tools-for-stm32.11.3.rel1.macos64_1.1.100.202310310803/tools/bin/../lib/gcc/arm-none-eabi/11.3.1/../../../../arm-none-eabi/lib/thumb/v7e-m+fp/hard/libc_nano.a(libc_a-makebuf.o)
                0x00000000081057a0                __smakebuf_r
 .text._putc_r  0x0000000008105818       0x68 /Applications/STM32CubeIDE.app/Contents/Eclipse/plugins/com.st.stm32cube.ide.mcu.externaltools.gnu-tools-for-stm32.11.3.rel1.macos64_1.1.100.202310310803/tools/bin/../lib/gcc/arm-none-eabi/11.3.1/../../../../arm-none-eabi/lib/thumb/v7e-m+fp/hard/libc_nano.a(libc_a-putc.o)
                0x0000000008105818                _putc_r
 .text._close_r
                0x0000000008105880       0x20 /Applications/STM32CubeIDE.app/Contents/Eclipse/plugins/com.st.stm32cube.ide.mcu.externaltools.gnu-tools-for-stm32.11.3.rel1.macos64_1.1.100.202310310803/tools/bin/../lib/gcc/arm-none-eabi/11.3.1/../../../../arm-none-eabi/lib/thumb/v7e-m+fp/hard/libc_nano.a(libc_a-closer.o)
                0x0000000008105880                _close_r
 .text._fstat_r
                0x00000000081058a0       0x24 /Applications/STM32CubeIDE.app/Contents/Eclipse/plugins/com.st.stm32cube.ide.mcu.externaltools.gnu-tools-for-stm32.11.3.rel1.macos64_1.1.100.202310310803/tools/bin/../lib/gcc/arm-none-eabi/11.3.1/../../../../arm-none-eabi/lib/thumb/v7e-m+fp/hard/libc_nano.a(libc_a-fstatr.o)
                0x00000000081058a0                _fstat_r
 .text._isatty_r
                0x00000000081058c4       0x20 /Applications/STM32CubeIDE.app/Contents/Eclipse/plugins/com.st.stm32cube.ide.mcu.externaltools.gnu-tools-for-stm32.11.3.rel1.macos64_1.1.100.202310310803/tools/bin/../lib/gcc/arm-none-eabi/11.3.1/../../../../arm-none-eabi/lib/thumb/v7e-m+fp/hard/libc_nano.a(libc_a-isattyr.o)
                0x00000000081058c4                _isatty_r
 .text._lseek_r
                0x00000000081058e4       0x24 /Applications/STM32CubeIDE.app/Contents/Eclipse/plugins/com.st.stm32cube.ide.mcu.externaltools.gnu-tools-for-stm32.11.3.rel1.macos64_1.1.100.202310310803/tools/bin/../lib/gcc/arm-none-eabi/11.3.1/../../../../arm-none-eabi/lib/thumb/v7e-m+fp/hard/libc_nano.a(libc_a-lseekr.o)
                0x00000000081058e4                _lseek_r
 .text._read_r  0x0000000008105908       0x24 /Applications/STM32CubeIDE.app/Contents/Eclipse/plugins/com.st.stm32cube.ide.mcu.externaltools.gnu-tools-for-stm32.11.3.rel1.macos64_1.1.100.202310310803/tools/bin/../lib/gcc/arm-none-eabi/11.3.1/../../../../arm-none-eabi/lib/thumb/v7e-m+fp/hard/libc_nano.a(libc_a-readr.o)
                0x0000000008105908                _read_r
 .text._sbrk_r  0x000000000810592c       0x20 /Applications/STM32CubeIDE.app/Contents/Eclipse/plugins/com.st.stm32cube.ide.mcu.externaltools.gnu-tools-for-stm32.11.3.rel1.macos64_1.1.100.202310310803/tools/bin/../lib/gcc/arm-none-eabi/11.3.1/../../../../arm-none-eabi/lib/thumb/v7e-m+fp/hard/libc_nano.a(libc_a-sbrkr.o)
                0x000000000810592c                _sbrk_r
 .text._write_r
                0x000000000810594c       0x24 /Applications/STM32CubeIDE.app/Contents/Eclipse/plugins/com.st.stm32cube.ide.mcu.externaltools.gnu-tools-for-stm32.11.3.rel1.macos64_1.1.100.202310310803/tools/bin/../lib/gcc/arm-none-eabi/11.3.1/../../../../arm-none-eabi/lib/thumb/v7e-m+fp/hard/libc_nano.a(libc_a-writer.o)
                0x000000000810594c                _write_r
 .text.abort    0x0000000008105970        0xe /Applications/STM32CubeIDE.app/Contents/Eclipse/plugins/com.st.stm32cube.ide.mcu.externaltools.gnu-tools-for-stm32.11.3.rel1.macos64_1.1.100.202310310803/tools/bin/../lib/gcc/arm-none-eabi/11.3.1/../../../../arm-none-eabi/lib/thumb/v7e-m+fp/hard/libc_nano.a(libc_a-abort.o)
                0x0000000008105970                abort
 *fill*         0x000000000810597e        0x2 
 .text._free_r  0x0000000008105980       0x98 /Applications/STM32CubeIDE.app/Contents/Eclipse/plugins/com.st.stm32cube.ide.mcu.externaltools.gnu-tools-for-stm32.11.3.rel1.macos64_1.1.100.202310310803/tools/bin/../lib/gcc/arm-none-eabi/11.3.1/../../../../arm-none-eabi/lib/thumb/v7e-m+fp/hard/libc_nano.a(libc_a-freer.o)
                0x0000000008105980                _free_r
 .text._raise_r
                0x0000000008105a18       0x50 /Applications/STM32CubeIDE.app/Contents/Eclipse/plugins/com.st.stm32cube.ide.mcu.externaltools.gnu-tools-for-stm32.11.3.rel1.macos64_1.1.100.202310310803/tools/bin/../lib/gcc/arm-none-eabi/11.3.1/../../../../arm-none-eabi/lib/thumb/v7e-m+fp/hard/libc_nano.a(libc_a-signal.o)
                0x0000000008105a18                _raise_r
 .text.raise    0x0000000008105a68       0x10 /Applications/STM32CubeIDE.app/Contents/Eclipse/plugins/com.st.stm32cube.ide.mcu.externaltools.gnu-tools-for-stm32.11.3.rel1.macos64_1.1.100.202310310803/tools/bin/../lib/gcc/arm-none-eabi/11.3.1/../../../../arm-none-eabi/lib/thumb/v7e-m+fp/hard/libc_nano.a(libc_a-signal.o)
                0x0000000008105a68                raise
 .text._kill_r  0x0000000008105a78       0x24 /Applications/STM32CubeIDE.app/Contents/Eclipse/plugins/com.st.stm32cube.ide.mcu.externaltools.gnu-tools-for-stm32.11.3.rel1.macos64_1.1.100.202310310803/tools/bin/../lib/gcc/arm-none-eabi/11.3.1/../../../../arm-none-eabi/lib/thumb/v7e-m+fp/hard/libc_nano.a(libc_a-signalr.o)
                0x0000000008105a78                _kill_r
 .text._getpid_r
                0x0000000008105a9c        0x4 /Applications/STM32CubeIDE.app/Contents/Eclipse/plugins/com.st.stm32cube.ide.mcu.externaltools.gnu-tools-for-stm32.11.3.rel1.macos64_1.1.100.202310310803/tools/bin/../lib/gcc/arm-none-eabi/11.3.1/../../../../arm-none-eabi/lib/thumb/v7e-m+fp/hard/libc_nano.a(libc_a-signalr.o)
                0x0000000008105a9c                _getpid_r
 *(.glue_7)
 .glue_7        0x0000000008105aa0        0x0 linker stubs
 *(.glue_7t)
 .glue_7t       0x0000000008105aa0        0x0 linker stubs
 *(.eh_frame)
 .eh_frame      0x0000000008105aa0        0x0 /Applications/STM32CubeIDE.app/Contents/Eclipse/plugins/com.st.stm32cube.ide.mcu.externaltools.gnu-tools-for-stm32.11.3.rel1.macos64_1.1.100.202310310803/tools/bin/../lib/gcc/arm-none-eabi/11.3.1/thumb/v7e-m+fp/hard/crtbegin.o
 *(.init)
 .init          0x0000000008105aa0        0x4 /Applications/STM32CubeIDE.app/Contents/Eclipse/plugins/com.st.stm32cube.ide.mcu.externaltools.gnu-tools-for-stm32.11.3.rel1.macos64_1.1.100.202310310803/tools/bin/../lib/gcc/arm-none-eabi/11.3.1/thumb/v7e-m+fp/hard/crti.o
                0x0000000008105aa0                _init
 .init          0x0000000008105aa4        0x8 /Applications/STM32CubeIDE.app/Contents/Eclipse/plugins/com.st.stm32cube.ide.mcu.externaltools.gnu-tools-for-stm32.11.3.rel1.macos64_1.1.100.202310310803/tools/bin/../lib/gcc/arm-none-eabi/11.3.1/thumb/v7e-m+fp/hard/crtn.o
 *(.fini)
 .fini          0x0000000008105aac        0x4 /Applications/STM32CubeIDE.app/Contents/Eclipse/plugins/com.st.stm32cube.ide.mcu.externaltools.gnu-tools-for-stm32.11.3.rel1.macos64_1.1.100.202310310803/tools/bin/../lib/gcc/arm-none-eabi/11.3.1/thumb/v7e-m+fp/hard/crti.o
                0x0000000008105aac                _fini
 .fini          0x0000000008105ab0        0x8 /Applications/STM32CubeIDE.app/Contents/Eclipse/plugins/com.st.stm32cube.ide.mcu.externaltools.gnu-tools-for-stm32.11.3.rel1.macos64_1.1.100.202310310803/tools/bin/../lib/gcc/arm-none-eabi/11.3.1/thumb/v7e-m+fp/hard/crtn.o
                0x0000000008105ab8                . = ALIGN (0x4)
                0x0000000008105ab8                _etext = .

.vfp11_veneer   0x0000000008105ab8        0x0
 .vfp11_veneer  0x0000000008105ab8        0x0 linker stubs

.v4_bx          0x0000000008105ab8        0x0
 .v4_bx         0x0000000008105ab8        0x0 linker stubs

.iplt           0x0000000008105ab8        0x0
 .iplt          0x0000000008105ab8        0x0 /Applications/STM32CubeIDE.app/Contents/Eclipse/plugins/com.st.stm32cube.ide.mcu.externaltools.gnu-tools-for-stm32.11.3.rel1.macos64_1.1.100.202310310803/tools/bin/../lib/gcc/arm-none-eabi/11.3.1/thumb/v7e-m+fp/hard/crtbegin.o

.rodata         0x0000000008105ac0    0x6e380
                0x0000000008105ac0                . = ALIGN (0x4)
 *(.rodata)
 .rodata        0x0000000008105ac0       0xc8 ./Application/User/Core/main.o
 .rodata        0x0000000008105b88       0x61 ./Application/User/X-CUBE-AI/App/network.o
 *fill*         0x0000000008105be9        0x3 
 .rodata        0x0000000008105bec       0x30 ./Application/User/X-CUBE-AI/App/network_data.o
 *(.rodata*)
 .rodata.__compound_literal.0
                0x0000000008105c1c      0x300 ./Application/User/X-CUBE-AI/App/network.o
 .rodata.__compound_literal.1
                0x0000000008105f1c       0xc0 ./Application/User/X-CUBE-AI/App/network.o
 .rodata.__compound_literal.2
                0x0000000008105fdc        0x8 ./Application/User/X-CUBE-AI/App/network.o
 .rodata.conv2d_44_weights_array_intq
                0x0000000008105fe4        0x8 ./Application/User/X-CUBE-AI/App/network.o
 .rodata.__compound_literal.3
                0x0000000008105fec       0x80 ./Application/User/X-CUBE-AI/App/network.o
 .rodata.__compound_literal.4
                0x000000000810606c       0x20 ./Application/User/X-CUBE-AI/App/network.o
 .rodata.__compound_literal.5
                0x000000000810608c        0x8 ./Application/User/X-CUBE-AI/App/network.o
 .rodata.conv2d_45_weights_array_intq
                0x0000000008106094        0x8 ./Application/User/X-CUBE-AI/App/network.o
 .rodata.__compound_literal.6
                0x000000000810609c      0x300 ./Application/User/X-CUBE-AI/App/network.o
 .rodata.__compound_literal.7
                0x000000000810639c       0xc0 ./Application/User/X-CUBE-AI/App/network.o
 .rodata.__compound_literal.8
                0x000000000810645c        0x8 ./Application/User/X-CUBE-AI/App/network.o
 .rodata.conv2d_47_weights_array_intq
                0x0000000008106464        0x8 ./Application/User/X-CUBE-AI/App/network.o
 .rodata.__compound_literal.9
                0x000000000810646c      0x300 ./Application/User/X-CUBE-AI/App/network.o
 .rodata.__compound_literal.10
                0x000000000810676c       0xc0 ./Application/User/X-CUBE-AI/App/network.o
 .rodata.__compound_literal.11
                0x000000000810682c        0x8 ./Application/User/X-CUBE-AI/App/network.o
 .rodata.conv2d_48_weights_array_intq
                0x0000000008106834        0x8 ./Application/User/X-CUBE-AI/App/network.o
 .rodata.__compound_literal.12
                0x000000000810683c       0x80 ./Application/User/X-CUBE-AI/App/network.o
 .rodata.__compound_literal.13
                0x00000000081068bc       0x20 ./Application/User/X-CUBE-AI/App/network.o
 .rodata.__compound_literal.14
                0x00000000081068dc        0x8 ./Application/User/X-CUBE-AI/App/network.o
 .rodata.conv2d_49_weights_array_intq
                0x00000000081068e4        0x8 ./Application/User/X-CUBE-AI/App/network.o
 .rodata.__compound_literal.15
                0x00000000081068ec      0x300 ./Application/User/X-CUBE-AI/App/network.o
 .rodata.__compound_literal.16
                0x0000000008106bec       0xc0 ./Application/User/X-CUBE-AI/App/network.o
 .rodata.__compound_literal.17
                0x0000000008106cac        0x8 ./Application/User/X-CUBE-AI/App/network.o
 .rodata.conv2d_51_weights_array_intq
                0x0000000008106cb4        0x8 ./Application/User/X-CUBE-AI/App/network.o
 .rodata.__compound_literal.18
                0x0000000008106cbc      0x300 ./Application/User/X-CUBE-AI/App/network.o
 .rodata.__compound_literal.19
                0x0000000008106fbc       0xc0 ./Application/User/X-CUBE-AI/App/network.o
 .rodata.__compound_literal.20
                0x000000000810707c        0x8 ./Application/User/X-CUBE-AI/App/network.o
 .rodata.conv2d_53_weights_array_intq
                0x0000000008107084        0x8 ./Application/User/X-CUBE-AI/App/network.o
 .rodata.__compound_literal.21
                0x000000000810708c       0xe0 ./Application/User/X-CUBE-AI/App/network.o
 .rodata.__compound_literal.22
                0x000000000810716c       0x38 ./Application/User/X-CUBE-AI/App/network.o
 .rodata.__compound_literal.23
                0x00000000081071a4        0x8 ./Application/User/X-CUBE-AI/App/network.o
 .rodata.conv2d_54_weights_array_intq
                0x00000000081071ac        0x8 ./Application/User/X-CUBE-AI/App/network.o
 .rodata.__compound_literal.24
                0x00000000081071b4      0x540 ./Application/User/X-CUBE-AI/App/network.o
 .rodata.__compound_literal.25
                0x00000000081076f4      0x150 ./Application/User/X-CUBE-AI/App/network.o
 .rodata.__compound_literal.26
                0x0000000008107844        0x8 ./Application/User/X-CUBE-AI/App/network.o
 .rodata.conv2d_55_weights_array_intq
                0x000000000810784c        0x8 ./Application/User/X-CUBE-AI/App/network.o
 .rodata.__compound_literal.27
                0x0000000008107854      0x540 ./Application/User/X-CUBE-AI/App/network.o
 .rodata.__compound_literal.28
                0x0000000008107d94      0x150 ./Application/User/X-CUBE-AI/App/network.o
 .rodata.__compound_literal.29
                0x0000000008107ee4        0x8 ./Application/User/X-CUBE-AI/App/network.o
 .rodata.conv2d_56_weights_array_intq
                0x0000000008107eec        0x8 ./Application/User/X-CUBE-AI/App/network.o
 .rodata.__compound_literal.30
                0x0000000008107ef4       0xe0 ./Application/User/X-CUBE-AI/App/network.o
 .rodata.__compound_literal.31
                0x0000000008107fd4       0x38 ./Application/User/X-CUBE-AI/App/network.o
 .rodata.__compound_literal.32
                0x000000000810800c        0x8 ./Application/User/X-CUBE-AI/App/network.o
 .rodata.conv2d_57_weights_array_intq
                0x0000000008108014        0x8 ./Application/User/X-CUBE-AI/App/network.o
 .rodata.__compound_literal.33
                0x000000000810801c      0x540 ./Application/User/X-CUBE-AI/App/network.o
 .rodata.__compound_literal.34
                0x000000000810855c      0x150 ./Application/User/X-CUBE-AI/App/network.o
 .rodata.__compound_literal.35
                0x00000000081086ac        0x8 ./Application/User/X-CUBE-AI/App/network.o
 .rodata.conv2d_59_weights_array_intq
                0x00000000081086b4        0x8 ./Application/User/X-CUBE-AI/App/network.o
 .rodata.__compound_literal.36
                0x00000000081086bc      0x540 ./Application/User/X-CUBE-AI/App/network.o
 .rodata.__compound_literal.37
                0x0000000008108bfc      0x150 ./Application/User/X-CUBE-AI/App/network.o
 .rodata.__compound_literal.38
                0x0000000008108d4c        0x8 ./Application/User/X-CUBE-AI/App/network.o
 .rodata.conv2d_60_weights_array_intq
                0x0000000008108d54        0x8 ./Application/User/X-CUBE-AI/App/network.o
 .rodata.__compound_literal.39
                0x0000000008108d5c       0xe0 ./Application/User/X-CUBE-AI/App/network.o
 .rodata.__compound_literal.40
                0x0000000008108e3c       0x38 ./Application/User/X-CUBE-AI/App/network.o
 .rodata.__compound_literal.41
                0x0000000008108e74        0x8 ./Application/User/X-CUBE-AI/App/network.o
 .rodata.conv2d_61_weights_array_intq
                0x0000000008108e7c        0x8 ./Application/User/X-CUBE-AI/App/network.o
 .rodata.__compound_literal.42
                0x0000000008108e84      0x540 ./Application/User/X-CUBE-AI/App/network.o
 .rodata.__compound_literal.43
                0x00000000081093c4      0x150 ./Application/User/X-CUBE-AI/App/network.o
 .rodata.__compound_literal.44
                0x0000000008109514        0x8 ./Application/User/X-CUBE-AI/App/network.o
 .rodata.conv2d_63_weights_array_intq
                0x000000000810951c        0x8 ./Application/User/X-CUBE-AI/App/network.o
 .rodata.__compound_literal.45
                0x0000000008109524      0x540 ./Application/User/X-CUBE-AI/App/network.o
 .rodata.__compound_literal.46
                0x0000000008109a64      0x150 ./Application/User/X-CUBE-AI/App/network.o
 .rodata.__compound_literal.47
                0x0000000008109bb4        0x8 ./Application/User/X-CUBE-AI/App/network.o
 .rodata.conv2d_64_weights_array_intq
                0x0000000008109bbc        0x8 ./Application/User/X-CUBE-AI/App/network.o
 .rodata.__compound_literal.48
                0x0000000008109bc4      0x1c0 ./Application/User/X-CUBE-AI/App/network.o
 .rodata.__compound_literal.49
                0x0000000008109d84       0x70 ./Application/User/X-CUBE-AI/App/network.o
 .rodata.__compound_literal.50
                0x0000000008109df4        0x8 ./Application/User/X-CUBE-AI/App/network.o
 .rodata.conv2d_65_weights_array_intq
                0x0000000008109dfc        0x8 ./Application/User/X-CUBE-AI/App/network.o
 .rodata.__compound_literal.51
                0x0000000008109e04     0x1400 ./Application/User/X-CUBE-AI/App/network.o
 .rodata.__compound_literal.52
                0x000000000810b204      0x500 ./Application/User/X-CUBE-AI/App/network.o
 .rodata.__compound_literal.53
                0x000000000810b704        0x8 ./Application/User/X-CUBE-AI/App/network.o
 .rodata.conv2d_66_weights_array_intq
                0x000000000810b70c        0x8 ./Application/User/X-CUBE-AI/App/network.o
 .rodata.__compound_literal.54
                0x000000000810b714        0x4 ./Application/User/X-CUBE-AI/App/network.o
 .rodata.__compound_literal.55
                0x000000000810b718        0x1 ./Application/User/X-CUBE-AI/App/network.o
 *fill*         0x000000000810b719        0x3 
 .rodata.__compound_literal.56
                0x000000000810b71c        0x8 ./Application/User/X-CUBE-AI/App/network.o
 .rodata.gemm_68_weights_array_intq
                0x000000000810b724        0x8 ./Application/User/X-CUBE-AI/App/network.o
 .rodata.__compound_literal.57
                0x000000000810b72c        0x4 ./Application/User/X-CUBE-AI/App/network.o
 .rodata.__compound_literal.58
                0x000000000810b730        0x1 ./Application/User/X-CUBE-AI/App/network.o
 *fill*         0x000000000810b731        0x3 
 .rodata.__compound_literal.59
                0x000000000810b734        0x8 ./Application/User/X-CUBE-AI/App/network.o
 .rodata.serving_default_input_10_output_array_intq
                0x000000000810b73c        0x8 ./Application/User/X-CUBE-AI/App/network.o
 .rodata.__compound_literal.60
                0x000000000810b744        0x4 ./Application/User/X-CUBE-AI/App/network.o
 .rodata.__compound_literal.61
                0x000000000810b748        0x1 ./Application/User/X-CUBE-AI/App/network.o
 *fill*         0x000000000810b749        0x3 
 .rodata.__compound_literal.62
                0x000000000810b74c        0x8 ./Application/User/X-CUBE-AI/App/network.o
 .rodata.conversion_0_output_array_intq
                0x000000000810b754        0x8 ./Application/User/X-CUBE-AI/App/network.o
 .rodata.__compound_literal.63
                0x000000000810b75c        0x4 ./Application/User/X-CUBE-AI/App/network.o
 .rodata.__compound_literal.64
                0x000000000810b760        0x1 ./Application/User/X-CUBE-AI/App/network.o
 *fill*         0x000000000810b761        0x3 
 .rodata.__compound_literal.65
                0x000000000810b764        0x8 ./Application/User/X-CUBE-AI/App/network.o
 .rodata.conv2d_1_output_array_intq
                0x000000000810b76c        0x8 ./Application/User/X-CUBE-AI/App/network.o
 .rodata.__compound_literal.66
                0x000000000810b774        0x4 ./Application/User/X-CUBE-AI/App/network.o
 .rodata.__compound_literal.67
                0x000000000810b778        0x1 ./Application/User/X-CUBE-AI/App/network.o
 *fill*         0x000000000810b779        0x3 
 .rodata.__compound_literal.68
                0x000000000810b77c        0x8 ./Application/User/X-CUBE-AI/App/network.o
 .rodata.conv2d_2_pad_before_output_array_intq
                0x000000000810b784        0x8 ./Application/User/X-CUBE-AI/App/network.o
 .rodata.__compound_literal.69
                0x000000000810b78c        0x4 ./Application/User/X-CUBE-AI/App/network.o
 .rodata.__compound_literal.70
                0x000000000810b790        0x1 ./Application/User/X-CUBE-AI/App/network.o
 *fill*         0x000000000810b791        0x3 
 .rodata.__compound_literal.71
                0x000000000810b794        0x8 ./Application/User/X-CUBE-AI/App/network.o
 .rodata.conv2d_2_output_array_intq
                0x000000000810b79c        0x8 ./Application/User/X-CUBE-AI/App/network.o
 .rodata.__compound_literal.72
                0x000000000810b7a4        0x4 ./Application/User/X-CUBE-AI/App/network.o
 .rodata.__compound_literal.73
                0x000000000810b7a8        0x1 ./Application/User/X-CUBE-AI/App/network.o
 *fill*         0x000000000810b7a9        0x3 
 .rodata.__compound_literal.74
                0x000000000810b7ac        0x8 ./Application/User/X-CUBE-AI/App/network.o
 .rodata.conv2d_3_output_array_intq
                0x000000000810b7b4        0x8 ./Application/User/X-CUBE-AI/App/network.o
 .rodata.__compound_literal.75
                0x000000000810b7bc        0x4 ./Application/User/X-CUBE-AI/App/network.o
 .rodata.__compound_literal.76
                0x000000000810b7c0        0x1 ./Application/User/X-CUBE-AI/App/network.o
 *fill*         0x000000000810b7c1        0x3 
 .rodata.__compound_literal.77
                0x000000000810b7c4        0x8 ./Application/User/X-CUBE-AI/App/network.o
 .rodata.conv2d_4_output_array_intq
                0x000000000810b7cc        0x8 ./Application/User/X-CUBE-AI/App/network.o
 .rodata.__compound_literal.78
                0x000000000810b7d4        0x4 ./Application/User/X-CUBE-AI/App/network.o
 .rodata.__compound_literal.79
                0x000000000810b7d8        0x1 ./Application/User/X-CUBE-AI/App/network.o
 *fill*         0x000000000810b7d9        0x3 
 .rodata.__compound_literal.80
                0x000000000810b7dc        0x8 ./Application/User/X-CUBE-AI/App/network.o
 .rodata.conv2d_6_pad_before_output_array_intq
                0x000000000810b7e4        0x8 ./Application/User/X-CUBE-AI/App/network.o
 .rodata.__compound_literal.81
                0x000000000810b7ec        0x4 ./Application/User/X-CUBE-AI/App/network.o
 .rodata.__compound_literal.82
                0x000000000810b7f0        0x1 ./Application/User/X-CUBE-AI/App/network.o
 *fill*         0x000000000810b7f1        0x3 
 .rodata.__compound_literal.83
                0x000000000810b7f4        0x8 ./Application/User/X-CUBE-AI/App/network.o
 .rodata.conv2d_6_output_array_intq
                0x000000000810b7fc        0x8 ./Application/User/X-CUBE-AI/App/network.o
 .rodata.__compound_literal.84
                0x000000000810b804        0x4 ./Application/User/X-CUBE-AI/App/network.o
 .rodata.__compound_literal.85
                0x000000000810b808        0x1 ./Application/User/X-CUBE-AI/App/network.o
 *fill*         0x000000000810b809        0x3 
 .rodata.__compound_literal.86
                0x000000000810b80c        0x8 ./Application/User/X-CUBE-AI/App/network.o
 .rodata.conv2d_7_output_array_intq
                0x000000000810b814        0x8 ./Application/User/X-CUBE-AI/App/network.o
 .rodata.__compound_literal.87
                0x000000000810b81c        0x4 ./Application/User/X-CUBE-AI/App/network.o
 .rodata.__compound_literal.88
                0x000000000810b820        0x1 ./Application/User/X-CUBE-AI/App/network.o
 *fill*         0x000000000810b821        0x3 
 .rodata.__compound_literal.89
                0x000000000810b824        0x8 ./Application/User/X-CUBE-AI/App/network.o
 .rodata.conv2d_8_output_array_intq
                0x000000000810b82c        0x8 ./Application/User/X-CUBE-AI/App/network.o
 .rodata.__compound_literal.90
                0x000000000810b834        0x4 ./Application/User/X-CUBE-AI/App/network.o
 .rodata.__compound_literal.91
                0x000000000810b838        0x1 ./Application/User/X-CUBE-AI/App/network.o
 *fill*         0x000000000810b839        0x3 
 .rodata.__compound_literal.92
                0x000000000810b83c        0x8 ./Application/User/X-CUBE-AI/App/network.o
 .rodata.conv2d_9_pad_before_output_array_intq
                0x000000000810b844        0x8 ./Application/User/X-CUBE-AI/App/network.o
 .rodata.__compound_literal.93
                0x000000000810b84c        0x4 ./Application/User/X-CUBE-AI/App/network.o
 .rodata.__compound_literal.94
                0x000000000810b850        0x1 ./Application/User/X-CUBE-AI/App/network.o
 *fill*         0x000000000810b851        0x3 
 .rodata.__compound_literal.95
                0x000000000810b854        0x8 ./Application/User/X-CUBE-AI/App/network.o
 .rodata.conv2d_9_output_array_intq
                0x000000000810b85c        0x8 ./Application/User/X-CUBE-AI/App/network.o
 .rodata.__compound_literal.96
                0x000000000810b864        0x4 ./Application/User/X-CUBE-AI/App/network.o
 .rodata.__compound_literal.97
                0x000000000810b868        0x1 ./Application/User/X-CUBE-AI/App/network.o
 *fill*         0x000000000810b869        0x3 
 .rodata.__compound_literal.98
                0x000000000810b86c        0x8 ./Application/User/X-CUBE-AI/App/network.o
 .rodata.conv2d_10_output_array_intq
                0x000000000810b874        0x8 ./Application/User/X-CUBE-AI/App/network.o
 .rodata.__compound_literal.99
                0x000000000810b87c        0x4 ./Application/User/X-CUBE-AI/App/network.o
 .rodata.__compound_literal.100
                0x000000000810b880        0x1 ./Application/User/X-CUBE-AI/App/network.o
 *fill*         0x000000000810b881        0x3 
 .rodata.__compound_literal.101
                0x000000000810b884        0x8 ./Application/User/X-CUBE-AI/App/network.o
 .rodata.eltwise_11_output_array_intq
                0x000000000810b88c        0x8 ./Application/User/X-CUBE-AI/App/network.o
 .rodata.__compound_literal.102
                0x000000000810b894        0x4 ./Application/User/X-CUBE-AI/App/network.o
 .rodata.__compound_literal.103
                0x000000000810b898        0x1 ./Application/User/X-CUBE-AI/App/network.o
 *fill*         0x000000000810b899        0x3 
 .rodata.__compound_literal.104
                0x000000000810b89c        0x8 ./Application/User/X-CUBE-AI/App/network.o
 .rodata.conv2d_12_output_array_intq
                0x000000000810b8a4        0x8 ./Application/User/X-CUBE-AI/App/network.o
 .rodata.__compound_literal.105
                0x000000000810b8ac        0x4 ./Application/User/X-CUBE-AI/App/network.o
 .rodata.__compound_literal.106
                0x000000000810b8b0        0x1 ./Application/User/X-CUBE-AI/App/network.o
 *fill*         0x000000000810b8b1        0x3 
 .rodata.__compound_literal.107
                0x000000000810b8b4        0x8 ./Application/User/X-CUBE-AI/App/network.o
 .rodata.conv2d_14_pad_before_output_array_intq
                0x000000000810b8bc        0x8 ./Application/User/X-CUBE-AI/App/network.o
 .rodata.__compound_literal.108
                0x000000000810b8c4        0x4 ./Application/User/X-CUBE-AI/App/network.o
 .rodata.__compound_literal.109
                0x000000000810b8c8        0x1 ./Application/User/X-CUBE-AI/App/network.o
 *fill*         0x000000000810b8c9        0x3 
 .rodata.__compound_literal.110
                0x000000000810b8cc        0x8 ./Application/User/X-CUBE-AI/App/network.o
 .rodata.conv2d_14_output_array_intq
                0x000000000810b8d4        0x8 ./Application/User/X-CUBE-AI/App/network.o
 .rodata.__compound_literal.111
                0x000000000810b8dc        0x4 ./Application/User/X-CUBE-AI/App/network.o
 .rodata.__compound_literal.112
                0x000000000810b8e0        0x1 ./Application/User/X-CUBE-AI/App/network.o
 *fill*         0x000000000810b8e1        0x3 
 .rodata.__compound_literal.113
                0x000000000810b8e4        0x8 ./Application/User/X-CUBE-AI/App/network.o
 .rodata.conv2d_15_output_array_intq
                0x000000000810b8ec        0x8 ./Application/User/X-CUBE-AI/App/network.o
 .rodata.__compound_literal.114
                0x000000000810b8f4        0x4 ./Application/User/X-CUBE-AI/App/network.o
 .rodata.__compound_literal.115
                0x000000000810b8f8        0x1 ./Application/User/X-CUBE-AI/App/network.o
 *fill*         0x000000000810b8f9        0x3 
 .rodata.__compound_literal.116
                0x000000000810b8fc        0x8 ./Application/User/X-CUBE-AI/App/network.o
 .rodata.conv2d_16_output_array_intq
                0x000000000810b904        0x8 ./Application/User/X-CUBE-AI/App/network.o
 .rodata.__compound_literal.117
                0x000000000810b90c        0x4 ./Application/User/X-CUBE-AI/App/network.o
 .rodata.__compound_literal.118
                0x000000000810b910        0x1 ./Application/User/X-CUBE-AI/App/network.o
 *fill*         0x000000000810b911        0x3 
 .rodata.__compound_literal.119
                0x000000000810b914        0x8 ./Application/User/X-CUBE-AI/App/network.o
 .rodata.conv2d_17_pad_before_output_array_intq
                0x000000000810b91c        0x8 ./Application/User/X-CUBE-AI/App/network.o
 .rodata.__compound_literal.120
                0x000000000810b924        0x4 ./Application/User/X-CUBE-AI/App/network.o
 .rodata.__compound_literal.121
                0x000000000810b928        0x1 ./Application/User/X-CUBE-AI/App/network.o
 *fill*         0x000000000810b929        0x3 
 .rodata.__compound_literal.122
                0x000000000810b92c        0x8 ./Application/User/X-CUBE-AI/App/network.o
 .rodata.conv2d_17_output_array_intq
                0x000000000810b934        0x8 ./Application/User/X-CUBE-AI/App/network.o
 .rodata.__compound_literal.123
                0x000000000810b93c        0x4 ./Application/User/X-CUBE-AI/App/network.o
 .rodata.__compound_literal.124
                0x000000000810b940        0x1 ./Application/User/X-CUBE-AI/App/network.o
 *fill*         0x000000000810b941        0x3 
 .rodata.__compound_literal.125
                0x000000000810b944        0x8 ./Application/User/X-CUBE-AI/App/network.o
 .rodata.conv2d_18_output_array_intq
                0x000000000810b94c        0x8 ./Application/User/X-CUBE-AI/App/network.o
 .rodata.__compound_literal.126
                0x000000000810b954        0x4 ./Application/User/X-CUBE-AI/App/network.o
 .rodata.__compound_literal.127
                0x000000000810b958        0x1 ./Application/User/X-CUBE-AI/App/network.o
 *fill*         0x000000000810b959        0x3 
 .rodata.__compound_literal.128
                0x000000000810b95c        0x8 ./Application/User/X-CUBE-AI/App/network.o
 .rodata.eltwise_19_output_array_intq
                0x000000000810b964        0x8 ./Application/User/X-CUBE-AI/App/network.o
 .rodata.__compound_literal.129
                0x000000000810b96c        0x4 ./Application/User/X-CUBE-AI/App/network.o
 .rodata.__compound_literal.130
                0x000000000810b970        0x1 ./Application/User/X-CUBE-AI/App/network.o
 *fill*         0x000000000810b971        0x3 
 .rodata.__compound_literal.131
                0x000000000810b974        0x8 ./Application/User/X-CUBE-AI/App/network.o
 .rodata.conv2d_20_output_array_intq
                0x000000000810b97c        0x8 ./Application/User/X-CUBE-AI/App/network.o
 .rodata.__compound_literal.132
                0x000000000810b984        0x4 ./Application/User/X-CUBE-AI/App/network.o
 .rodata.__compound_literal.133
                0x000000000810b988        0x1 ./Application/User/X-CUBE-AI/App/network.o
 *fill*         0x000000000810b989        0x3 
 .rodata.__compound_literal.134
                0x000000000810b98c        0x8 ./Application/User/X-CUBE-AI/App/network.o
 .rodata.conv2d_21_pad_before_output_array_intq
                0x000000000810b994        0x8 ./Application/User/X-CUBE-AI/App/network.o
 .rodata.__compound_literal.135
                0x000000000810b99c        0x4 ./Application/User/X-CUBE-AI/App/network.o
 .rodata.__compound_literal.136
                0x000000000810b9a0        0x1 ./Application/User/X-CUBE-AI/App/network.o
 *fill*         0x000000000810b9a1        0x3 
 .rodata.__compound_literal.137
                0x000000000810b9a4        0x8 ./Application/User/X-CUBE-AI/App/network.o
 .rodata.conv2d_21_output_array_intq
                0x000000000810b9ac        0x8 ./Application/User/X-CUBE-AI/App/network.o
 .rodata.__compound_literal.138
                0x000000000810b9b4        0x4 ./Application/User/X-CUBE-AI/App/network.o
 .rodata.__compound_literal.139
                0x000000000810b9b8        0x1 ./Application/User/X-CUBE-AI/App/network.o
 *fill*         0x000000000810b9b9        0x3 
 .rodata.__compound_literal.140
                0x000000000810b9bc        0x8 ./Application/User/X-CUBE-AI/App/network.o
 .rodata.conv2d_22_output_array_intq
                0x000000000810b9c4        0x8 ./Application/User/X-CUBE-AI/App/network.o
 .rodata.__compound_literal.141
                0x000000000810b9cc        0x4 ./Application/User/X-CUBE-AI/App/network.o
 .rodata.__compound_literal.142
                0x000000000810b9d0        0x1 ./Application/User/X-CUBE-AI/App/network.o
 *fill*         0x000000000810b9d1        0x3 
 .rodata.__compound_literal.143
                0x000000000810b9d4        0x8 ./Application/User/X-CUBE-AI/App/network.o
 .rodata.eltwise_23_output_array_intq
                0x000000000810b9dc        0x8 ./Application/User/X-CUBE-AI/App/network.o
 .rodata.__compound_literal.144
                0x000000000810b9e4        0x4 ./Application/User/X-CUBE-AI/App/network.o
 .rodata.__compound_literal.145
                0x000000000810b9e8        0x1 ./Application/User/X-CUBE-AI/App/network.o
 *fill*         0x000000000810b9e9        0x3 
 .rodata.__compound_literal.146
                0x000000000810b9ec        0x8 ./Application/User/X-CUBE-AI/App/network.o
 .rodata.conv2d_24_output_array_intq
                0x000000000810b9f4        0x8 ./Application/User/X-CUBE-AI/App/network.o
 .rodata.__compound_literal.147
                0x000000000810b9fc        0x4 ./Application/User/X-CUBE-AI/App/network.o
 .rodata.__compound_literal.148
                0x000000000810ba00        0x1 ./Application/User/X-CUBE-AI/App/network.o
 *fill*         0x000000000810ba01        0x3 
 .rodata.__compound_literal.149
                0x000000000810ba04        0x8 ./Application/User/X-CUBE-AI/App/network.o
 .rodata.conv2d_26_pad_before_output_array_intq
                0x000000000810ba0c        0x8 ./Application/User/X-CUBE-AI/App/network.o
 .rodata.__compound_literal.150
                0x000000000810ba14        0x4 ./Application/User/X-CUBE-AI/App/network.o
 .rodata.__compound_literal.151
                0x000000000810ba18        0x1 ./Application/User/X-CUBE-AI/App/network.o
 *fill*         0x000000000810ba19        0x3 
 .rodata.__compound_literal.152
                0x000000000810ba1c        0x8 ./Application/User/X-CUBE-AI/App/network.o
 .rodata.conv2d_26_output_array_intq
                0x000000000810ba24        0x8 ./Application/User/X-CUBE-AI/App/network.o
 .rodata.__compound_literal.153
                0x000000000810ba2c        0x4 ./Application/User/X-CUBE-AI/App/network.o
 .rodata.__compound_literal.154
                0x000000000810ba30        0x1 ./Application/User/X-CUBE-AI/App/network.o
 *fill*         0x000000000810ba31        0x3 
 .rodata.__compound_literal.155
                0x000000000810ba34        0x8 ./Application/User/X-CUBE-AI/App/network.o
 .rodata.conv2d_27_output_array_intq
                0x000000000810ba3c        0x8 ./Application/User/X-CUBE-AI/App/network.o
 .rodata.__compound_literal.156
                0x000000000810ba44        0x4 ./Application/User/X-CUBE-AI/App/network.o
 .rodata.__compound_literal.157
                0x000000000810ba48        0x1 ./Application/User/X-CUBE-AI/App/network.o
 *fill*         0x000000000810ba49        0x3 
 .rodata.__compound_literal.158
                0x000000000810ba4c        0x8 ./Application/User/X-CUBE-AI/App/network.o
 .rodata.conv2d_28_output_array_intq
                0x000000000810ba54        0x8 ./Application/User/X-CUBE-AI/App/network.o
 .rodata.__compound_literal.159
                0x000000000810ba5c        0x4 ./Application/User/X-CUBE-AI/App/network.o
 .rodata.__compound_literal.160
                0x000000000810ba60        0x1 ./Application/User/X-CUBE-AI/App/network.o
 *fill*         0x000000000810ba61        0x3 
 .rodata.__compound_literal.161
                0x000000000810ba64        0x8 ./Application/User/X-CUBE-AI/App/network.o
 .rodata.conv2d_29_pad_before_output_array_intq
                0x000000000810ba6c        0x8 ./Application/User/X-CUBE-AI/App/network.o
 .rodata.__compound_literal.162
                0x000000000810ba74        0x4 ./Application/User/X-CUBE-AI/App/network.o
 .rodata.__compound_literal.163
                0x000000000810ba78        0x1 ./Application/User/X-CUBE-AI/App/network.o
 *fill*         0x000000000810ba79        0x3 
 .rodata.__compound_literal.164
                0x000000000810ba7c        0x8 ./Application/User/X-CUBE-AI/App/network.o
 .rodata.conv2d_29_output_array_intq
                0x000000000810ba84        0x8 ./Application/User/X-CUBE-AI/App/network.o
 .rodata.__compound_literal.165
                0x000000000810ba8c        0x4 ./Application/User/X-CUBE-AI/App/network.o
 .rodata.__compound_literal.166
                0x000000000810ba90        0x1 ./Application/User/X-CUBE-AI/App/network.o
 *fill*         0x000000000810ba91        0x3 
 .rodata.__compound_literal.167
                0x000000000810ba94        0x8 ./Application/User/X-CUBE-AI/App/network.o
 .rodata.conv2d_30_output_array_intq
                0x000000000810ba9c        0x8 ./Application/User/X-CUBE-AI/App/network.o
 .rodata.__compound_literal.168
                0x000000000810baa4        0x4 ./Application/User/X-CUBE-AI/App/network.o
 .rodata.__compound_literal.169
                0x000000000810baa8        0x1 ./Application/User/X-CUBE-AI/App/network.o
 *fill*         0x000000000810baa9        0x3 
 .rodata.__compound_literal.170
                0x000000000810baac        0x8 ./Application/User/X-CUBE-AI/App/network.o
 .rodata.eltwise_31_output_array_intq
                0x000000000810bab4        0x8 ./Application/User/X-CUBE-AI/App/network.o
 .rodata.__compound_literal.171
                0x000000000810babc        0x4 ./Application/User/X-CUBE-AI/App/network.o
 .rodata.__compound_literal.172
                0x000000000810bac0        0x1 ./Application/User/X-CUBE-AI/App/network.o
 *fill*         0x000000000810bac1        0x3 
 .rodata.__compound_literal.173
                0x000000000810bac4        0x8 ./Application/User/X-CUBE-AI/App/network.o
 .rodata.conv2d_32_output_array_intq
                0x000000000810bacc        0x8 ./Application/User/X-CUBE-AI/App/network.o
 .rodata.__compound_literal.174
                0x000000000810bad4        0x4 ./Application/User/X-CUBE-AI/App/network.o
 .rodata.__compound_literal.175
                0x000000000810bad8        0x1 ./Application/User/X-CUBE-AI/App/network.o
 *fill*         0x000000000810bad9        0x3 
 .rodata.__compound_literal.176
                0x000000000810badc        0x8 ./Application/User/X-CUBE-AI/App/network.o
 .rodata.conv2d_33_pad_before_output_array_intq
                0x000000000810bae4        0x8 ./Application/User/X-CUBE-AI/App/network.o
 .rodata.__compound_literal.177
                0x000000000810baec        0x4 ./Application/User/X-CUBE-AI/App/network.o
 .rodata.__compound_literal.178
                0x000000000810baf0        0x1 ./Application/User/X-CUBE-AI/App/network.o
 *fill*         0x000000000810baf1        0x3 
 .rodata.__compound_literal.179
                0x000000000810baf4        0x8 ./Application/User/X-CUBE-AI/App/network.o
 .rodata.conv2d_33_output_array_intq
                0x000000000810bafc        0x8 ./Application/User/X-CUBE-AI/App/network.o
 .rodata.__compound_literal.180
                0x000000000810bb04        0x4 ./Application/User/X-CUBE-AI/App/network.o
 .rodata.__compound_literal.181
                0x000000000810bb08        0x1 ./Application/User/X-CUBE-AI/App/network.o
 *fill*         0x000000000810bb09        0x3 
 .rodata.__compound_literal.182
                0x000000000810bb0c        0x8 ./Application/User/X-CUBE-AI/App/network.o
 .rodata.conv2d_34_output_array_intq
                0x000000000810bb14        0x8 ./Application/User/X-CUBE-AI/App/network.o
 .rodata.__compound_literal.183
                0x000000000810bb1c        0x4 ./Application/User/X-CUBE-AI/App/network.o
 .rodata.__compound_literal.184
                0x000000000810bb20        0x1 ./Application/User/X-CUBE-AI/App/network.o
 *fill*         0x000000000810bb21        0x3 
 .rodata.__compound_literal.185
                0x000000000810bb24        0x8 ./Application/User/X-CUBE-AI/App/network.o
 .rodata.eltwise_35_output_array_intq
                0x000000000810bb2c        0x8 ./Application/User/X-CUBE-AI/App/network.o
 .rodata.__compound_literal.186
                0x000000000810bb34        0x4 ./Application/User/X-CUBE-AI/App/network.o
 .rodata.__compound_literal.187
                0x000000000810bb38        0x1 ./Application/User/X-CUBE-AI/App/network.o
 *fill*         0x000000000810bb39        0x3 
 .rodata.__compound_literal.188
                0x000000000810bb3c        0x8 ./Application/User/X-CUBE-AI/App/network.o
 .rodata.conv2d_36_output_array_intq
                0x000000000810bb44        0x8 ./Application/User/X-CUBE-AI/App/network.o
 .rodata.__compound_literal.189
                0x000000000810bb4c        0x4 ./Application/User/X-CUBE-AI/App/network.o
 .rodata.__compound_literal.190
                0x000000000810bb50        0x1 ./Application/User/X-CUBE-AI/App/network.o
 *fill*         0x000000000810bb51        0x3 
 .rodata.__compound_literal.191
                0x000000000810bb54        0x8 ./Application/User/X-CUBE-AI/App/network.o
 .rodata.conv2d_37_pad_before_output_array_intq
                0x000000000810bb5c        0x8 ./Application/User/X-CUBE-AI/App/network.o
 .rodata.__compound_literal.192
                0x000000000810bb64        0x4 ./Application/User/X-CUBE-AI/App/network.o
 .rodata.__compound_literal.193
                0x000000000810bb68        0x1 ./Application/User/X-CUBE-AI/App/network.o
 *fill*         0x000000000810bb69        0x3 
 .rodata.__compound_literal.194
                0x000000000810bb6c        0x8 ./Application/User/X-CUBE-AI/App/network.o
 .rodata.conv2d_37_output_array_intq
                0x000000000810bb74        0x8 ./Application/User/X-CUBE-AI/App/network.o
 .rodata.__compound_literal.195
                0x000000000810bb7c        0x4 ./Application/User/X-CUBE-AI/App/network.o
 .rodata.__compound_literal.196
                0x000000000810bb80        0x1 ./Application/User/X-CUBE-AI/App/network.o
 *fill*         0x000000000810bb81        0x3 
 .rodata.__compound_literal.197
                0x000000000810bb84        0x8 ./Application/User/X-CUBE-AI/App/network.o
 .rodata.conv2d_38_output_array_intq
                0x000000000810bb8c        0x8 ./Application/User/X-CUBE-AI/App/network.o
 .rodata.__compound_literal.198
                0x000000000810bb94        0x4 ./Application/User/X-CUBE-AI/App/network.o
 .rodata.__compound_literal.199
                0x000000000810bb98        0x1 ./Application/User/X-CUBE-AI/App/network.o
 *fill*         0x000000000810bb99        0x3 
 .rodata.__compound_literal.200
                0x000000000810bb9c        0x8 ./Application/User/X-CUBE-AI/App/network.o
 .rodata.eltwise_39_output_array_intq
                0x000000000810bba4        0x8 ./Application/User/X-CUBE-AI/App/network.o
 .rodata.__compound_literal.201
                0x000000000810bbac        0x4 ./Application/User/X-CUBE-AI/App/network.o
 .rodata.__compound_literal.202
                0x000000000810bbb0        0x1 ./Application/User/X-CUBE-AI/App/network.o
 *fill*         0x000000000810bbb1        0x3 
 .rodata.__compound_literal.203
                0x000000000810bbb4        0x8 ./Application/User/X-CUBE-AI/App/network.o
 .rodata.conv2d_40_output_array_intq
                0x000000000810bbbc        0x8 ./Application/User/X-CUBE-AI/App/network.o
 .rodata.__compound_literal.204
                0x000000000810bbc4        0x4 ./Application/User/X-CUBE-AI/App/network.o
 .rodata.__compound_literal.205
                0x000000000810bbc8        0x1 ./Application/User/X-CUBE-AI/App/network.o
 *fill*         0x000000000810bbc9        0x3 
 .rodata.__compound_literal.206
                0x000000000810bbcc        0x8 ./Application/User/X-CUBE-AI/App/network.o
 .rodata.conv2d_41_pad_before_output_array_intq
                0x000000000810bbd4        0x8 ./Application/User/X-CUBE-AI/App/network.o
 .rodata.__compound_literal.207
                0x000000000810bbdc        0x4 ./Application/User/X-CUBE-AI/App/network.o
 .rodata.__compound_literal.208
                0x000000000810bbe0        0x1 ./Application/User/X-CUBE-AI/App/network.o
 *fill*         0x000000000810bbe1        0x3 
 .rodata.__compound_literal.209
                0x000000000810bbe4        0x8 ./Application/User/X-CUBE-AI/App/network.o
 .rodata.conv2d_41_output_array_intq
                0x000000000810bbec        0x8 ./Application/User/X-CUBE-AI/App/network.o
 .rodata.__compound_literal.210
                0x000000000810bbf4        0x4 ./Application/User/X-CUBE-AI/App/network.o
 .rodata.__compound_literal.211
                0x000000000810bbf8        0x1 ./Application/User/X-CUBE-AI/App/network.o
 *fill*         0x000000000810bbf9        0x3 
 .rodata.__compound_literal.212
                0x000000000810bbfc        0x8 ./Application/User/X-CUBE-AI/App/network.o
 .rodata.conv2d_42_output_array_intq
                0x000000000810bc04        0x8 ./Application/User/X-CUBE-AI/App/network.o
 .rodata.__compound_literal.213
                0x000000000810bc0c        0x4 ./Application/User/X-CUBE-AI/App/network.o
 .rodata.__compound_literal.214
                0x000000000810bc10        0x1 ./Application/User/X-CUBE-AI/App/network.o
 *fill*         0x000000000810bc11        0x3 
 .rodata.__compound_literal.215
                0x000000000810bc14        0x8 ./Application/User/X-CUBE-AI/App/network.o
 .rodata.conv2d_43_output_array_intq
                0x000000000810bc1c        0x8 ./Application/User/X-CUBE-AI/App/network.o
 .rodata.__compound_literal.216
                0x000000000810bc24        0x4 ./Application/User/X-CUBE-AI/App/network.o
 .rodata.__compound_literal.217
                0x000000000810bc28        0x1 ./Application/User/X-CUBE-AI/App/network.o
 *fill*         0x000000000810bc29        0x3 
 .rodata.__compound_literal.218
                0x000000000810bc2c        0x8 ./Application/User/X-CUBE-AI/App/network.o
 .rodata.conv2d_44_pad_before_output_array_intq
                0x000000000810bc34        0x8 ./Application/User/X-CUBE-AI/App/network.o
 .rodata.__compound_literal.219
                0x000000000810bc3c        0x4 ./Application/User/X-CUBE-AI/App/network.o
 .rodata.__compound_literal.220
                0x000000000810bc40        0x1 ./Application/User/X-CUBE-AI/App/network.o
 *fill*         0x000000000810bc41        0x3 
 .rodata.__compound_literal.221
                0x000000000810bc44        0x8 ./Application/User/X-CUBE-AI/App/network.o
 .rodata.conv2d_44_output_array_intq
                0x000000000810bc4c        0x8 ./Application/User/X-CUBE-AI/App/network.o
 .rodata.__compound_literal.222
                0x000000000810bc54        0x4 ./Application/User/X-CUBE-AI/App/network.o
 .rodata.__compound_literal.223
                0x000000000810bc58        0x1 ./Application/User/X-CUBE-AI/App/network.o
 *fill*         0x000000000810bc59        0x3 
 .rodata.__compound_literal.224
                0x000000000810bc5c        0x8 ./Application/User/X-CUBE-AI/App/network.o
 .rodata.conv2d_45_output_array_intq
                0x000000000810bc64        0x8 ./Application/User/X-CUBE-AI/App/network.o
 .rodata.__compound_literal.225
                0x000000000810bc6c        0x4 ./Application/User/X-CUBE-AI/App/network.o
 .rodata.__compound_literal.226
                0x000000000810bc70        0x1 ./Application/User/X-CUBE-AI/App/network.o
 *fill*         0x000000000810bc71        0x3 
 .rodata.__compound_literal.227
                0x000000000810bc74        0x8 ./Application/User/X-CUBE-AI/App/network.o
 .rodata.eltwise_46_output_array_intq
                0x000000000810bc7c        0x8 ./Application/User/X-CUBE-AI/App/network.o