Archive member included to satisfy reference by file (symbol)

/Applications/STM32CubeIDE.app/Contents/Eclipse/plugins/com.st.stm32cube.ide.mcu.externaltools.gnu-tools-for-stm32.11.3.rel1.macos64_1.1.100.202310310803/tools/bin/../lib/gcc/arm-none-eabi/11.3.1/../../../../arm-none-eabi/lib/thumb/v7e-m+fp/hard/libc_nano.a(libc_a-exit.o)
                              /Applications/STM32CubeIDE.app/Contents/Eclipse/plugins/com.st.stm32cube.ide.mcu.externaltools.gnu-tools-for-stm32.11.3.rel1.macos64_1.1.100.202310310803/tools/bin/../lib/gcc/arm-none-eabi/11.3.1/../../../../arm-none-eabi/lib/thumb/v7e-m+fp/hard/crt0.o (exit)
/Applications/STM32CubeIDE.app/Contents/Eclipse/plugins/com.st.stm32cube.ide.mcu.externaltools.gnu-tools-for-stm32.11.3.rel1.macos64_1.1.100.202310310803/tools/bin/../lib/gcc/arm-none-eabi/11.3.1/../../../../arm-none-eabi/lib/thumb/v7e-m+fp/hard/libc_nano.a(libc_a-findfp.o)
                              /Applications/STM32CubeIDE.app/Contents/Eclipse/plugins/com.st.stm32cube.ide.mcu.externaltools.gnu-tools-for-stm32.11.3.rel1.macos64_1.1.100.202310310803/tools/bin/../lib/gcc/arm-none-eabi/11.3.1/../../../../arm-none-eabi/lib/thumb/v7e-m+fp/hard/libc_nano.a(libc_a-exit.o) (__stdio_exit_handler)
/Applications/STM32CubeIDE.app/Contents/Eclipse/plugins/com.st.stm32cube.ide.mcu.externaltools.gnu-tools-for-stm32.11.3.rel1.macos64_1.1.100.202310310803/tools/bin/../lib/gcc/arm-none-eabi/11.3.1/../../../../arm-none-eabi/lib/thumb/v7e-m+fp/hard/libc_nano.a(libc_a-fwalk.o)
                              /Applications/STM32CubeIDE.app/Contents/Eclipse/plugins/com.st.stm32cube.ide.mcu.externaltools.gnu-tools-for-stm32.11.3.rel1.macos64_1.1.100.202310310803/tools/bin/../lib/gcc/arm-none-eabi/11.3.1/../../../../arm-none-eabi/lib/thumb/v7e-m+fp/hard/libc_nano.a(libc_a-findfp.o) (_fwalk_sglue)
/Applications/STM32CubeIDE.app/Contents/Eclipse/plugins/com.st.stm32cube.ide.mcu.externaltools.gnu-tools-for-stm32.11.3.rel1.macos64_1.1.100.202310310803/tools/bin/../lib/gcc/arm-none-eabi/11.3.1/../../../../arm-none-eabi/lib/thumb/v7e-m+fp/hard/libc_nano.a(libc_a-memset.o)
                              /Applications/STM32CubeIDE.app/Contents/Eclipse/plugins/com.st.stm32cube.ide.mcu.externaltools.gnu-tools-for-stm32.11.3.rel1.macos64_1.1.100.202310310803/tools/bin/../lib/gcc/arm-none-eabi/11.3.1/../../../../arm-none-eabi/lib/thumb/v7e-m+fp/hard/crt0.o (memset)
/Applications/STM32CubeIDE.app/Contents/Eclipse/plugins/com.st.stm32cube.ide.mcu.externaltools.gnu-tools-for-stm32.11.3.rel1.macos64_1.1.100.202310310803/tools/bin/../lib/gcc/arm-none-eabi/11.3.1/../../../../arm-none-eabi/lib/thumb/v7e-m+fp/hard/libc_nano.a(libc_a-impure.o)
                              /Applications/STM32CubeIDE.app/Contents/Eclipse/plugins/com.st.stm32cube.ide.mcu.externaltools.gnu-tools-for-stm32.11.3.rel1.macos64_1.1.100.202310310803/tools/bin/../lib/gcc/arm-none-eabi/11.3.1/../../../../arm-none-eabi/lib/thumb/v7e-m+fp/hard/libc_nano.a(libc_a-findfp.o) (_impure_data)
/Applications/STM32CubeIDE.app/Contents/Eclipse/plugins/com.st.stm32cube.ide.mcu.externaltools.gnu-tools-for-stm32.11.3.rel1.macos64_1.1.100.202310310803/tools/bin/../lib/gcc/arm-none-eabi/11.3.1/../../../../arm-none-eabi/lib/thumb/v7e-m+fp/hard/libc_nano.a(libc_a-errno.o)
                              ./Application/User/Core/syscalls.o (__errno)
/Applications/STM32CubeIDE.app/Contents/Eclipse/plugins/com.st.stm32cube.ide.mcu.externaltools.gnu-tools-for-stm32.11.3.rel1.macos64_1.1.100.202310310803/tools/bin/../lib/gcc/arm-none-eabi/11.3.1/../../../../arm-none-eabi/lib/thumb/v7e-m+fp/hard/libc_nano.a(libc_a-init.o)
                              /Applications/STM32CubeIDE.app/Contents/Eclipse/plugins/com.st.stm32cube.ide.mcu.externaltools.gnu-tools-for-stm32.11.3.rel1.macos64_1.1.100.202310310803/tools/bin/../lib/gcc/arm-none-eabi/11.3.1/../../../../arm-none-eabi/lib/thumb/v7e-m+fp/hard/crt0.o (__libc_init_array)
/Applications/STM32CubeIDE.app/Contents/Eclipse/plugins/com.st.stm32cube.ide.mcu.externaltools.gnu-tools-for-stm32.11.3.rel1.macos64_1.1.100.202310310803/tools/bin/../lib/gcc/arm-none-eabi/11.3.1/../../../../arm-none-eabi/lib/thumb/v7e-m+fp/hard/libc_nano.a(libc_a-lock.o)
                              /Applications/STM32CubeIDE.app/Contents/Eclipse/plugins/com.st.stm32cube.ide.mcu.externaltools.gnu-tools-for-stm32.11.3.rel1.macos64_1.1.100.202310310803/tools/bin/../lib/gcc/arm-none-eabi/11.3.1/../../../../arm-none-eabi/lib/thumb/v7e-m+fp/hard/libc_nano.a(libc_a-findfp.o) (__retarget_lock_init_recursive)
/Applications/STM32CubeIDE.app/Contents/Eclipse/plugins/com.st.stm32cube.ide.mcu.externaltools.gnu-tools-for-stm32.11.3.rel1.macos64_1.1.100.202310310803/tools/bin/../lib/gcc/arm-none-eabi/11.3.1/../../../../arm-none-eabi/lib/thumb/v7e-m+fp/hard/libc_nano.a(libc_a-mallocr.o)
[...]
Memory Configuration

Name             Origin             Length             Attributes
FLASH            0x0000000008100000 0x0000000000100000 xr
RAM              0x0000000010000000 0x0000000000048000 xrw
*default*        0x0000000000000000 0xffffffffffffffff

Linker script and memory map

LOAD /Applications/STM32CubeIDE.app/Contents/Eclipse/plugins/com.st.stm32cube.ide.mcu.externaltools.gnu-tools-for-stm32.11.3.rel1.macos64_1.1.100.202310310803/tools/bin/../lib/gcc/arm-none-eabi/11.3.1/thumb/v7e-m+fp/hard/crti.o
LOAD /Applications/STM32CubeIDE.app/Contents/Eclipse/plugins/com.st.stm32cube.ide.mcu.externaltools.gnu-tools-for-stm32.11.3.rel1.macos64_1.1.100.202310310803/tools/bin/../lib/gcc/arm-none-eabi/11.3.1/thumb/v7e-m+fp/hard/crtbegin.o
LOAD /Applications/STM32CubeIDE.app/Contents/Eclipse/plugins/com.st.stm32cube.ide.mcu.externaltools.gnu-tools-for-stm32.11.3.rel1.macos64_1.1.100.202310310803/tools/bin/../lib/gcc/arm-none-eabi/11.3.1/../../../../arm-none-eabi/lib/thumb/v7e-m+fp/hard/crt0.o
LOAD ./Application/User/Core/main.o
LOAD ./Application/User/Core/stm32h7xx_hal_msp.o
LOAD ./Application/User/Core/stm32h7xx_it.o
LOAD ./Application/User/Core/syscalls.o
LOAD ./Application/User/Core/sysmem.o
LOAD ./Application/User/Startup/startup_stm32h745xihx.o
LOAD ./Drivers/CMSIS/system_stm32h7xx_dualcore_boot_cm4_cm7.o
LOAD ./Drivers/STM32H7xx_HAL_Driver/stm32h7xx_hal.o
LOAD ./Drivers/STM32H7xx_HAL_Driver/stm32h7xx_hal_cortex.o
LOAD ./Drivers/STM32H7xx_HAL_Driver/stm32h7xx_hal_dma.o
LOAD ./Drivers/STM32H7xx_HAL_Driver/stm32h7xx_hal_dma_ex.o
LOAD ./Drivers/STM32H7xx_HAL_Driver/stm32h7xx_hal_exti.o
LOAD ./Drivers/STM32H7xx_HAL_Driver/stm32h7xx_hal_flash.o
LOAD ./Drivers/STM32H7xx_HAL_Driver/stm32h7xx_hal_flash_ex.o
LOAD ./Drivers/STM32H7xx_HAL_Driver/stm32h7xx_hal_gpio.o
LOAD ./Drivers/STM32H7xx_HAL_Driver/stm32h7xx_hal_hsem.o
LOAD ./Drivers/STM32H7xx_HAL_Driver/stm32h7xx_hal_i2c.o
LOAD ./Drivers/STM32H7xx_HAL_Driver/stm32h7xx_hal_i2c_ex.o
LOAD ./Drivers/STM32H7xx_HAL_Driver/stm32h7xx_hal_mdma.o
LOAD ./Drivers/STM32H7xx_HAL_Driver/stm32h7xx_hal_pwr.o
LOAD ./Drivers/STM32H7xx_HAL_Driver/stm32h7xx_hal_pwr_ex.o
LOAD ./Drivers/STM32H7xx_HAL_Driver/stm32h7xx_hal_rcc.o
LOAD ./Drivers/STM32H7xx_HAL_Driver/stm32h7xx_hal_rcc_ex.o
LOAD ./Drivers/STM32H7xx_HAL_Driver/stm32h7xx_hal_tim.o
LOAD ./Drivers/STM32H7xx_HAL_Driver/stm32h7xx_hal_tim_ex.o
START GROUP
LOAD /Applications/STM32CubeIDE.app/Contents/Eclipse/plugins/com.st.stm32cube.ide.mcu.externaltools.gnu-tools-for-stm32.11.3.rel1.macos64_1.1.100.202310310803/tools/bin/../lib/gcc/arm-none-eabi/11.3.1/../../../../arm-none-eabi/lib/thumb/v7e-m+fp/hard/libstdc++_nano.a
LOAD /Applications/STM32CubeIDE.app/Contents/Eclipse/plugins/com.st.stm32cube.ide.mcu.externaltools.gnu-tools-for-stm32.11.3.rel1.macos64_1.1.100.202310310803/tools/bin/../lib/gcc/arm-none-eabi/11.3.1/../../../../arm-none-eabi/lib/thumb/v7e-m+fp/hard/libsupc++_nano.a
END GROUP
LOAD /Applications/STM32CubeIDE.app/Contents/Eclipse/plugins/com.st.stm32cube.ide.mcu.externaltools.gnu-tools-for-stm32.11.3.rel1.macos64_1.1.100.202310310803/tools/bin/../lib/gcc/arm-none-eabi/11.3.1/../../../../arm-none-eabi/lib/thumb/v7e-m+fp/hard/libstdc++_nano.a
LOAD /Applications/STM32CubeIDE.app/Contents/Eclipse/plugins/com.st.stm32cube.ide.mcu.externaltools.gnu-tools-for-stm32.11.3.rel1.macos64_1.1.100.202310310803/tools/bin/../lib/gcc/arm-none-eabi/11.3.1/../../../../arm-none-eabi/lib/thumb/v7e-m+fp/hard/libm.a
LOAD /Applications/STM32CubeIDE.app/Contents/Eclipse/plugins/com.st.stm32cube.ide.mcu.externaltools.gnu-tools-for-stm32.11.3.rel1.macos64_1.1.100.202310310803/tools/bin/../lib/gcc/arm-none-eabi/11.3.1/../../../../arm-none-eabi/lib/thumb/v7e-m+fp/hard/libc_nano.a
START GROUP
LOAD /Applications/STM32CubeIDE.app/Contents/Eclipse/plugins/com.st.stm32cube.ide.mcu.externaltools.gnu-tools-for-stm32.11.3.rel1.macos64_1.1.100.202310310803/tools/bin/../lib/gcc/arm-none-eabi/11.3.1/thumb/v7e-m+fp/hard/libgcc.a
LOAD /Applications/STM32CubeIDE.app/Contents/Eclipse/plugins/com.st.stm32cube.ide.mcu.externaltools.gnu-tools-for-stm32.11.3.rel1.macos64_1.1.100.202310310803/tools/bin/../lib/gcc/arm-none-eabi/11.3.1/../../../../arm-none-eabi/lib/thumb/v7e-m+fp/hard/libc_nano.a
END GROUP
START GROUP
LOAD /Applications/STM32CubeIDE.app/Contents/Eclipse/plugins/com.st.stm32cube.ide.mcu.externaltools.gnu-tools-for-stm32.11.3.rel1.macos64_1.1.100.202310310803/tools/bin/../lib/gcc/arm-none-eabi/11.3.1/thumb/v7e-m+fp/hard/libgcc.a
LOAD /Applications/STM32CubeIDE.app/Contents/Eclipse/plugins/com.st.stm32cube.ide.mcu.externaltools.gnu-tools-for-stm32.11.3.rel1.macos64_1.1.100.202310310803/tools/bin/../lib/gcc/arm-none-eabi/11.3.1/../../../../arm-none-eabi/lib/thumb/v7e-m+fp/hard/libc_nano.a
LOAD /Applications/STM32CubeIDE.app/Contents/Eclipse/plugins/com.st.stm32cube.ide.mcu.externaltools.gnu-tools-for-stm32.11.3.rel1.macos64_1.1.100.202310310803/tools/bin/../lib/gcc/arm-none-eabi/11.3.1/../../../../arm-none-eabi/lib/thumb/v7e-m+fp/hard/libnosys.a
END GROUP
START GROUP
LOAD /Applications/STM32CubeIDE.app/Contents/Eclipse/plugins/com.st.stm32cube.ide.mcu.externaltools.gnu-tools-for-stm32.11.3.rel1.macos64_1.1.100.202310310803/tools/bin/../lib/gcc/arm-none-eabi/11.3.1/thumb/v7e-m+fp/hard/libgcc.a
LOAD /Applications/STM32CubeIDE.app/Contents/Eclipse/plugins/com.st.stm32cube.ide.mcu.externaltools.gnu-tools-for-stm32.11.3.rel1.macos64_1.1.100.202310310803/tools/bin/../lib/gcc/arm-none-eabi/11.3.1/../../../../arm-none-eabi/lib/thumb/v7e-m+fp/hard/libc_nano.a
LOAD /Applications/STM32CubeIDE.app/Contents/Eclipse/plugins/com.st.stm32cube.ide.mcu.externaltools.gnu-tools-for-stm32.11.3.rel1.macos64_1.1.100.202310310803/tools/bin/../lib/gcc/arm-none-eabi/11.3.1/../../../../arm-none-eabi/lib/thumb/v7e-m+fp/hard/libnosys.a
END GROUP
LOAD /Applications/STM32CubeIDE.app/Contents/Eclipse/plugins/com.st.stm32cube.ide.mcu.externaltools.gnu-tools-for-stm32.11.3.rel1.macos64_1.1.100.202310310803/tools/bin/../lib/gcc/arm-none-eabi/11.3.1/thumb/v7e-m+fp/hard/crtend.o
LOAD /Applications/STM32CubeIDE.app/Contents/Eclipse/plugins/com.st.stm32cube.ide.mcu.externaltools.gnu-tools-for-stm32.11.3.rel1.macos64_1.1.100.202310310803/tools/bin/../lib/gcc/arm-none-eabi/11.3.1/thumb/v7e-m+fp/hard/crtn.o
                0x0000000010048000                _estack = (ORIGIN (RAM) + LENGTH (RAM))
                0x0000000000000200                _Min_Heap_Size = 0x200
                0x0000000000000400                _Min_Stack_Size = 0x400

.isr_vector     0x0000000008100000      0x298
                0x0000000008100000                . = ALIGN (0x4)
 *(.isr_vector)
 .isr_vector    0x0000000008100000      0x298 ./Application/User/Startup/startup_stm32h745xihx.o
                0x0000000008100000                g_pfnVectors
                0x0000000008100298                . = ALIGN (0x4)

.text           0x0000000008100298     0x15c0
                0x0000000008100298                . = ALIGN (0x4)
 *(.text)
 .text          0x0000000008100298       0x40 /Applications/STM32CubeIDE.app/Contents/Eclipse/plugins/com.st.stm32cube.ide.mcu.externaltools.gnu-tools-for-stm32.11.3.rel1.macos64_1.1.100.202310310803/tools/bin/../lib/gcc/arm-none-eabi/11.3.1/thumb/v7e-m+fp/hard/crtbegin.o
 *(.text*)
 .text.main     0x00000000081002d8       0x84 ./Application/User/Core/main.o
                0x00000000081002d8                main
 .text.MX_DMA_Init
                0x000000000810035c       0x9c ./Application/User/Core/main.o
 .text.MX_MDMA_Init
                0x00000000081003f8       0x34 ./Application/User/Core/main.o
 .text.Error_Handler
                0x000000000810042c        0xa ./Application/User/Core/main.o
                0x000000000810042c                Error_Handler
 *fill*         0x0000000008100436        0x2 
 .text.HAL_MspInit
                0x0000000008100438       0x34 ./Application/User/Core/stm32h7xx_hal_msp.o
                0x0000000008100438                HAL_MspInit
 .text.NMI_Handler
                0x000000000810046c        0x6 ./Application/User/Core/stm32h7xx_it.o
                0x000000000810046c                NMI_Handler
 .text.HardFault_Handler
                0x0000000008100472        0x6 ./Application/User/Core/stm32h7xx_it.o
                0x0000000008100472                HardFault_Handler
 .text.MemManage_Handler
                0x0000000008100478        0x6 ./Application/User/Core/stm32h7xx_it.o
                0x0000000008100478                MemManage_Handler
 .text.BusFault_Handler
                0x000000000810047e        0x6 ./Application/User/Core/stm32h7xx_it.o
                0x000000000810047e                BusFault_Handler
 .text.UsageFault_Handler
                0x0000000008100484        0x6 ./Application/User/Core/stm32h7xx_it.o
                0x0000000008100484                UsageFault_Handler
 .text.SVC_Handler
                0x000000000810048a        0xe ./Application/User/Core/stm32h7xx_it.o
                0x000000000810048a                SVC_Handler
 .text.DebugMon_Handler
                0x0000000008100498        0xe ./Application/User/Core/stm32h7xx_it.o
                0x0000000008100498                DebugMon_Handler
 .text.PendSV_Handler
                0x00000000081004a6        0xe ./Application/User/Core/stm32h7xx_it.o
                0x00000000081004a6                PendSV_Handler
 .text.SysTick_Handler
                0x00000000081004b4        0xc ./Application/User/Core/stm32h7xx_it.o
                0x00000000081004b4                SysTick_Handler
 .text.Reset_Handler
                0x00000000081004c0       0x50 ./Application/User/Startup/startup_stm32h745xihx.o
                0x00000000081004c0                Reset_Handler
 .text.Default_Handler
                0x0000000008100510        0x2 ./Application/User/Startup/startup_stm32h745xihx.o
                0x0000000008100510                DMA1_Stream3_IRQHandler
                0x0000000008100510                EXTI2_IRQHandler
                0x0000000008100510                TIM8_CC_IRQHandler
                0x0000000008100510                HRTIM1_Master_IRQHandler
                0x0000000008100510                UART8_IRQHandler
                0x0000000008100510                SPI4_IRQHandler
                0x0000000008100510                TIM1_CC_IRQHandler
                0x0000000008100510                BDMA_Channel6_IRQHandler
                0x0000000008100510                DMA2_Stream5_IRQHandler
                0x0000000008100510                HRTIM1_FLT_IRQHandler
                0x0000000008100510                JPEG_IRQHandler
                0x0000000008100510                DMA1_Stream5_IRQHandler
                0x0000000008100510                BDMA_Channel1_IRQHandler
                0x0000000008100510                HRTIM1_TIMD_IRQHandler
                0x0000000008100510                TAMP_STAMP_IRQHandler
                0x0000000008100510                EXTI3_IRQHandler
                0x0000000008100510                LPTIM4_IRQHandler
                0x0000000008100510                TIM8_TRG_COM_TIM14_IRQHandler
                0x0000000008100510                LPTIM2_IRQHandler
                0x0000000008100510                DFSDM1_FLT1_IRQHandler
                0x0000000008100510                DMAMUX2_OVR_IRQHandler
                0x0000000008100510                TIM8_UP_TIM13_IRQHandler
                0x0000000008100510                I2C3_ER_IRQHandler
                0x0000000008100510                DFSDM1_FLT2_IRQHandler
                0x0000000008100510                MDMA_IRQHandler
                0x0000000008100510                LPTIM3_IRQHandler
                0x0000000008100510                HSEM1_IRQHandler
                0x0000000008100510                EXTI0_IRQHandler
                0x0000000008100510                I2C2_EV_IRQHandler
                0x0000000008100510                DMA1_Stream2_IRQHandler
                0x0000000008100510                FPU_IRQHandler
                0x0000000008100510                OTG_HS_WKUP_IRQHandler
                0x0000000008100510                FDCAN1_IT1_IRQHandler
                0x0000000008100510                LTDC_ER_IRQHandler
                0x0000000008100510                DMA2_Stream2_IRQHandler
                0x0000000008100510                HRTIM1_TIME_IRQHandler
                0x0000000008100510                SPI1_IRQHandler
                0x0000000008100510                TIM6_DAC_IRQHandler
                0x0000000008100510                DCMI_IRQHandler
                0x0000000008100510                HRTIM1_TIMC_IRQHandler
                0x0000000008100510                DMA2_Stream3_IRQHandler
                0x0000000008100510                SAI2_IRQHandler
                0x0000000008100510                DFSDM1_FLT3_IRQHandler
                0x0000000008100510                USART6_IRQHandler
                0x0000000008100510                TIM17_IRQHandler
                0x0000000008100510                USART3_IRQHandler
                0x0000000008100510                BDMA_Channel7_IRQHandler
                0x0000000008100510                LPTIM5_IRQHandler
                0x0000000008100510                UART5_IRQHandler
                0x0000000008100510                ADC3_IRQHandler
                0x0000000008100510                DMA2_Stream0_IRQHandler
                0x0000000008100510                TIM4_IRQHandler
                0x0000000008100510                BDMA_Channel2_IRQHandler
                0x0000000008100510                QUADSPI_IRQHandler
                0x0000000008100510                I2C1_EV_IRQHandler
                0x0000000008100510                DMA1_Stream6_IRQHandler
                0x0000000008100510                DMAMUX1_OVR_IRQHandler
                0x0000000008100510                DMA1_Stream1_IRQHandler
                0x0000000008100510                TIM16_IRQHandler
                0x0000000008100510                UART4_IRQHandler
                0x0000000008100510                BDMA_Channel5_IRQHandler
                0x0000000008100510                TIM3_IRQHandler
                0x0000000008100510                RCC_IRQHandler
                0x0000000008100510                TIM8_BRK_TIM12_IRQHandler
                0x0000000008100510                TIM1_TRG_COM_IRQHandler
                0x0000000008100510                Default_Handler
                0x0000000008100510                ECC_IRQHandler
                0x0000000008100510                CEC_IRQHandler
                0x0000000008100510                EXTI15_10_IRQHandler
                0x0000000008100510                BDMA_Channel0_IRQHandler
                0x0000000008100510                ADC_IRQHandler
                0x0000000008100510                DMA1_Stream7_IRQHandler
                0x0000000008100510                HRTIM1_TIMA_IRQHandler
                0x0000000008100510                SPI5_IRQHandler
                0x0000000008100510                TIM7_IRQHandler
                0x0000000008100510                SDMMC1_IRQHandler
                0x0000000008100510                TIM5_IRQHandler
                0x0000000008100510                DMA2_Stream7_IRQHandler
                0x0000000008100510                TIM15_IRQHandler
                0x0000000008100510                PVD_AVD_IRQHandler
                0x0000000008100510                I2C3_EV_IRQHandler
                0x0000000008100510                EXTI9_5_IRQHandler
                0x0000000008100510                RTC_WKUP_IRQHandler
                0x0000000008100510                LTDC_IRQHandler
                0x0000000008100510                SAI3_IRQHandler
                0x0000000008100510                ETH_WKUP_IRQHandler
                0x0000000008100510                SPDIF_RX_IRQHandler
                0x0000000008100510                SPI2_IRQHandler
                0x0000000008100510                OTG_HS_EP1_IN_IRQHandler
                0x0000000008100510                DMA1_Stream0_IRQHandler
                0x0000000008100510                CRS_IRQHandler
                0x0000000008100510                CM7_SEV_IRQHandler
                0x0000000008100510                EXTI4_IRQHandler
                0x0000000008100510                RNG_IRQHandler
                0x0000000008100510                CM4_SEV_IRQHandler
                0x0000000008100510                HRTIM1_TIMB_IRQHandler
                0x0000000008100510                FDCAN2_IT1_IRQHandler
                0x0000000008100510                ETH_IRQHandler
                0x0000000008100510                TIM1_UP_IRQHandler
                0x0000000008100510                WWDG_RST_IRQHandler
                0x0000000008100510                BDMA_Channel4_IRQHandler
                0x0000000008100510                OTG_HS_EP1_OUT_IRQHandler
                0x0000000008100510                WWDG_IRQHandler
                0x0000000008100510                SPI6_IRQHandler
                0x0000000008100510                MDIOS_IRQHandler
                0x0000000008100510                I2C4_EV_IRQHandler
                0x0000000008100510                FDCAN2_IT0_IRQHandler
                0x0000000008100510                LPUART1_IRQHandler
                0x0000000008100510                FDCAN1_IT0_IRQHandler
                0x0000000008100510                TIM2_IRQHandler
                0x0000000008100510                OTG_FS_WKUP_IRQHandler
                0x0000000008100510                OTG_HS_IRQHandler
                0x0000000008100510                HSEM2_IRQHandler
                0x0000000008100510                DMA2D_IRQHandler
                0x0000000008100510                TIM1_BRK_IRQHandler
                0x0000000008100510                EXTI1_IRQHandler
                0x0000000008100510                SDMMC2_IRQHandler
                0x0000000008100510                OTG_FS_EP1_OUT_IRQHandler
                0x0000000008100510                BDMA_Channel3_IRQHandler
                0x0000000008100510                HOLD_CORE_IRQHandler
                0x0000000008100510                UART7_IRQHandler
                0x0000000008100510                MDIOS_WKUP_IRQHandler
                0x0000000008100510                USART2_IRQHandler
                0x0000000008100510                DFSDM1_FLT0_IRQHandler
                0x0000000008100510                SAI4_IRQHandler
                0x0000000008100510                I2C2_ER_IRQHandler
                0x0000000008100510                DMA2_Stream1_IRQHandler
                0x0000000008100510                FLASH_IRQHandler
                0x0000000008100510                DMA2_Stream4_IRQHandler
                0x0000000008100510                USART1_IRQHandler
                0x0000000008100510                OTG_FS_IRQHandler
                0x0000000008100510                SPI3_IRQHandler
                0x0000000008100510                WAKEUP_PIN_IRQHandler
                0x0000000008100510                DMA1_Stream4_IRQHandler
                0x0000000008100510                OTG_FS_EP1_IN_IRQHandler
                0x0000000008100510                I2C1_ER_IRQHandler
                0x0000000008100510                FMC_IRQHandler
                0x0000000008100510                FDCAN_CAL_IRQHandler
                0x0000000008100510                SWPMI1_IRQHandler
                0x0000000008100510                COMP1_IRQHandler
                0x0000000008100510                LPTIM1_IRQHandler
                0x0000000008100510                I2C4_ER_IRQHandler
                0x0000000008100510                DMA2_Stream6_IRQHandler
                0x0000000008100510                SAI1_IRQHandler
                0x0000000008100510                RTC_Alarm_IRQHandler
 *fill*         0x0000000008100512        0x2 
 .text.SystemInit
                0x0000000008100514       0x38 ./Drivers/CMSIS/system_stm32h7xx_dualcore_boot_cm4_cm7.o
                0x0000000008100514                SystemInit
 .text.HAL_Init
                0x000000000810054c       0xbc ./Drivers/STM32H7xx_HAL_Driver/stm32h7xx_hal.o
                0x000000000810054c                HAL_Init
 .text.HAL_InitTick
                0x0000000008100608       0x6c ./Drivers/STM32H7xx_HAL_Driver/stm32h7xx_hal.o
                0x0000000008100608                HAL_InitTick
 .text.HAL_IncTick
                0x0000000008100674       0x28 ./Drivers/STM32H7xx_HAL_Driver/stm32h7xx_hal.o
                0x0000000008100674                HAL_IncTick
 .text.HAL_GetTick
                0x000000000810069c       0x18 ./Drivers/STM32H7xx_HAL_Driver/stm32h7xx_hal.o
                0x000000000810069c                HAL_GetTick
 .text.__NVIC_SetPriorityGrouping
                0x00000000081006b4       0x48 ./Drivers/STM32H7xx_HAL_Driver/stm32h7xx_hal_cortex.o
 .text.__NVIC_GetPriorityGrouping
                0x00000000081006fc       0x1c ./Drivers/STM32H7xx_HAL_Driver/stm32h7xx_hal_cortex.o
 .text.__NVIC_SetPriority
                0x0000000008100718       0x54 ./Drivers/STM32H7xx_HAL_Driver/stm32h7xx_hal_cortex.o
 .text.NVIC_EncodePriority
                0x000000000810076c       0x66 ./Drivers/STM32H7xx_HAL_Driver/stm32h7xx_hal_cortex.o
 *fill*         0x00000000081007d2        0x2 
 .text.SysTick_Config
                0x00000000081007d4       0x44 ./Drivers/STM32H7xx_HAL_Driver/stm32h7xx_hal_cortex.o
 .text.HAL_NVIC_SetPriorityGrouping
                0x0000000008100818       0x16 ./Drivers/STM32H7xx_HAL_Driver/stm32h7xx_hal_cortex.o
                0x0000000008100818                HAL_NVIC_SetPriorityGrouping
 .text.HAL_NVIC_SetPriority
                0x000000000810082e       0x34 ./Drivers/STM32H7xx_HAL_Driver/stm32h7xx_hal_cortex.o
                0x000000000810082e                HAL_NVIC_SetPriority
 .text.HAL_SYSTICK_Config
                0x0000000008100862       0x18 ./Drivers/STM32H7xx_HAL_Driver/stm32h7xx_hal_cortex.o
                0x0000000008100862                HAL_SYSTICK_Config
 *fill*         0x000000000810087a        0x2 
 .text.HAL_GetCurrentCPUID
                0x000000000810087c       0x28 ./Drivers/STM32H7xx_HAL_Driver/stm32h7xx_hal_cortex.o
                0x000000000810087c                HAL_GetCurrentCPUID
 .text.HAL_DMA_Init
                0x00000000081008a4      0x6b4 ./Drivers/STM32H7xx_HAL_Driver/stm32h7xx_hal_dma.o
                0x00000000081008a4                HAL_DMA_Init
 .text.DMA_CalcBaseAndBitshift
                0x0000000008100f58      0x164 ./Drivers/STM32H7xx_HAL_Driver/stm32h7xx_hal_dma.o
 .text.DMA_CheckFifoParam
                0x00000000081010bc       0xf8 ./Drivers/STM32H7xx_HAL_Driver/stm32h7xx_hal_dma.o
 .text.DMA_CalcDMAMUXChannelBaseAndMask
                0x00000000081011b4      0x134 ./Drivers/STM32H7xx_HAL_Driver/stm32h7xx_hal_dma.o
 .text.DMA_CalcDMAMUXRequestGenBaseAndMask
                0x00000000081012e8       0xe8 ./Drivers/STM32H7xx_HAL_Driver/stm32h7xx_hal_dma.o
 .text.HAL_HSEM_ActivateNotification
                0x00000000081013d0       0x24 ./Drivers/STM32H7xx_HAL_Driver/stm32h7xx_hal_hsem.o
                0x00000000081013d0                HAL_HSEM_ActivateNotification
 .text.HAL_PWREx_EnterSTOPMode
                0x00000000081013f4       0xf4 ./Drivers/STM32H7xx_HAL_Driver/stm32h7xx_hal_pwr_ex.o
                0x00000000081013f4                HAL_PWREx_EnterSTOPMode
 .text.HAL_PWREx_ClearPendingEvent
                0x00000000081014e8       0x1a ./Drivers/STM32H7xx_HAL_Driver/stm32h7xx_hal_pwr_ex.o
                0x00000000081014e8                HAL_PWREx_ClearPendingEvent
 *fill*         0x0000000008101502        0x2 
 .text.HAL_RCC_GetSysClockFreq
                0x0000000008101504      0x2f4 ./Drivers/STM32H7xx_HAL_Driver/stm32h7xx_hal_rcc.o
                0x0000000008101504                HAL_RCC_GetSysClockFreq
 .text.__libc_init_array
                0x00000000081017f8       0x48 /Applications/STM32CubeIDE.app/Contents/Eclipse/plugins/com.st.stm32cube.ide.mcu.externaltools.gnu-tools-for-stm32.11.3.rel1.macos64_1.1.100.202310310803/tools/bin/../lib/gcc/arm-none-eabi/11.3.1/../../../../arm-none-eabi/lib/thumb/v7e-m+fp/hard/libc_nano.a(libc_a-init.o)
                0x00000000081017f8                __libc_init_array
 *(.glue_7)
 .glue_7        0x0000000008101840        0x0 linker stubs
 *(.glue_7t)
 .glue_7t       0x0000000008101840        0x0 linker stubs
 *(.eh_frame)
 .eh_frame      0x0000000008101840        0x0 /Applications/STM32CubeIDE.app/Contents/Eclipse/plugins/com.st.stm32cube.ide.mcu.externaltools.gnu-tools-for-stm32.11.3.rel1.macos64_1.1.100.202310310803/tools/bin/../lib/gcc/arm-none-eabi/11.3.1/thumb/v7e-m+fp/hard/crtbegin.o
 *(.init)
 .init          0x0000000008101840        0x4 /Applications/STM32CubeIDE.app/Contents/Eclipse/plugins/com.st.stm32cube.ide.mcu.externaltools.gnu-tools-for-stm32.11.3.rel1.macos64_1.1.100.202310310803/tools/bin/../lib/gcc/arm-none-eabi/11.3.1/thumb/v7e-m+fp/hard/crti.o
                0x0000000008101840                _init
 .init          0x0000000008101844        0x8 /Applications/STM32CubeIDE.app/Contents/Eclipse/plugins/com.st.stm32cube.ide.mcu.externaltools.gnu-tools-for-stm32.11.3.rel1.macos64_1.1.100.202310310803/tools/bin/../lib/gcc/arm-none-eabi/11.3.1/thumb/v7e-m+fp/hard/crtn.o
 *(.fini)
 .fini          0x000000000810184c        0x4 /Applications/STM32CubeIDE.app/Contents/Eclipse/plugins/com.st.stm32cube.ide.mcu.externaltools.gnu-tools-for-stm32.11.3.rel1.macos64_1.1.100.202310310803/tools/bin/../lib/gcc/arm-none-eabi/11.3.1/thumb/v7e-m+fp/hard/crti.o
                0x000000000810184c                _fini
 .fini          0x0000000008101850        0x8 /Applications/STM32CubeIDE.app/Contents/Eclipse/plugins/com.st.stm32cube.ide.mcu.externaltools.gnu-tools-for-stm32.11.3.rel1.macos64_1.1.100.202310310803/tools/bin/../lib/gcc/arm-none-eabi/11.3.1/thumb/v7e-m+fp/hard/crtn.o
                0x0000000008101858                . = ALIGN (0x4)
                0x0000000008101858                _etext = .

.vfp11_veneer   0x0000000008101858        0x0
 .vfp11_veneer  0x0000000008101858        0x0 linker stubs

.v4_bx          0x0000000008101858        0x0
 .v4_bx         0x0000000008101858        0x0 linker stubs

.iplt           0x0000000008101858        0x0
 .iplt          0x0000000008101858        0x0 /Applications/STM32CubeIDE.app/Contents/Eclipse/plugins/com.st.stm32cube.ide.mcu.externaltools.gnu-tools-for-stm32.11.3.rel1.macos64_1.1.100.202310310803/tools/bin/../lib/gcc/arm-none-eabi/11.3.1/thumb/v7e-m+fp/hard/crtbegin.o

.rodata         0x0000000008101858       0x18
                0x0000000008101858                . = ALIGN (0x4)
 *(.rodata)
 *(.rodata*)
 .rodata.D1CorePrescTable
                0x0000000008101858       0x10 ./Drivers/CMSIS/system_stm32h7xx_dualcore_boot_cm4_cm7.o
                0x0000000008101858                D1CorePrescTable
 .rodata.flagBitshiftOffset.0
                0x0000000008101868        0x8 ./Drivers/STM32H7xx_HAL_Driver/stm32h7xx_hal_dma.o
                0x0000000008101870                . = ALIGN (0x4)

.rel.dyn        0x0000000008101870        0x0
 .rel.iplt      0x0000000008101870        0x0 /Applications/STM32CubeIDE.app/Contents/Eclipse/plugins/com.st.stm32cube.ide.mcu.externaltools.gnu-tools-for-stm32.11.3.rel1.macos64_1.1.100.202310310803/tools/bin/../lib/gcc/arm-none-eabi/11.3.1/thumb/v7e-m+fp/hard/crtbegin.o

.ARM.extab
 *(.ARM.extab* .gnu.linkonce.armextab.*)

.ARM            0x0000000008101870        0x0
                0x0000000008101870                __exidx_start = .
 *(.ARM.exidx*)
                0x0000000008101870                __exidx_end = .

.preinit_array  0x0000000008101870        0x0
                0x0000000008101870                PROVIDE (__preinit_array_start = .)
 *(.preinit_array*)
                0x0000000008101870                PROVIDE (__preinit_array_end = .)

.init_array     0x0000000008101870        0x4
                0x0000000008101870                PROVIDE (__init_array_start = .)
 *(SORT_BY_NAME(.init_array.*))
 *(.init_array*)
 .init_array    0x0000000008101870        0x4 /Applications/STM32CubeIDE.app/Contents/Eclipse/plugins/com.st.stm32cube.ide.mcu.externaltools.gnu-tools-for-stm32.11.3.rel1.macos64_1.1.100.202310310803/tools/bin/../lib/gcc/arm-none-eabi/11.3.1/thumb/v7e-m+fp/hard/crtbegin.o
                0x0000000008101874                PROVIDE (__init_array_end = .)

.fini_array     0x0000000008101874        0x4
                [!provide]                        PROVIDE (__fini_array_start = .)
 *(SORT_BY_NAME(.fini_array.*))
 *(.fini_array*)
 .fini_array    0x0000000008101874        0x4 /Applications/STM32CubeIDE.app/Contents/Eclipse/plugins/com.st.stm32cube.ide.mcu.externaltools.gnu-tools-for-stm32.11.3.rel1.macos64_1.1.100.202310310803/tools/bin/../lib/gcc/arm-none-eabi/11.3.1/thumb/v7e-m+fp/hard/crtbegin.o
                [!provide]                        PROVIDE (__fini_array_end = .)
                0x0000000008101878                _sidata = LOADADDR (.data)

.data           0x0000000010000000       0x10 load address 0x0000000008101878
                0x0000000010000000                . = ALIGN (0x4)
                0x0000000010000000                _sdata = .
 *(.data)
 *(.data*)
 .data.SystemCoreClock
                0x0000000010000000        0x4 ./Drivers/CMSIS/system_stm32h7xx_dualcore_boot_cm4_cm7.o
                0x0000000010000000                SystemCoreClock
 .data.SystemD2Clock
                0x0000000010000004        0x4 ./Drivers/CMSIS/system_stm32h7xx_dualcore_boot_cm4_cm7.o
                0x0000000010000004                SystemD2Clock
 .data.uwTickPrio
                0x0000000010000008        0x4 ./Drivers/STM32H7xx_HAL_Driver/stm32h7xx_hal.o
                0x0000000010000008                uwTickPrio
 .data.uwTickFreq
                0x000000001000000c        0x1 ./Drivers/STM32H7xx_HAL_Driver/stm32h7xx_hal.o
                0x000000001000000c                uwTickFreq
 *(.RamFunc)
 *(.RamFunc*)
                0x0000000010000010                . = ALIGN (0x4)
 *fill*         0x000000001000000d        0x3 
                0x0000000010000010                _edata = .

.igot.plt       0x0000000010000010        0x0 load address 0x0000000008101888
 .igot.plt      0x0000000010000010        0x0 /Applications/STM32CubeIDE.app/Contents/Eclipse/plugins/com.st.stm32cube.ide.mcu.externaltools.gnu-tools-for-stm32.11.3.rel1.macos64_1.1.100.202310310803/tools/bin/../lib/gcc/arm-none-eabi/11.3.1/thumb/v7e-m+fp/hard/crtbegin.o
                0x0000000010000010                . = ALIGN (0x4)

.bss            0x0000000010000010       0x98 load address 0x0000000008101888
                0x0000000010000010                _sbss = .
                0x0000000010000010                __bss_start__ = _sbss
 *(.bss)
 .bss           0x0000000010000010       0x1c /Applications/STM32CubeIDE.app/Contents/Eclipse/plugins/com.st.stm32cube.ide.mcu.externaltools.gnu-tools-for-stm32.11.3.rel1.macos64_1.1.100.202310310803/tools/bin/../lib/gcc/arm-none-eabi/11.3.1/thumb/v7e-m+fp/hard/crtbegin.o
 *(.bss*)
 .bss.hdma_memtomem_dma1_stream2
                0x000000001000002c       0x78 ./Application/User/Core/main.o
                0x000000001000002c                hdma_memtomem_dma1_stream2
 .bss.uwTick    0x00000000100000a4        0x4 ./Drivers/STM32H7xx_HAL_Driver/stm32h7xx_hal.o
                0x00000000100000a4                uwTick
 *(COMMON)
                0x00000000100000a8                . = ALIGN (0x4)
                0x00000000100000a8                _ebss = .
                0x00000000100000a8                __bss_end__ = _ebss

._user_heap_stack
                0x00000000100000a8      0x600 load address 0x0000000008101888
                0x00000000100000a8                . = ALIGN (0x8)
                [!provide]                        PROVIDE (end = .)
                0x00000000100000a8                PROVIDE (_end = .)
                0x00000000100002a8                . = (. + _Min_Heap_Size)
 *fill*         0x00000000100000a8      0x200 
                0x00000000100006a8                . = (. + _Min_Stack_Size)
 *fill*         0x00000000100002a8      0x400 
                0x00000000100006a8                . = ALIGN (0x8)

/DISCARD/
 libc.a(*)
 libm.a(*)
 libgcc.a(*)

.ARM.attributes
                0x0000000000000000       0x30
 *(.ARM.attributes)
 .ARM.attributes
                0x0000000000000000       0x1e /Applications/STM32CubeIDE.app/Contents/Eclipse/plugins/com.st.stm32cube.ide.mcu.externaltools.gnu-tools-for-stm32.11.3.rel1.macos64_1.1.100.202310310803/tools/bin/../lib/gcc/arm-none-eabi/11.3.1/thumb/v7e-m+fp/hard/crti.o
 .ARM.attributes
                0x000000000000001e       0x34 /Applications/STM32CubeIDE.app/Contents/Eclipse/plugins/com.st.stm32cube.ide.mcu.externaltools.gnu-tools-for-stm32.11.3.rel1.macos64_1.1.100.202310310803/tools/bin/../lib/gcc/arm-none-eabi/11.3.1/thumb/v7e-m+fp/hard/crtbegin.o
 .ARM.attributes
                0x0000000000000052       0x34 ./Application/User/Core/main.o
 .ARM.attributes
                0x0000000000000086       0x34 ./Application/User/Core/stm32h7xx_hal_msp.o
 .ARM.attributes
                0x00000000000000ba       0x34 ./Application/User/Core/stm32h7xx_it.o
 .ARM.attributes
                0x00000000000000ee       0x21 ./Application/User/Startup/startup_stm32h745xihx.o
 .ARM.attributes
                0x000000000000010f       0x34 ./Drivers/CMSIS/system_stm32h7xx_dualcore_boot_cm4_cm7.o
 .ARM.attributes
                0x0000000000000143       0x34 ./Drivers/STM32H7xx_HAL_Driver/stm32h7xx_hal.o
 .ARM.attributes
                0x0000000000000177       0x34 ./Drivers/STM32H7xx_HAL_Driver/stm32h7xx_hal_cortex.o
 .ARM.attributes
                0x00000000000001ab       0x34 ./Drivers/STM32H7xx_HAL_Driver/stm32h7xx_hal_dma.o
 .ARM.attributes
                0x00000000000001df       0x34 ./Drivers/STM32H7xx_HAL_Driver/stm32h7xx_hal_hsem.o
 .ARM.attributes
                0x0000000000000213       0x34 ./Drivers/STM32H7xx_HAL_Driver/stm32h7xx_hal_pwr_ex.o
 .ARM.attributes
                0x0000000000000247       0x34 ./Drivers/STM32H7xx_HAL_Driver/stm32h7xx_hal_rcc.o
 .ARM.attributes
                0x000000000000027b       0x34 /Applications/STM32CubeIDE.app/Contents/Eclipse/plugins/com.st.stm32cube.ide.mcu.externaltools.gnu-tools-for-stm32.11.3.rel1.macos64_1.1.100.202310310803/tools/bin/../lib/gcc/arm-none-eabi/11.3.1/../../../../arm-none-eabi/lib/thumb/v7e-m+fp/hard/libc_nano.a(libc_a-init.o)
 .ARM.attributes
                0x00000000000002af       0x1e /Applications/STM32CubeIDE.app/Contents/Eclipse/plugins/com.st.stm32cube.ide.mcu.externaltools.gnu-tools-for-stm32.11.3.rel1.macos64_1.1.100.202310310803/tools/bin/../lib/gcc/arm-none-eabi/11.3.1/thumb/v7e-m+fp/hard/crtn.o
OUTPUT(RTOS_ML_SPI_CM4.elf elf32-littlearm)
LOAD linker stubs
LOAD /Applications/STM32CubeIDE.app/Contents/Eclipse/plugins/com.st.stm32cube.ide.mcu.externaltools.gnu-tools-for-stm32.11.3.rel1.macos64_1.1.100.202310310803/tools/bin/../lib/gcc/arm-none-eabi/11.3.1/../../../../arm-none-eabi/lib/thumb/v7e-m+fp/hard/libc.a
LOAD /Applications/STM32CubeIDE.app/Contents/Eclipse/plugins/com.st.stm32cube.ide.mcu.externaltools.gnu-tools-for-stm32.11.3.rel1.macos64_1.1.100.202310310803/tools/bin/../lib/gcc/arm-none-eabi/11.3.1/../../../../arm-none-eabi/lib/thumb/v7e-m+fp/hard/libm.a
LOAD /Applications/STM32CubeIDE.app/Contents/Eclipse/plugins/com.st.stm32cube.ide.mcu.externaltools.gnu-tools-for-stm32.11.3.rel1.macos64_1.1.100.202310310803/tools/bin/../lib/gcc/arm-none-eabi/11.3.1/thumb/v7e-m+fp/hard/libgcc.a

.comment        0x0000000000000000       0x43
 .comment       0x0000000000000000       0x43 /Applications/STM32CubeIDE.app/Contents/Eclipse/plugins/com.st.stm32cube.ide.mcu.externaltools.gnu-tools-for-stm32.11.3.rel1.macos64_1.1.100.202310310803/tools/bin/../lib/gcc/arm-none-eabi/11.3.1/thumb/v7e-m+fp/hard/crtbegin.o
                                         0x44 (size before relaxing)
 .comment       0x0000000000000043       0x44 ./Application/User/Core/main.o
 .comment       0x0000000000000043       0x44 ./Application/User/Core/stm32h7xx_hal_msp.o
 .comment       0x0000000000000043       0x44 ./Application/User/Core/stm32h7xx_it.o
 .comment       0x0000000000000043       0x44 ./Drivers/CMSIS/system_stm32h7xx_dualcore_boot_cm4_cm7.o
 .comment       0x0000000000000043       0x44 ./Drivers/STM32H7xx_HAL_Driver/stm32h7xx_hal.o
 .comment       0x0000000000000043       0x44 ./Drivers/STM32H7xx_HAL_Driver/stm32h7xx_hal_cortex.o
 .comment       0x0000000000000043       0x44 ./Drivers/STM32H7xx_HAL_Driver/stm32h7xx_hal_dma.o
 .comment       0x0000000000000043       0x44 ./Drivers/STM32H7xx_HAL_Driver/stm32h7xx_hal_hsem.o
 .comment       0x0000000000000043       0x44 ./Drivers/STM32H7xx_HAL_Driver/stm32h7xx_hal_pwr_ex.o
 .comment       0x0000000000000043       0x44 ./Drivers/STM32H7xx_HAL_Driver/stm32h7xx_hal_rcc.o

.debug_info     0x0000000000000000     0x6e0a
 .debug_info    0x0000000000000000      0xbe5 ./Application/User/Core/main.o
 .debug_info    0x0000000000000be5      0x464 ./Application/User/Core/stm32h7xx_hal_msp.o
 .debug_info    0x0000000000001049      0x128 ./Application/User/Core/stm32h7xx_it.o
 .debug_info    0x0000000000001171       0x23 ./Application/User/Startup/startup_stm32h745xihx.o
 .debug_info    0x0000000000001194      0x761 ./Drivers/CMSIS/system_stm32h7xx_dualcore_boot_cm4_cm7.o
 .debug_info    0x00000000000018f5     0x17b0 ./Drivers/STM32H7xx_HAL_Driver/stm32h7xx_hal.o
 .debug_info    0x00000000000030a5      0xedb ./Drivers/STM32H7xx_HAL_Driver/stm32h7xx_hal_cortex.o
 .debug_info    0x0000000000003f80      0xc39 ./Drivers/STM32H7xx_HAL_Driver/stm32h7xx_hal_dma.o
 .debug_info    0x0000000000004bb9      0x3d3 ./Drivers/STM32H7xx_HAL_Driver/stm32h7xx_hal_hsem.o
 .debug_info    0x0000000000004f8c     0x1026 ./Drivers/STM32H7xx_HAL_Driver/stm32h7xx_hal_pwr_ex.o
 .debug_info    0x0000000000005fb2      0xe58 ./Drivers/STM32H7xx_HAL_Driver/stm32h7xx_hal_rcc.o

.debug_abbrev   0x0000000000000000     0x148d
 .debug_abbrev  0x0000000000000000      0x266 ./Application/User/Core/main.o
 .debug_abbrev  0x0000000000000266       0xdb ./Application/User/Core/stm32h7xx_hal_msp.o
 .debug_abbrev  0x0000000000000341       0x73 ./Application/User/Core/stm32h7xx_it.o
 .debug_abbrev  0x00000000000003b4       0x12 ./Application/User/Startup/startup_stm32h745xihx.o
 .debug_abbrev  0x00000000000003c6      0x138 ./Drivers/CMSIS/system_stm32h7xx_dualcore_boot_cm4_cm7.o
 .debug_abbrev  0x00000000000004fe      0x29f ./Drivers/STM32H7xx_HAL_Driver/stm32h7xx_hal.o
 .debug_abbrev  0x000000000000079d      0x337 ./Drivers/STM32H7xx_HAL_Driver/stm32h7xx_hal_cortex.o
 .debug_abbrev  0x0000000000000ad4      0x248 ./Drivers/STM32H7xx_HAL_Driver/stm32h7xx_hal_dma.o
 .debug_abbrev  0x0000000000000d1c      0x1d3 ./Drivers/STM32H7xx_HAL_Driver/stm32h7xx_hal_hsem.o
 .debug_abbrev  0x0000000000000eef      0x2d6 ./Drivers/STM32H7xx_HAL_Driver/stm32h7xx_hal_pwr_ex.o
 .debug_abbrev  0x00000000000011c5      0x2c8 ./Drivers/STM32H7xx_HAL_Driver/stm32h7xx_hal_rcc.o

.debug_aranges  0x0000000000000000      0x730
 .debug_aranges
                0x0000000000000000       0x38 ./Application/User/Core/main.o
 .debug_aranges
                0x0000000000000038       0x20 ./Application/User/Core/stm32h7xx_hal_msp.o
 .debug_aranges
                0x0000000000000058       0x60 ./Application/User/Core/stm32h7xx_it.o
 .debug_aranges
                0x00000000000000b8       0x28 ./Application/User/Startup/startup_stm32h745xihx.o
 .debug_aranges
                0x00000000000000e0       0x28 ./Drivers/CMSIS/system_stm32h7xx_dualcore_boot_cm4_cm7.o
 .debug_aranges
                0x0000000000000108      0x200 ./Drivers/STM32H7xx_HAL_Driver/stm32h7xx_hal.o
 .debug_aranges
                0x0000000000000308      0x120 ./Drivers/STM32H7xx_HAL_Driver/stm32h7xx_hal_cortex.o
 .debug_aranges
                0x0000000000000428       0xa0 ./Drivers/STM32H7xx_HAL_Driver/stm32h7xx_hal_dma.o
 .debug_aranges
                0x00000000000004c8       0x70 ./Drivers/STM32H7xx_HAL_Driver/stm32h7xx_hal_hsem.o
 .debug_aranges
                0x0000000000000538      0x170 ./Drivers/STM32H7xx_HAL_Driver/stm32h7xx_hal_pwr_ex.o
 .debug_aranges
                0x00000000000006a8       0x88 ./Drivers/STM32H7xx_HAL_Driver/stm32h7xx_hal_rcc.o

.debug_rnglists
                0x0000000000000000      0x555
 .debug_rnglists
                0x0000000000000000       0x27 ./Application/User/Core/main.o
 .debug_rnglists
                0x0000000000000027       0x13 ./Application/User/Core/stm32h7xx_hal_msp.o
 .debug_rnglists
                0x000000000000003a       0x43 ./Application/User/Core/stm32h7xx_it.o
 .debug_rnglists
                0x000000000000007d       0x19 ./Application/User/Startup/startup_stm32h745xihx.o
 .debug_rnglists
                0x0000000000000096       0x1a ./Drivers/CMSIS/system_stm32h7xx_dualcore_boot_cm4_cm7.o
 .debug_rnglists
                0x00000000000000b0      0x181 ./Drivers/STM32H7xx_HAL_Driver/stm32h7xx_hal.o
 .debug_rnglists
                0x0000000000000231       0xd4 ./Drivers/STM32H7xx_HAL_Driver/stm32h7xx_hal_cortex.o
 .debug_rnglists
                0x0000000000000305       0x82 ./Drivers/STM32H7xx_HAL_Driver/stm32h7xx_hal_dma.o
 .debug_rnglists
                0x0000000000000387       0x4f ./Drivers/STM32H7xx_HAL_Driver/stm32h7xx_hal_hsem.o
 .debug_rnglists
                0x00000000000003d6      0x117 ./Drivers/STM32H7xx_HAL_Driver/stm32h7xx_hal_pwr_ex.o
 .debug_rnglists
                0x00000000000004ed       0x68 ./Drivers/STM32H7xx_HAL_Driver/stm32h7xx_hal_rcc.o

.debug_macro    0x0000000000000000    0x372f4
 .debug_macro   0x0000000000000000      0x292 ./Application/User/Core/main.o
 .debug_macro   0x0000000000000292      0xaae ./Application/User/Core/main.o
 .debug_macro   0x0000000000000d40      0x22c ./Application/User/Core/main.o
 .debug_macro   0x0000000000000f6c       0x2e ./Application/User/Core/main.o
 .debug_macro   0x0000000000000f9a       0x3b ./Application/User/Core/main.o
 .debug_macro   0x0000000000000fd5       0x22 ./Application/User/Core/main.o
 .debug_macro   0x0000000000000ff7       0x8e ./Application/User/Core/main.o
 .debug_macro   0x0000000000001085       0x51 ./Application/User/Core/main.o
 .debug_macro   0x00000000000010d6      0x103 ./Application/User/Core/main.o
 .debug_macro   0x00000000000011d9       0x6a ./Application/User/Core/main.o
 .debug_macro   0x0000000000001243      0x1df ./Application/User/Core/main.o
 .debug_macro   0x0000000000001422       0x1c ./Application/User/Core/main.o
 .debug_macro   0x000000000000143e       0x22 ./Application/User/Core/main.o
 .debug_macro   0x0000000000001460       0xfb ./Application/User/Core/main.o
 .debug_macro   0x000000000000155b     0x1011 ./Application/User/Core/main.o
 .debug_macro   0x000000000000256c      0x11f ./Application/User/Core/main.o
 .debug_macro   0x000000000000268b    0x26d43 ./Application/User/Core/main.o
 .debug_macro   0x00000000000293ce       0x6d ./Application/User/Core/main.o
 .debug_macro   0x000000000002943b     0x3d5d ./Application/User/Core/main.o
 .debug_macro   0x000000000002d198      0x174 ./Application/User/Core/main.o
 .debug_macro   0x000000000002d30c       0x61 ./Application/User/Core/main.o
 .debug_macro   0x000000000002d36d       0x2a ./Application/User/Core/main.o
 .debug_macro   0x000000000002d397       0x43 ./Application/User/Core/main.o
 .debug_macro   0x000000000002d3da       0x34 ./Application/User/Core/main.o
 .debug_macro   0x000000000002d40e       0x16 ./Application/User/Core/main.o
 .debug_macro   0x000000000002d424       0x43 ./Application/User/Core/main.o
 .debug_macro   0x000000000002d467       0x34 ./Application/User/Core/main.o
 .debug_macro   0x000000000002d49b       0x10 ./Application/User/Core/main.o
 .debug_macro   0x000000000002d4ab       0x58 ./Application/User/Core/main.o
 .debug_macro   0x000000000002d503       0x8e ./Application/User/Core/main.o
 .debug_macro   0x000000000002d591       0x1c ./Application/User/Core/main.o
 .debug_macro   0x000000000002d5ad      0x177 ./Application/User/Core/main.o
 .debug_macro   0x000000000002d724      0x369 ./Application/User/Core/main.o
 .debug_macro   0x000000000002da8d      0x19b ./Application/User/Core/main.o
 .debug_macro   0x000000000002dc28       0x5d ./Application/User/Core/main.o
 .debug_macro   0x000000000002dc85     0x3a9d ./Application/User/Core/main.o
 .debug_macro   0x0000000000031722     0x1072 ./Application/User/Core/main.o
 .debug_macro   0x0000000000032794      0x154 ./Application/User/Core/main.o
 .debug_macro   0x00000000000328e8      0x130 ./Application/User/Core/main.o
 .debug_macro   0x0000000000032a18      0x3be ./Application/User/Core/main.o
 .debug_macro   0x0000000000032dd6       0xac ./Application/User/Core/main.o
 .debug_macro   0x0000000000032e82      0x72d ./Application/User/Core/main.o
 .debug_macro   0x00000000000335af      0x228 ./Application/User/Core/main.o
 .debug_macro   0x00000000000337d7       0x66 ./Application/User/Core/main.o
 .debug_macro   0x000000000003383d      0x3bb ./Application/User/Core/main.o
 .debug_macro   0x0000000000033bf8      0x407 ./Application/User/Core/main.o
 .debug_macro   0x0000000000033fff      0x244 ./Application/User/Core/main.o
 .debug_macro   0x0000000000034243      0x3ca ./Application/User/Core/main.o
 .debug_macro   0x000000000003460d      0x4a2 ./Application/User/Core/main.o
 .debug_macro   0x0000000000034aaf       0x51 ./Application/User/Core/main.o
 .debug_macro   0x0000000000034b00       0x4a ./Application/User/Core/main.o
 .debug_macro   0x0000000000034b4a      0x22c ./Application/User/Core/main.o
 .debug_macro   0x0000000000034d76       0x67 ./Application/User/Core/main.o
 .debug_macro   0x0000000000034ddd       0xa5 ./Application/User/Core/main.o
 .debug_macro   0x0000000000034e82      0x218 ./Application/User/Core/main.o
 .debug_macro   0x000000000003509a      0x2ea ./Application/User/Core/main.o
 .debug_macro   0x0000000000035384       0x35 ./Application/User/Core/main.o
 .debug_macro   0x00000000000353b9      0x798 ./Application/User/Core/main.o
 .debug_macro   0x0000000000035b51      0x28c ./Application/User/Core/stm32h7xx_hal_msp.o
 .debug_macro   0x0000000000035ddd      0x296 ./Application/User/Core/stm32h7xx_it.o
 .debug_macro   0x0000000000036073      0x288 ./Drivers/CMSIS/system_stm32h7xx_dualcore_boot_cm4_cm7.o
 .debug_macro   0x00000000000362fb      0x2ac ./Drivers/STM32H7xx_HAL_Driver/stm32h7xx_hal.o
 .debug_macro   0x00000000000365a7      0x282 ./Drivers/STM32H7xx_HAL_Driver/stm32h7xx_hal_cortex.o
 .debug_macro   0x0000000000036829      0x2d6 ./Drivers/STM32H7xx_HAL_Driver/stm32h7xx_hal_dma.o
 .debug_macro   0x0000000000036aff      0x294 ./Drivers/STM32H7xx_HAL_Driver/stm32h7xx_hal_hsem.o
 .debug_macro   0x0000000000036d93      0x2bb ./Drivers/STM32H7xx_HAL_Driver/stm32h7xx_hal_pwr_ex.o
 .debug_macro   0x000000000003704e      0x2a6 ./Drivers/STM32H7xx_HAL_Driver/stm32h7xx_hal_rcc.o

.debug_line     0x0000000000000000     0x97d5
 .debug_line    0x0000000000000000      0x8fc ./Application/User/Core/main.o
 .debug_line    0x00000000000008fc      0x86d ./Application/User/Core/stm32h7xx_hal_msp.o
 .debug_line    0x0000000000001169      0x930 ./Application/User/Core/stm32h7xx_it.o
 .debug_line    0x0000000000001a99       0x7a ./Application/User/Startup/startup_stm32h745xihx.o
 .debug_line    0x0000000000001b13      0x9c0 ./Drivers/CMSIS/system_stm32h7xx_dualcore_boot_cm4_cm7.o
 .debug_line    0x00000000000024d3      0xf76 ./Drivers/STM32H7xx_HAL_Driver/stm32h7xx_hal.o
 .debug_line    0x0000000000003449      0xe29 ./Drivers/STM32H7xx_HAL_Driver/stm32h7xx_hal_cortex.o
 .debug_line    0x0000000000004272     0x275f ./Drivers/STM32H7xx_HAL_Driver/stm32h7xx_hal_dma.o
 .debug_line    0x00000000000069d1      0x9d9 ./Drivers/STM32H7xx_HAL_Driver/stm32h7xx_hal_hsem.o
 .debug_line    0x00000000000073aa     0x1044 ./Drivers/STM32H7xx_HAL_Driver/stm32h7xx_hal_pwr_ex.o
 .debug_line    0x00000000000083ee     0x13e7 ./Drivers/STM32H7xx_HAL_Driver/stm32h7xx_hal_rcc.o

.debug_str      0x0000000000000000   0x16e56a
 .debug_str     0x0000000000000000   0x16b559 ./Application/User/Core/main.o
                                     0x16b9ea (size before relaxing)
 .debug_str     0x000000000016b559       0x5e ./Application/User/Core/stm32h7xx_hal_msp.o
                                     0x16b511 (size before relaxing)
 .debug_str     0x000000000016b5b7       0xfb ./Application/User/Core/stm32h7xx_it.o
                                     0x16b370 (size before relaxing)
 .debug_str     0x000000000016b6b2       0x40 ./Application/User/Startup/startup_stm32h745xihx.o
                                         0x88 (size before relaxing)
 .debug_str     0x000000000016b6f2      0x123 ./Drivers/CMSIS/system_stm32h7xx_dualcore_boot_cm4_cm7.o
                                     0x16b635 (size before relaxing)
 .debug_str     0x000000000016b815     0x12bb ./Drivers/STM32H7xx_HAL_Driver/stm32h7xx_hal.o
                                     0x16c97f (size before relaxing)
 .debug_str     0x000000000016cad0      0x392 ./Drivers/STM32H7xx_HAL_Driver/stm32h7xx_hal_cortex.o
                                     0x16c0cd (size before relaxing)
 .debug_str     0x000000000016ce62      0x8b7 ./Drivers/STM32H7xx_HAL_Driver/stm32h7xx_hal_dma.o
                                     0x16bf7c (size before relaxing)
 .debug_str     0x000000000016d719      0x1d1 ./Drivers/STM32H7xx_HAL_Driver/stm32h7xx_hal_hsem.o
                                     0x16b4f8 (size before relaxing)
 .debug_str     0x000000000016d8ea      0x6d0 ./Drivers/STM32H7xx_HAL_Driver/stm32h7xx_hal_pwr_ex.o
                                     0x16bcc3 (size before relaxing)
 .debug_str     0x000000000016dfba      0x5b0 ./Drivers/STM32H7xx_HAL_Driver/stm32h7xx_hal_rcc.o
                                     0x16bbee (size before relaxing)

.debug_frame    0x0000000000000000     0x1ba8
 .debug_frame   0x0000000000000000       0x94 ./Application/User/Core/main.o
 .debug_frame   0x0000000000000094       0x38 ./Application/User/Core/stm32h7xx_hal_msp.o
 .debug_frame   0x00000000000000cc      0x104 ./Application/User/Core/stm32h7xx_it.o
 .debug_frame   0x00000000000001d0       0x58 ./Drivers/CMSIS/system_stm32h7xx_dualcore_boot_cm4_cm7.o
 .debug_frame   0x0000000000000228      0x848 ./Drivers/STM32H7xx_HAL_Driver/stm32h7xx_hal.o
 .debug_frame   0x0000000000000a70      0x4b8 ./Drivers/STM32H7xx_HAL_Driver/stm32h7xx_hal_cortex.o
 .debug_frame   0x0000000000000f28      0x2b4 ./Drivers/STM32H7xx_HAL_Driver/stm32h7xx_hal_dma.o
 .debug_frame   0x00000000000011dc      0x1bc ./Drivers/STM32H7xx_HAL_Driver/stm32h7xx_hal_hsem.o
 .debug_frame   0x0000000000001398      0x5ec ./Drivers/STM32H7xx_HAL_Driver/stm32h7xx_hal_pwr_ex.o
 .debug_frame   0x0000000000001984      0x1f8 ./Drivers/STM32H7xx_HAL_Driver/stm32h7xx_hal_rcc.o
 .debug_frame   0x0000000000001b7c       0x2c /Applications/STM32CubeIDE.app/Contents/Eclipse/plugins/com.st.stm32cube.ide.mcu.externaltools.gnu-tools-for-stm32.11.3.rel1.macos64_1.1.100.202310310803/tools/bin/../lib/gcc/arm-none-eabi/11.3.1/../../../../arm-none-eabi/lib/thumb/v7e-m+fp/hard/libc_nano.a(libc_a-init.o)

.debug_line_str
                0x0000000000000000       0x7c
 .debug_line_str
                0x0000000000000000       0x7c ./Application/User/Startup/startup_stm32h745xihx.o
                                         0x94 (size before relaxing)
