/Users/bahadirbuber/Documents/GitHub/RTOS_ML_SPI/CM7/Core/Src/main.c:144:1:__io_putchar	16	static
/Users/bahadirbuber/Documents/GitHub/RTOS_ML_SPI/CM7/Core/Src/main.c:159:13:DMA2D_CopyBuffer	48	static
/Users/bahadirbuber/Documents/GitHub/RTOS_ML_SPI/CM7/Core/Src/main.c:229:6:HAL_SPI_RxCpltCallback	16	static
/Users/bahadirbuber/Documents/GitHub/RTOS_ML_SPI/CM7/Core/Src/main.c:243:5:main	24	static,ignoring_inline_asm
/Users/bahadirbuber/Documents/GitHub/RTOS_ML_SPI/CM7/Core/Src/main.c:398:6:SystemClock_Config	120	static
/Users/bahadirbuber/Documents/GitHub/RTOS_ML_SPI/CM7/Core/Src/main.c:460:13:MX_CRC_Init	8	static
/Users/bahadirbuber/Documents/GitHub/RTOS_ML_SPI/CM7/Core/Src/main.c:491:13:MX_DMA2D_Init	8	static
/Users/bahadirbuber/Documents/GitHub/RTOS_ML_SPI/CM7/Core/Src/main.c:531:13:MX_JPEG_Init	8	static
/Users/bahadirbuber/Documents/GitHub/RTOS_ML_SPI/CM7/Core/Src/main.c:557:13:MX_LTDC_Init	64	static
/Users/bahadirbuber/Documents/GitHub/RTOS_ML_SPI/CM7/Core/Src/main.c:619:13:MX_QUADSPI_Init	8	static
/Users/bahadirbuber/Documents/GitHub/RTOS_ML_SPI/CM7/Core/Src/main.c:653:13:MX_SPI2_Init	8	static
/Users/bahadirbuber/Documents/GitHub/RTOS_ML_SPI/CM7/Core/Src/main.c:700:13:MX_USART3_UART_Init	8	static
/Users/bahadirbuber/Documents/GitHub/RTOS_ML_SPI/CM7/Core/Src/main.c:748:13:MX_DMA_Init	16	static
/Users/bahadirbuber/Documents/GitHub/RTOS_ML_SPI/CM7/Core/Src/main.c:786:13:MX_MDMA_Init	16	static
/Users/bahadirbuber/Documents/GitHub/RTOS_ML_SPI/CM7/Core/Src/main.c:801:6:MX_FMC_Init	40	static
/Users/bahadirbuber/Documents/GitHub/RTOS_ML_SPI/CM7/Core/Src/main.c:852:13:MX_GPIO_Init	72	static
/Users/bahadirbuber/Documents/GitHub/RTOS_ML_SPI/CM7/Core/Src/main.c:913:6:StartJPEGDecodeTask	56	static
/Users/bahadirbuber/Documents/GitHub/RTOS_ML_SPI/CM7/Core/Src/main.c:953:6:StartDefaultTask	160	static
/Users/bahadirbuber/Documents/GitHub/RTOS_ML_SPI/CM7/Core/Src/main.c:997:13:TouchGFX_Task	16	static
/Users/bahadirbuber/Documents/GitHub/RTOS_ML_SPI/CM7/Core/Src/main.c:1010:6:MPU_Config	24	static
/Users/bahadirbuber/Documents/GitHub/RTOS_ML_SPI/CM7/Core/Src/main.c:1065:6:HAL_TIM_PeriodElapsedCallback	16	static
/Users/bahadirbuber/Documents/GitHub/RTOS_ML_SPI/CM7/Core/Src/main.c:1082:6:Error_Handler	4	static,ignoring_inline_asm
