/Users/bahadirbuber/Documents/GitHub/RTOS_ML_SPI/CM7/Core/Src/main.c:157:13:DMA2D_CopyBuffer	7
/Users/bahadirbuber/Documents/GitHub/RTOS_ML_SPI/CM7/Core/Src/main.c:227:6:HAL_SPI_RxCpltCallback	2
/Users/bahadirbuber/Documents/GitHub/RTOS_ML_SPI/CM7/Core/Src/main.c:239:5:main	11
/Users/bahadirbuber/Documents/GitHub/RTOS_ML_SPI/CM7/Core/Src/main.c:394:6:SystemClock_Config	4
/Users/bahadirbuber/Documents/GitHub/RTOS_ML_SPI/CM7/Core/Src/main.c:457:13:MX_CRC_Init	2
/Users/bahadirbuber/Documents/GitHub/RTOS_ML_SPI/CM7/Core/Src/main.c:488:13:MX_DMA2D_Init	3
/Users/bahadirbuber/Documents/GitHub/RTOS_ML_SPI/CM7/Core/Src/main.c:528:13:MX_JPEG_Init	2
/Users/bahadirbuber/Documents/GitHub/RTOS_ML_SPI/CM7/Core/Src/main.c:554:13:MX_LTDC_Init	3
/Users/bahadirbuber/Documents/GitHub/RTOS_ML_SPI/CM7/Core/Src/main.c:616:13:MX_QUADSPI_Init	2
/Users/bahadirbuber/Documents/GitHub/RTOS_ML_SPI/CM7/Core/Src/main.c:650:13:MX_SPI2_Init	2
/Users/bahadirbuber/Documents/GitHub/RTOS_ML_SPI/CM7/Core/Src/main.c:697:13:MX_DMA_Init	2
/Users/bahadirbuber/Documents/GitHub/RTOS_ML_SPI/CM7/Core/Src/main.c:732:13:MX_MDMA_Init	1
/Users/bahadirbuber/Documents/GitHub/RTOS_ML_SPI/CM7/Core/Src/main.c:747:6:MX_FMC_Init	2
/Users/bahadirbuber/Documents/GitHub/RTOS_ML_SPI/CM7/Core/Src/main.c:798:13:MX_GPIO_Init	1
/Users/bahadirbuber/Documents/GitHub/RTOS_ML_SPI/CM7/Core/Src/main.c:859:6:StartJPEGDecodeTask	4
/Users/bahadirbuber/Documents/GitHub/RTOS_ML_SPI/CM7/Core/Src/main.c:900:6:StartDefaultTask	21
/Users/bahadirbuber/Documents/GitHub/RTOS_ML_SPI/CM7/Core/Src/main.c:945:13:TouchGFX_Task	1
/Users/bahadirbuber/Documents/GitHub/RTOS_ML_SPI/CM7/Core/Src/main.c:958:6:MPU_Config	1
/Users/bahadirbuber/Documents/GitHub/RTOS_ML_SPI/CM7/Core/Src/main.c:1014:6:HAL_TIM_PeriodElapsedCallback	2
/Users/bahadirbuber/Documents/GitHub/RTOS_ML_SPI/CM7/Core/Src/main.c:1031:6:Error_Handler	1
