/Users/bahadirbuber/Documents/GitHub/RTOS_ML_SPI/CM7/Core/Src/main.c:144:1:__io_putchar	16	static
/Users/bahadirbuber/Documents/GitHub/RTOS_ML_SPI/CM7/Core/Src/main.c:159:13:DMA2D_CopyBuffer	48	static
/Users/bahadirbuber/Documents/GitHub/RTOS_ML_SPI/CM7/Core/Src/main.c:229:6:HAL_SPI_RxCpltCallback	16	static
/Users/bahadirbuber/Documents/GitHub/RTOS_ML_SPI/CM7/Core/Src/main.c:241:5:main	32	static,ignoring_inline_asm
/Users/bahadirbuber/Documents/GitHub/RTOS_ML_SPI/CM7/Core/Src/main.c:397:6:SystemClock_Config	120	static
/Users/bahadirbuber/Documents/GitHub/RTOS_ML_SPI/CM7/Core/Src/main.c:459:13:MX_CRC_Init	8	static
/Users/bahadirbuber/Documents/GitHub/RTOS_ML_SPI/CM7/Core/Src/main.c:490:13:MX_DMA2D_Init	8	static
/Users/bahadirbuber/Documents/GitHub/RTOS_ML_SPI/CM7/Core/Src/main.c:530:13:MX_JPEG_Init	8	static
/Users/bahadirbuber/Documents/GitHub/RTOS_ML_SPI/CM7/Core/Src/main.c:556:13:MX_LTDC_Init	64	static
/Users/bahadirbuber/Documents/GitHub/RTOS_ML_SPI/CM7/Core/Src/main.c:618:13:MX_QUADSPI_Init	8	static
/Users/bahadirbuber/Documents/GitHub/RTOS_ML_SPI/CM7/Core/Src/main.c:652:13:MX_SPI2_Init	8	static
/Users/bahadirbuber/Documents/GitHub/RTOS_ML_SPI/CM7/Core/Src/main.c:699:13:MX_USART3_UART_Init	8	static
/Users/bahadirbuber/Documents/GitHub/RTOS_ML_SPI/CM7/Core/Src/main.c:747:13:MX_DMA_Init	16	static
/Users/bahadirbuber/Documents/GitHub/RTOS_ML_SPI/CM7/Core/Src/main.c:785:13:MX_MDMA_Init	16	static
/Users/bahadirbuber/Documents/GitHub/RTOS_ML_SPI/CM7/Core/Src/main.c:800:6:MX_FMC_Init	40	static
/Users/bahadirbuber/Documents/GitHub/RTOS_ML_SPI/CM7/Core/Src/main.c:851:13:MX_GPIO_Init	72	static
/Users/bahadirbuber/Documents/GitHub/RTOS_ML_SPI/CM7/Core/Src/main.c:922:6:StartJPEGDecodeTask	56	static
/Users/bahadirbuber/Documents/GitHub/RTOS_ML_SPI/CM7/Core/Src/main.c:963:6:StartDefaultTask	160	static
/Users/bahadirbuber/Documents/GitHub/RTOS_ML_SPI/CM7/Core/Src/main.c:1008:13:TouchGFX_Task	16	static
/Users/bahadirbuber/Documents/GitHub/RTOS_ML_SPI/CM7/Core/Src/main.c:1021:6:MPU_Config	24	static
/Users/bahadirbuber/Documents/GitHub/RTOS_ML_SPI/CM7/Core/Src/main.c:1076:6:HAL_TIM_PeriodElapsedCallback	16	static
/Users/bahadirbuber/Documents/GitHub/RTOS_ML_SPI/CM7/Core/Src/main.c:1093:6:Error_Handler	4	static,ignoring_inline_asm
