/Users/bahadirbuber/Documents/GitHub/RTOS_ML_SPI/CM7/Core/Src/stm32h7xx_it.c:79:6:NMI_Handler	4	static
/Users/bahadirbuber/Documents/GitHub/RTOS_ML_SPI/CM7/Core/Src/stm32h7xx_it.c:94:6:HardFault_Handler	4	static
/Users/bahadirbuber/Documents/GitHub/RTOS_ML_SPI/CM7/Core/Src/stm32h7xx_it.c:109:6:MemManage_Handler	4	static
/Users/bahadirbuber/Documents/GitHub/RTOS_ML_SPI/CM7/Core/Src/stm32h7xx_it.c:124:6:BusFault_Handler	4	static
/Users/bahadirbuber/Documents/GitHub/RTOS_ML_SPI/CM7/Core/Src/stm32h7xx_it.c:139:6:UsageFault_Handler	4	static
/Users/bahadirbuber/Documents/GitHub/RTOS_ML_SPI/CM7/Core/Src/stm32h7xx_it.c:154:6:DebugMon_Handler	4	static
/Users/bahadirbuber/Documents/GitHub/RTOS_ML_SPI/CM7/Core/Src/stm32h7xx_it.c:174:6:DMA1_Stream1_IRQHandler	8	static
/Users/bahadirbuber/Documents/GitHub/RTOS_ML_SPI/CM7/Core/Src/stm32h7xx_it.c:188:6:SPI2_IRQHandler	8	static
/Users/bahadirbuber/Documents/GitHub/RTOS_ML_SPI/CM7/Core/Src/stm32h7xx_it.c:202:6:TIM6_DAC_IRQHandler	8	static
/Users/bahadirbuber/Documents/GitHub/RTOS_ML_SPI/CM7/Core/Src/stm32h7xx_it.c:216:6:LTDC_IRQHandler	8	static
/Users/bahadirbuber/Documents/GitHub/RTOS_ML_SPI/CM7/Core/Src/stm32h7xx_it.c:230:6:DMA2D_IRQHandler	8	static
/Users/bahadirbuber/Documents/GitHub/RTOS_ML_SPI/CM7/Core/Src/stm32h7xx_it.c:244:6:QUADSPI_IRQHandler	8	static
/Users/bahadirbuber/Documents/GitHub/RTOS_ML_SPI/CM7/Core/Src/stm32h7xx_it.c:258:6:JPEG_IRQHandler	8	static
/Users/bahadirbuber/Documents/GitHub/RTOS_ML_SPI/CM7/Core/Src/stm32h7xx_it.c:272:6:MDMA_IRQHandler	8	static
