/Users/bahadirbuber/Documents/GitHub/RTOS_ML_SPI/CM7/Core/Src/stm32h7xx_hal_msp.c:70:6:HAL_MspInit	16	static
/Users/bahadirbuber/Documents/GitHub/RTOS_ML_SPI/CM7/Core/Src/stm32h7xx_hal_msp.c:93:6:HAL_CRC_MspInit	24	static
/Users/bahadirbuber/Documents/GitHub/RTOS_ML_SPI/CM7/Core/Src/stm32h7xx_hal_msp.c:115:6:HAL_CRC_MspDeInit	16	static
/Users/bahadirbuber/Documents/GitHub/RTOS_ML_SPI/CM7/Core/Src/stm32h7xx_hal_msp.c:137:6:HAL_DMA2D_MspInit	24	static
/Users/bahadirbuber/Documents/GitHub/RTOS_ML_SPI/CM7/Core/Src/stm32h7xx_hal_msp.c:162:6:HAL_DMA2D_MspDeInit	16	static
/Users/bahadirbuber/Documents/GitHub/RTOS_ML_SPI/CM7/Core/Src/stm32h7xx_hal_msp.c:187:6:HAL_JPEG_MspInit	24	static
/Users/bahadirbuber/Documents/GitHub/RTOS_ML_SPI/CM7/Core/Src/stm32h7xx_hal_msp.c:270:6:HAL_JPEG_MspDeInit	16	static
/Users/bahadirbuber/Documents/GitHub/RTOS_ML_SPI/CM7/Core/Src/stm32h7xx_hal_msp.c:299:6:HAL_LTDC_MspInit	256	static
/Users/bahadirbuber/Documents/GitHub/RTOS_ML_SPI/CM7/Core/Src/stm32h7xx_hal_msp.c:411:6:HAL_LTDC_MspDeInit	16	static
/Users/bahadirbuber/Documents/GitHub/RTOS_ML_SPI/CM7/Core/Src/stm32h7xx_hal_msp.c:479:6:HAL_QSPI_MspInit	256	static
/Users/bahadirbuber/Documents/GitHub/RTOS_ML_SPI/CM7/Core/Src/stm32h7xx_hal_msp.c:575:6:HAL_QSPI_MspDeInit	16	static
/Users/bahadirbuber/Documents/GitHub/RTOS_ML_SPI/CM7/Core/Src/stm32h7xx_hal_msp.c:620:6:HAL_SPI_MspInit	248	static
/Users/bahadirbuber/Documents/GitHub/RTOS_ML_SPI/CM7/Core/Src/stm32h7xx_hal_msp.c:705:6:HAL_SPI_MspDeInit	16	static
/Users/bahadirbuber/Documents/GitHub/RTOS_ML_SPI/CM7/Core/Src/stm32h7xx_hal_msp.c:738:13:HAL_FMC_MspInit	232	static
/Users/bahadirbuber/Documents/GitHub/RTOS_ML_SPI/CM7/Core/Src/stm32h7xx_hal_msp.c:847:6:HAL_SDRAM_MspInit	16	static
/Users/bahadirbuber/Documents/GitHub/RTOS_ML_SPI/CM7/Core/Src/stm32h7xx_hal_msp.c:859:13:HAL_FMC_MspDeInit	8	static
/Users/bahadirbuber/Documents/GitHub/RTOS_ML_SPI/CM7/Core/Src/stm32h7xx_hal_msp.c:931:6:HAL_SDRAM_MspDeInit	16	static
