C:/TouchGFXProjects/RTOS_ML_SPI/CM7/Core/Src/stm32h7xx_hal_msp.c:72:6:HAL_MspInit	16	static
C:/TouchGFXProjects/RTOS_ML_SPI/CM7/Core/Src/stm32h7xx_hal_msp.c:95:6:HAL_CRC_MspInit	24	static
C:/TouchGFXProjects/RTOS_ML_SPI/CM7/Core/Src/stm32h7xx_hal_msp.c:117:6:HAL_CRC_MspDeInit	16	static
C:/TouchGFXProjects/RTOS_ML_SPI/CM7/Core/Src/stm32h7xx_hal_msp.c:139:6:HAL_DMA2D_MspInit	24	static
C:/TouchGFXProjects/RTOS_ML_SPI/CM7/Core/Src/stm32h7xx_hal_msp.c:164:6:HAL_DMA2D_MspDeInit	16	static
C:/TouchGFXProjects/RTOS_ML_SPI/CM7/Core/Src/stm32h7xx_hal_msp.c:189:6:HAL_JPEG_MspInit	24	static
C:/TouchGFXProjects/RTOS_ML_SPI/CM7/Core/Src/stm32h7xx_hal_msp.c:272:6:HAL_JPEG_MspDeInit	16	static
C:/TouchGFXProjects/RTOS_ML_SPI/CM7/Core/Src/stm32h7xx_hal_msp.c:301:6:HAL_LTDC_MspInit	256	static
C:/TouchGFXProjects/RTOS_ML_SPI/CM7/Core/Src/stm32h7xx_hal_msp.c:413:6:HAL_LTDC_MspDeInit	16	static
C:/TouchGFXProjects/RTOS_ML_SPI/CM7/Core/Src/stm32h7xx_hal_msp.c:481:6:HAL_QSPI_MspInit	256	static
C:/TouchGFXProjects/RTOS_ML_SPI/CM7/Core/Src/stm32h7xx_hal_msp.c:577:6:HAL_QSPI_MspDeInit	16	static
C:/TouchGFXProjects/RTOS_ML_SPI/CM7/Core/Src/stm32h7xx_hal_msp.c:622:6:HAL_SPI_MspInit	248	static
C:/TouchGFXProjects/RTOS_ML_SPI/CM7/Core/Src/stm32h7xx_hal_msp.c:707:6:HAL_SPI_MspDeInit	16	static
C:/TouchGFXProjects/RTOS_ML_SPI/CM7/Core/Src/stm32h7xx_hal_msp.c:744:6:HAL_UART_MspInit	240	static
C:/TouchGFXProjects/RTOS_ML_SPI/CM7/Core/Src/stm32h7xx_hal_msp.c:813:6:HAL_UART_MspDeInit	16	static
C:/TouchGFXProjects/RTOS_ML_SPI/CM7/Core/Src/stm32h7xx_hal_msp.c:843:13:HAL_FMC_MspInit	232	static
C:/TouchGFXProjects/RTOS_ML_SPI/CM7/Core/Src/stm32h7xx_hal_msp.c:952:6:HAL_SDRAM_MspInit	16	static
C:/TouchGFXProjects/RTOS_ML_SPI/CM7/Core/Src/stm32h7xx_hal_msp.c:964:13:HAL_FMC_MspDeInit	8	static
C:/TouchGFXProjects/RTOS_ML_SPI/CM7/Core/Src/stm32h7xx_hal_msp.c:1036:6:HAL_SDRAM_MspDeInit	16	static
